03-25 15:43:21.705  6649  6717 E Finsky  : [61] ItemStore: getItems RPC failed for item com.android.systemui.auto_generated_rro_vendor__
03-25 15:43:21.705  6649  6709 E Finsky  : [59] ItemStore: getItems RPC failed for item com.android.cts.priv.ctsshim
03-25 15:43:21.705  6649  6709 E Finsky  : [59] ItemStore: getItems RPC failed for item com.android.systemui.emulation.pixel_9_pro_xl
03-25 15:43:21.705  6649  6709 E Finsky  : [59] ItemStore: getItems RPC failed for item com.android.managedprovisioning.auto_generated_rro_product__
03-25 15:43:21.705  6649  6709 E Finsky  : [59] ItemStore: getItems RPC failed for item com.android.dynsystem
03-25 15:43:21.705  6649  6723 E Finsky  : [62] ItemStore: getItems RPC failed for item com.android.location.fused
03-25 15:43:21.706  6649  6709 E Finsky  : [59] ItemStore: getItems RPC failed for item com.android.providers.telephony
03-25 15:43:21.706  6649  6723 E Finsky  : [62] ItemStore: getItems RPC failed for item com.android.microdroid.empty_payload
03-25 15:43:21.706  6649  6723 E Finsky  : [62] ItemStore: getItems RPC failed for item com.android.systemui.emulation.pixel_9a
03-25 15:43:21.706  6649  6709 E Finsky  : [59] ItemStore: getItems RPC failed for item com.google.android.networkstack.tethering.emulator
03-25 15:43:21.706  6649  6723 E Finsky  : [62] ItemStore: getItems RPC failed for item com.android.hardware.dumpstate
03-25 15:43:21.706  6649  6709 E Finsky  : [59] ItemStore: getItems RPC failed for item com.android.server.telecom
03-25 15:43:21.706  6649  6709 E Finsky  : [59] ItemStore: getItems RPC failed for item com.android.systemui.emulation.pixel_10_pro_xl
03-25 15:43:21.706  6649  6723 E Finsky  : [62] ItemStore: getItems RPC failed for item com.android.systemui.emulation.pixel_9
03-25 15:43:21.706  6649  6709 E Finsky  : [59] ItemStore: getItems RPC failed for item com.android.providers.telephony.auto_generated_characteristics_rro
03-25 15:43:21.706  6649  6723 E Finsky  : [62] ItemStore: getItems RPC failed for item com.android.systemui.emulation.pixel_8
03-25 15:43:21.706  6649  6717 E Finsky  : [61] ItemStore: getItems RPC failed for item com.android.camera2
03-25 15:43:21.706  6649  6709 E Finsky  : [59] ItemStore: getItems RPC failed for item com.android.systemui.auto_generated_rro_product__
03-25 15:43:21.706  6649  6709 E Finsky  : [59] ItemStore: getItems RPC failed for item com.android.hardware.power
03-25 15:43:21.706  6649  6717 E Finsky  : [61] ItemStore: getItems RPC failed for item com.google.android.cellbroadcastservice
03-25 15:43:21.707  6649  6717 E Finsky  : [61] ItemStore: getItems RPC failed for item com.google.android.hotspot2.osulogin
03-25 15:43:21.707  6649  6717 E Finsky  : [61] ItemStore: getItems RPC failed for item com.google.android.runtime
03-25 15:43:21.707  6649  6717 E Finsky  : [61] ItemStore: getItems RPC failed for item com.android.providers.partnerbookmarks
03-25 15:43:21.707  6649  6717 E Finsky  : [61] ItemStore: getItems RPC failed for item com.google.android.glasses.core
03-25 15:43:21.707  6649  6717 E Finsky  : [61] ItemStore: getItems RPC failed for item com.android.musicfx
03-25 15:43:21.707  6649  6717 E Finsky  : [61] ItemStore: getItems RPC failed for item com.android.systemui.emulation.pixel_fold
03-25 15:43:21.707  6649  6717 E Finsky  : [61] ItemStore: getItems RPC failed for item com.google.android.telephony.satellite
03-25 15:43:21.707  6649  6717 E Finsky  : [61] ItemStore: getItems RPC failed for item com.android.providers.downloads
03-25 15:43:21.707  6649  6717 E Finsky  : [61] ItemStore: getItems RPC failed for item com.android.internal.emulation.pixel_9
03-25 15:43:21.707  6649  6717 E Finsky  : [61] ItemStore: getItems RPC failed for item com.android.server.telecom.auto_generated_rro_product__
03-25 15:43:21.707  6649  6717 E Finsky  : [61] ItemStore: getItems RPC failed for item com.google.android.uwb.resources.goldfish.overlay
03-25 15:43:21.707  6649  6717 E Finsky  : [61] ItemStore: getItems RPC failed for item com.google.android.adservices.api
03-25 15:43:21.707  6649  6717 E Finsky  : [61] ItemStore: getItems RPC failed for item com.android.compos
03-25 15:43:21.707  6649  6717 E Finsky  : [61] ItemStore: getItems RPC failed for item com.android.cameraextensions
03-25 15:43:21.707  6649  6717 E Finsky  : [61] ItemStore: getItems RPC failed for item com.android.internal.emulation.pixel_fold
03-25 15:43:21.707  6649  6717 E Finsky  : [61] ItemStore: getItems RPC failed for item com.android.internal.emulation.pixel_4a
03-25 15:43:21.707  6649  6717 E Finsky  : [61] ItemStore: getItems RPC failed for item com.android.wallpaper
03-25 15:43:21.707  6649  6717 E Finsky  : [61] ItemStore: getItems RPC failed for item android.auto_generated_rro_product__
03-25 15:43:21.708  6649  6709 E Finsky  : [59] ItemStore: getItems RPC failed for item com.android.storagemanager.auto_generated_rro_product__
03-25 15:43:21.708  6649  6717 E Finsky  : [61] ItemStore: getItems RPC failed for item com.android.i18n
03-25 15:43:21.708  6649  6717 E Finsky  : [61] ItemStore: getItems RPC failed for item com.android.internal.emulation.pixel_6_pro
03-25 15:43:21.708  6649  6709 E Finsky  : [59] ItemStore: getItems RPC failed for item com.android.carrierconfig.auto_generated_rro_product__
03-25 15:43:21.708  6649  6723 E Finsky  : [62] ItemStore: getItems RPC failed for item com.android.virtualization.terminal
03-25 15:43:21.708  6649  6709 E Finsky  : [59] ItemStore: getItems RPC failed for item com.google.android.connectivity.resources.goldfish.overlay
03-25 15:43:21.708  6649  6723 E Finsky  : [62] ItemStore: getItems RPC failed for item com.android.internal.emulation.pixel_7a
03-25 15:43:21.708  6649  6717 E Finsky  : [61] ItemStore: getItems RPC failed for item com.google.android.bluetooth
03-25 15:43:21.708  6649  6723 E Finsky  : [62] ItemStore: getItems RPC failed for item com.android.systemui.emulation.pixel_7_pro
03-25 15:43:21.708  6649  6717 E Finsky  : [61] ItemStore: getItems RPC failed for item com.google.android.healthconnect.controller
03-25 15:43:21.708  6649  6717 E Finsky  : [61] ItemStore: getItems RPC failed for item com.android.systemui.emulation.pixel_5
03-25 15:43:21.708  6649  6717 E Finsky  : [61] ItemStore: getItems RPC failed for item com.android.backupconfirm
03-25 15:43:21.708  6649  6717 E Finsky  : [61] ItemStore: getItems RPC failed for item com.android.internal.ranchu.commonoverlay
03-25 15:43:21.708  6649  6723 E Finsky  : [62] ItemStore: getItems RPC failed for item com.android.internal.emulation.pixel_9a
03-25 15:43:21.708  6649  6717 E Finsky  : [61] ItemStore: getItems RPC failed for item com.android.hardware.contexthub
03-25 15:43:21.708  6649  6717 E Finsky  : [61] ItemStore: getItems RPC failed for item com.android.bluetoothmidiservice
03-25 15:43:21.708  6649  6717 E Finsky  : [61] ItemStore: getItems RPC failed for item android.auto_generated_rro_vendor__
03-25 15:43:21.708  6649  6709 E Finsky  : [59] ItemStore: getItems RPC failed for item com.google.android.onetimeinitializer
03-25 15:43:21.708  6649  6717 E Finsky  : [61] ItemStore: getItems RPC failed for item com.google.android.packageinstaller
03-25 15:43:21.708  6649  6717 E Finsky  : [61] ItemStore: getItems RPC failed for item com.google.android.appsearch.apk
03-25 15:43:21.708  6649  6709 E Finsky  : [59] ItemStore: getItems RPC failed for item com.android.systemui.accessibility.accessibilitymenu
03-25 15:43:21.708  6649  6709 E Finsky  : [59] ItemStore: getItems RPC failed for item com.android.devicediagnostics.auto_generated_rro_product__
03-25 15:43:21.708  6649  6709 E Finsky  : [59] ItemStore: getItems RPC failed for item com.google.android.nfc
03-25 15:43:21.708  6649  6717 E Finsky  : [61] ItemStore: getItems RPC failed for item com.google.android.sdksandbox
03-25 15:43:21.708  6649  6709 E Finsky  : [59] ItemStore: getItems RPC failed for item com.android.cellbroadcastreceiver
03-25 15:43:21.709  6649  6717 E Finsky  : [61] ItemStore: getItems RPC failed for item com.android.carrierconfig.auto_generated_rro_vendor__
03-25 15:43:21.709  6649  6723 E Finsky  : [62] ItemStore: getItems RPC failed for item com.google.android.partnersetup
03-25 15:43:21.709  6649  6717 E Finsky  : [61] ItemStore: getItems RPC failed for item com.google.android.tag
03-25 15:43:21.709  6649  6709 E Finsky  : [59] ItemStore: getItems RPC failed for item com.android.vpndialogs
03-25 15:43:21.709  6649  6717 E Finsky  : [61] ItemStore: getItems RPC failed for item com.android.providers.blockednumber
03-25 15:43:21.709  6649  6717 E Finsky  : [61] ItemStore: getItems RPC failed for item com.android.providers.media
03-25 15:43:21.709  6649  6723 E Finsky  : [62] ItemStore: getItems RPC failed for item com.google.android.apps.nexuslauncher
03-25 15:43:21.709  6649  6723 E Finsky  : [62] ItemStore: getItems RPC failed for item com.android.internal.display.cutout.emulation.corner
03-25 15:43:21.709  6649  6717 E Finsky  : [61] ItemStore: getItems RPC failed for item com.android.systemui.emulation.pixel_6
03-25 15:43:21.709  6649  6709 E Finsky  : [59] ItemStore: getItems RPC failed for item com.android.hardware.gatekeeper
03-25 15:43:21.709  6649  6717 E Finsky  : [61] ItemStore: getItems RPC failed for item com.android.internal.systemui.navbar.twobutton
03-25 15:43:21.709  6649  6709 E Finsky  : [59] ItemStore: getItems RPC failed for item com.android.proxyhandler
03-25 15:43:21.709  6649  6709 E Finsky  : [59] ItemStore: getItems RPC failed for item com.android.internal.emulation.pixel_3
03-25 15:43:21.709  6649  6717 E Finsky  : [61] ItemStore: getItems RPC failed for item com.android.systemui
03-25 15:43:21.709  6649  6723 E Finsky  : [62] ItemStore: getItems RPC failed for item com.google.android.overlay.pixelconfigcommon
03-25 15:43:21.709  6649  6709 E Finsky  : [59] ItemStore: getItems RPC failed for item com.android.systemui.emulation.pixel_3
03-25 15:43:21.709  6649  6723 E Finsky  : [62] ItemStore: getItems RPC failed for item com.google.android.printservice.recommendation
03-25 15:43:21.709  6649  6709 E Finsky  : [59] ItemStore: getItems RPC failed for item com.android.shell
03-25 15:43:21.709  6649  6723 E Finsky  : [62] ItemStore: getItems RPC failed for item com.android.ons
03-25 15:43:21.709  6649  6709 E Finsky  : [59] ItemStore: getItems RPC failed for item com.android.systemui.emulation.pixel_8a
03-25 15:43:21.709  6649  6717 E Finsky  : [61] ItemStore: getItems RPC failed for item com.android.cts.ctsshim
03-25 15:43:21.709  6649  6709 E Finsky  : [59] ItemStore: getItems RPC failed for item com.android.companiondevicemanager.auto_generated_characteristics_rro
03-25 15:43:21.709  6649  6717 E Finsky  : [61] ItemStore: getItems RPC failed for item com.android.providers.telephony.auto_generated_rro_product__
03-25 15:43:21.709  6649  6717 E Finsky  : [61] ItemStore: getItems RPC failed for item com.android.compos.payload
03-25 15:43:21.709  6649  6709 E Finsky  : [59] ItemStore: getItems RPC failed for item com.android.internal.display.cutout.emulation.tall
03-25 15:43:21.709  6649  6709 E Finsky  : [59] ItemStore: getItems RPC failed for item com.google.android.rkpdapp
03-25 15:43:21.709  6649  6717 E Finsky  : [61] ItemStore: getItems RPC failed for item android.auto_generated_characteristics_rro
03-25 15:43:21.710  6649  6723 E Finsky  : [62] ItemStore: getItems RPC failed for item com.android.providers.contacts
03-25 15:43:21.710  6649  6709 E Finsky  : [59] ItemStore: getItems RPC failed for item com.google.android.feedback
03-25 15:43:21.710  6649  6723 E Finsky  : [62] ItemStore: getItems RPC failed for item com.android.providers.settings.auto_generated_rro_product__
03-25 15:43:21.710  6649  6709 E Finsky  : [59] ItemStore: getItems RPC failed for item com.android.wallpaperbackup
03-25 15:43:21.710  6649  6723 E Finsky  : [62] ItemStore: getItems RPC failed for item com.android.mtp
03-25 15:43:21.710  6649  6716 E Finsky  : [60] ItemStore: getItems RPC failed for item com.google.android.server.deviceconfig.resources
03-25 15:43:21.710  6649  6723 E Finsky  : [62] ItemStore: getItems RPC failed for item com.android.providers.userdictionary
03-25 15:43:21.710  6649  6723 E Finsky  : [62] ItemStore: getItems RPC failed for item com.google.android.settings.intelligence
03-25 15:43:21.710  6649  6709 E Finsky  : [59] ItemStore: getItems RPC failed for item com.android.devicelock
03-25 15:43:21.710  6649  6717 E Finsky  : [61] ItemStore: getItems RPC failed for item com.google.android.wifi.resources
03-25 15:43:21.710  6649  6717 E Finsky  : [61] ItemStore: getItems RPC failed for item com.google.android.overlay.largescreensettingsprovider
03-25 15:43:21.710  6649  6717 E Finsky  : [61] ItemStore: getItems RPC failed for item com.google.android.apps.customization.pixel
03-25 15:43:21.710  6649  6717 E Finsky  : [61] ItemStore: getItems RPC failed for item com.android.internal.systemui.navbar.threebutton
03-25 15:43:21.710  6649  6723 E Finsky  : [62] ItemStore: getItems RPC failed for item com.android.systemui.emulation.pixel_8_pro
03-25 15:43:21.710  6649  6723 E Finsky  : [62] ItemStore: getItems RPC failed for item com.android.DeviceAsWebcam
03-25 15:43:21.710  6649  6723 E Finsky  : [62] ItemStore: getItems RPC failed for item com.android.virt
03-25 15:43:21.710  6649  6716 E Finsky  : [60] ItemStore: getItems RPC failed for item com.google.android.overlay.googleconfig
03-25 15:43:21.710  6649  6716 E Finsky  : [60] ItemStore: getItems RPC failed for item com.android.internal.emulation.pixel_9_pro_xl
03-25 15:43:21.711  6649  6717 E Finsky  : [61] ItemStore: getItems RPC failed for item com.google.android.safetycenter.resources
03-25 15:43:21.711  6649  6716 E Finsky  : [60] ItemStore: getItems RPC failed for item com.android.internal.systemui.navbar.transparent
03-25 15:43:21.711  6649  6716 E Finsky  : [60] ItemStore: getItems RPC failed for item com.android.apex.cts.shim
03-25 15:43:21.711  6649  6709 E Finsky  : [59] ItemStore: getItems RPC failed for item com.android.internal.emulation.pixel_9_pro
03-25 15:43:21.711  6649  6716 E Finsky  : [60] ItemStore: getItems RPC failed for item com.android.internal.emulation.pixel_3_xl
03-25 15:43:21.711  6649  6716 E Finsky  : [60] ItemStore: getItems RPC failed for item com.android.internal.emulation.pixel_6
03-25 15:43:21.711  6649  6723 E Finsky  : [62] ItemStore: getItems RPC failed for item com.android.systemui.emulation.pixel_3a_xl
03-25 15:43:21.711  6649  6723 E Finsky  : [62] ItemStore: getItems RPC failed for item com.android.hardware.cas
03-25 15:43:21.711  6649  6723 E Finsky  : [62] ItemStore: getItems RPC failed for item com.google.android.providers.media.module
03-25 15:43:21.711  6649  6723 E Finsky  : [62] ItemStore: getItems RPC failed for item com.android.wallpaper.livepicker
03-25 15:43:21.711  6649  6716 E Finsky  : [60] ItemStore: getItems RPC failed for item com.android.providers.downloads.ui
03-25 15:43:21.711  6649  6716 E Finsky  : [60] ItemStore: getItems RPC failed for item com.google.android.gsf
03-25 15:43:21.711  6649  6717 E Finsky  : [61] ItemStore: getItems RPC failed for item com.android.internal.systemui.navbar.gestural
03-25 15:43:21.711  6649  6717 E Finsky  : [61] ItemStore: getItems RPC failed for item com.google.android.connectivity.resources
03-25 15:43:21.711  6649  6717 E Finsky  : [61] ItemStore: getItems RPC failed for item com.google.android.googlesdksetup
03-25 15:43:21.711  6649  6717 E Finsky  : [61] ItemStore: getItems RPC failed for item com.android.systemui.emulation.pixel_7
03-25 15:43:21.711  6649  6716 E Finsky  : [60] ItemStore: getItems RPC failed for item com.android.internal.emulation.pixel_8_pro
03-25 15:43:21.711  6649  6716 E Finsky  : [60] ItemStore: getItems RPC failed for item com.android.systemui.emulation.pixel_4a
03-25 15:43:21.711  6649  6709 E Finsky  : [59] ItemStore: getItems RPC failed for item com.android.certinstaller
03-25 15:43:21.712  6649  6723 E Finsky  : [62] ItemStore: getItems RPC failed for item com.android.systemui.emulation.pixel_6a
03-25 15:43:21.712  6649  6709 E Finsky  : [59] ItemStore: getItems RPC failed for item com.android.traceur.auto_generated_rro_product__
03-25 15:43:21.712  6649  6709 E Finsky  : [59] ItemStore: getItems RPC failed for item com.android.storagemanager
03-25 15:43:21.712  6649  6709 E Finsky  : [59] ItemStore: getItems RPC failed for item com.android.internal.emulation.pixel_4_xl
03-25 15:43:21.712  6649  6717 E Finsky  : [61] ItemStore: getItems RPC failed for item com.google.android.photopicker
03-25 15:43:21.712  6649  6716 E Finsky  : [60] ItemStore: getItems RPC failed for item com.android.phone.auto_generated_rro_vendor__
03-25 15:43:21.712  6649  6709 E Finsky  : [59] ItemStore: getItems RPC failed for item com.google.android.widevine.nonupdatable
03-25 15:43:21.712  6649  6717 E Finsky  : [61] ItemStore: getItems RPC failed for item com.google.android.avatarpicker
03-25 15:43:21.712  6649  6716 E Finsky  : [60] ItemStore: getItems RPC failed for item com.android.credentialmanager
03-25 15:43:21.712  6649  6709 E Finsky  : [59] ItemStore: getItems RPC failed for item com.android.hardware.uwb
03-25 15:43:21.712  6649  6717 E Finsky  : [61] ItemStore: getItems RPC failed for item com.android.intentresolver
03-25 15:43:21.712  6649  6716 E Finsky  : [60] ItemStore: getItems RPC failed for item com.android.internal.emulation.pixel_10_pro_xl
03-25 15:43:21.712  6649  6709 E Finsky  : [59] ItemStore: getItems RPC failed for item com.android.internal.emulation.pixel_10
03-25 15:43:21.712  6649  6716 E Finsky  : [60] ItemStore: getItems RPC failed for item com.android.internal.emulation.pixel_8
03-25 15:43:21.712  6649  6716 E Finsky  : [60] ItemStore: getItems RPC failed for item com.google.android.health.connect.backuprestore
03-25 15:43:21.712  6649  6723 E Finsky  : [62] ItemStore: getItems RPC failed for item com.android.emergency
03-25 15:43:21.712  6649  6723 E Finsky  : [62] ItemStore: getItems RPC failed for item com.android.systemui.emulation.pixel_4_xl
03-25 15:43:21.712  6649  6723 E Finsky  : [62] ItemStore: getItems RPC failed for item com.android.systemui.emulation.pixel_6_pro
03-25 15:43:21.712  6649  6709 E Finsky  : [59] ItemStore: getItems RPC failed for item com.android.theme.font.notoserifsource
03-25 15:43:21.712  6649  6716 E Finsky  : [60] ItemStore: getItems RPC failed for item com.android.phone.auto_generated_characteristics_rro
03-25 15:43:21.712  6649  6709 E Finsky  : [59] ItemStore: getItems RPC failed for item com.android.mms.service
03-25 15:43:21.712  6649  6709 E Finsky  : [59] ItemStore: getItems RPC failed for item com.android.internal.display.cutout.emulation.double
03-25 15:43:21.712  6649  6709 E Finsky  : [59] ItemStore: getItems RPC failed for item com.android.internal.emulation.pixel_3a_xl
03-25 15:43:21.712  6649  6716 E Finsky  : [60] ItemStore: getItems RPC failed for item com.android.internal.emulation.pixel_5
03-25 15:43:21.712  6649  6709 E Finsky  : [59] ItemStore: getItems RPC failed for item com.google.android.cellbroadcastreceiver
03-25 15:43:21.712  6649  6716 E Finsky  : [60] ItemStore: getItems RPC failed for item com.android.hardware.rebootescrow
03-25 15:43:21.712  6649  6709 E Finsky  : [59] ItemStore: getItems RPC failed for item com.android.simappdialog
03-25 15:43:21.712  6649  6716 E Finsky  : [60] ItemStore: getItems RPC failed for item com.android.systemui.emulation.pixel_9_pro
03-25 15:43:21.712  6649  6723 E Finsky  : [62] ItemStore: getItems RPC failed for item com.android.se
03-25 15:43:21.712  6649  6709 E Finsky  : [59] ItemStore: getItems RPC failed for item com.android.systemui.plugin.globalactions.wallet
03-25 15:43:21.712  6649  6716 E Finsky  : [60] ItemStore: getItems RPC failed for item com.android.companiondevicemanager
03-25 15:43:21.712  6649  6723 E Finsky  : [62] ItemStore: getItems RPC failed for item com.google.android.wifi.dialog
03-25 15:43:21.712  6649  6723 E Finsky  : [62] ItemStore: getItems RPC failed for item com.android.virtualmachine.res
03-25 15:43:21.712  6649  6717 E Finsky  : [61] ItemStore: getItems RPC failed for item com.android.internal.emulation.pixel_2_xl
03-25 15:43:21.712  6649  6723 E Finsky  : [62] ItemStore: getItems RPC failed for item com.google.android.overlay.permissioncontroller
03-25 15:43:21.712  6649  6723 E Finsky  : [62] ItemStore: getItems RPC failed for item com.android.systemui.emulation.pixel_9_pro_fold
03-25 15:43:21.713  6649  6717 E Finsky  : [61] ItemStore: getItems RPC failed for item com.google.android.uwb.resources
03-25 15:43:21.713  6649  6723 E Finsky  : [62] ItemStore: getItems RPC failed for item com.android.systemui.emulation.pixel_10_pro_fold
03-25 15:43:21.713  6649  6709 E Finsky  : [59] ItemStore: getItems RPC failed for item com.android.role.notes.enabled
03-25 15:43:21.713  6649  6723 E Finsky  : [62] ItemStore: getItems RPC failed for item com.android.dreams.basic
03-25 15:43:21.713  6649  6717 E Finsky  : [61] ItemStore: getItems RPC failed for item com.google.android.markup
03-25 15:43:21.713  6649  6723 E Finsky  : [62] ItemStore: getItems RPC failed for item com.android.bips
03-25 15:43:21.713  6649  6709 E Finsky  : [59] ItemStore: getItems RPC failed for item com.google.android.configupdater
03-25 15:43:21.713  6649  6717 E Finsky  : [61] ItemStore: getItems RPC failed for item com.google.android.networkstack.tethering
03-25 15:43:21.713  6649  6717 E Finsky  : [61] ItemStore: getItems RPC failed for item com.android.bookmarkprovider
03-25 15:43:21.713  6649  6717 E Finsky  : [61] ItemStore: getItems RPC failed for item com.google.android.marvin.talkbackoverlay
03-25 15:43:21.713  6649  6717 E Finsky  : [61] ItemStore: getItems RPC failed for item com.android.externalstorage
03-25 15:43:21.713  6649  6717 E Finsky  : [61] ItemStore: getItems RPC failed for item com.android.printspooler
03-25 15:43:21.713  6649  6709 E Finsky  : [59] ItemStore: getItems RPC failed for item com.android.internal.emulation.pixel_7
03-25 15:43:21.713  6649  6717 E Finsky  : [61] ItemStore: getItems RPC failed for item com.android.hardware.vibrator
03-25 15:43:21.713  6649  6716 E Finsky  : [60] ItemStore: getItems RPC failed for item com.android.internal.emulation.pixel_3a
03-25 15:43:21.713  6649  6709 E Finsky  : [59] ItemStore: getItems RPC failed for item com.android.keychain
03-25 15:43:21.713  6649  6717 E Finsky  : [61] ItemStore: getItems RPC failed for item com.android.calllogbackup
03-25 15:43:21.713  6649  6709 E Finsky  : [59] ItemStore: getItems RPC failed for item com.au.worklynx
03-25 15:43:21.713  6649  6717 E Finsky  : [61] ItemStore: getItems RPC failed for item com.android.providers.settings
03-25 15:43:21.713  6649  6716 E Finsky  : [60] ItemStore: getItems RPC failed for item com.android.devicediagnostics
03-25 15:43:21.713  6649  6717 E Finsky  : [61] ItemStore: getItems RPC failed for item com.android.systemui.emulation.pixel_10
03-25 15:43:21.713  6649  6716 E Finsky  : [60] ItemStore: getItems RPC failed for item com.google.android.odad
03-25 15:43:21.713  6649  6717 E Finsky  : [61] ItemStore: getItems RPC failed for item com.android.localtransport
03-25 15:43:21.713  6649  6716 E Finsky  : [60] ItemStore: getItems RPC failed for item com.android.systemui.emulation.pixel_4
03-25 15:43:21.713  6649  6709 E Finsky  : [59] ItemStore: getItems RPC failed for item com.android.htmlviewer
03-25 15:43:21.713  6649  6717 E Finsky  : [61] ItemStore: getItems RPC failed for item com.android.internal.emulation.pixel_6a
03-25 15:43:21.713  6649  6716 E Finsky  : [60] ItemStore: getItems RPC failed for item com.android.nfc
03-25 15:43:21.713  6649  6717 E Finsky  : [61] ItemStore: getItems RPC failed for item com.android.managedprovisioning
03-25 15:43:21.713  6649  6716 E Finsky  : [60] ItemStore: getItems RPC failed for item com.android.systemui.emulation.pixel_7a
03-25 15:43:21.713  6649  6717 E Finsky  : [61] ItemStore: getItems RPC failed for item com.android.phone.auto_generated_rro_product__
03-25 15:43:21.713  6649  6717 E Finsky  : [61] ItemStore: getItems RPC failed for item com.android.settings.auto_generated_rro_product__
03-25 15:43:21.713  6649  6709 E Finsky  : [59] ItemStore: getItems RPC failed for item com.android.emulator.radio.config
03-25 15:43:21.714  6649  6717 E Finsky  : [61] ItemStore: getItems RPC failed for item com.android.systemui.emulation.pixel_3_xl
03-25 15:43:21.714  6649  6716 E Finsky  : [60] ItemStore: getItems RPC failed for item com.android.pacprocessor
03-25 15:43:21.714  6649  6723 E Finsky  : [62] ItemStore: getItems RPC failed for item com.android.providers.contactkeys
03-25 15:43:21.714  6649  6723 E Finsky  : [62] ItemStore: getItems RPC failed for item com.android.stk
03-25 15:43:21.714  6649  6723 E Finsky  : [62] ItemStore: getItems RPC failed for item com.android.internal.display.cutout.emulation.hole
03-25 15:43:21.714  6649  6723 E Finsky  : [62] ItemStore: getItems RPC failed for item com.android.internal.display.cutout.emulation.emu01
03-25 15:43:21.714  6649  6723 E Finsky  : [62] ItemStore: getItems RPC failed for item com.android.internal.emulation.pixel_10_pro
03-25 15:43:21.714  6649  6723 E Finsky  : [62] ItemStore: getItems RPC failed for item com.android.simappdialog.auto_generated_rro_product__
03-25 15:43:21.714  6649  6723 E Finsky  : [62] ItemStore: getItems RPC failed for item com.android.soundpicker
03-25 15:43:21.714  6649  6723 E Finsky  : [62] ItemStore: getItems RPC failed for item com.android.carrierconfig
03-25 15:43:21.714  6649  6716 E Finsky  : [60] ItemStore: getItems RPC failed for item com.android.phone
03-25 15:43:21.714  6649  6723 E Finsky  : [62] ItemStore: getItems RPC failed for item com.google.android.overlay.googlewebview
03-25 15:43:21.714  6649  6723 E Finsky  : [62] ItemStore: getItems RPC failed for item com.android.hardware.neuralnetworks
03-25 15:43:21.714  6649  6723 E Finsky  : [62] ItemStore: getItems RPC failed for item com.android.internal.emulation.pixel_4
03-25 15:43:21.714  6649  6716 E Finsky  : [60] ItemStore: getItems RPC failed for item com.android.systemui.emulation.pixel_10_pro
03-25 15:43:21.714  6649  6723 E Finsky  : [62] ItemStore: getItems RPC failed for item com.android.systemui.accessibility.accessibilitymenu.auto_generated_rro_product__
03-25 15:43:21.714  6649  6716 E Finsky  : [60] ItemStore: getItems RPC failed for item com.google.android.overlay.largescreenconfig
03-25 15:43:21.714  6649  6723 E Finsky  : [62] ItemStore: getItems RPC failed for item com.android.hardware.thermal
03-25 15:43:21.714  6649  6716 E Finsky  : [60] ItemStore: getItems RPC failed for item com.android.inputdevices
03-25 15:43:21.714  6649  6716 E Finsky  : [60] ItemStore: getItems RPC failed for item com.android.imsserviceentitlement
03-25 15:43:21.714  6649  6717 E Finsky  : [61] ItemStore: getItems RPC failed for item com.android.settings
03-25 15:43:21.715  6649  6709 E Finsky  : [59] ItemStore: getItems RPC failed for item com.android.bips.auto_generated_rro_product__
03-25 15:43:21.750  6649  6709 I Finsky  : [59] AU: Cannot update com.google.android.gms.supervision because package is disabled
03-25 15:43:21.763  6649  6723 I Finsky  : [62] AIM: AppInfoManager-Perf > getApps > data collection finished
03-25 15:43:21.770  6649  6723 I Finsky  : [62] SCH: jobFinished: 10-101. TimeElapsed: 718ms.
03-25 15:43:21.771  6649  6723 I Finsky  : [62] WM::SCH: Logging work end for 10-101
03-25 15:43:21.773  6649  6699 I Finsky  : [53] AU2: current managed auto update config: AUTO_UPDATE_POLICY_UNSPECIFIED
03-25 15:43:21.773  6649  6699 I Finsky  : [53] AU2: current managed auto update config: AUTO_UPDATE_POLICY_UNSPECIFIED
03-25 15:43:21.792  6649  6716 I Finsky  : [60] SCH: Scheduling phonesky job Id: 1-1337, CT: 1774413741643, Constraints: [{ L: 30407365, D: 73607365, C: CHARGING_NONE, I: IDLE_NONE, N: NET_ANY, B: BATTERY_ANY }]
03-25 15:43:21.792  6649  6716 I Finsky  : [60] SCH: Scheduling phonesky job Id: 10-4, CT: 1774413741025, Constraints: [{ L: 1200000, D: 86400000, C: CHARGING_NONE, I: IDLE_NONE, N: NET_ANY, B: BATTERY_ANY }]
03-25 15:43:21.792  6649  6716 I Finsky  : [60] SCH: Scheduling phonesky job Id: 10-11, CT: 1774413741026, Constraints: [{ L: 600000, D: 86400000, C: CHARGING_NONE, I: IDLE_NONE, N: NET_ANY, B: BATTERY_ANY }]
03-25 15:43:21.792  6649  6716 I Finsky  : [60] SCH: Scheduling phonesky job Id: 10-26, CT: 1774413741028, Constraints: [{ L: 600000, D: 86400000, C: CHARGING_NONE, I: IDLE_NONE, N: NET_ANY, B: BATTERY_ANY }]
03-25 15:43:21.792  6649  6716 I Finsky  : [60] SCH: Scheduling phonesky job Id: 10-123, CT: 1774413741030, Constraints: [{ L: 600000, D: 86400000, C: CHARGING_NONE, I: IDLE_NONE, N: NET_ANY, B: BATTERY_ANY }]
03-25 15:43:21.796  6649  6709 I Finsky  : [59] SCH: Scheduling 1 system job(s)
03-25 15:43:21.796  6649  6709 I Finsky  : [59] SCH: Scheduling system job Id: 9237, L: 539230, D: 73547212, C: false, I: false, N: 1
03-25 15:43:21.801  6649  7585 I Finsky  : [110] SCH: job service finished with id 9231.
03-25 15:43:21.810  6649  6649 I Finsky  : [2] Memory trim requested to level 40
03-25 15:43:21.810  6649  6649 I Finsky  : [2] Flushing in-memory image cache
03-25 15:43:21.810  5912  5912 I Finsky:background: [2] Memory trim requested to level 40
03-25 15:43:22.418  6957  6957 I BugleDataModel: ActionExecutorImpl: ACTION_EXECUTE_QUEUED_FixupMessageStatusOnStartupAction
03-25 15:43:22.418  6957  7422 I BugleDataModel: ExecuteActionRunnable: running action FixupMessageStatusOnStartupAction
03-25 15:43:22.418  6957  6957 I BugleDataModel: ActionExecutorImpl: ACTION_EXECUTE_QUEUED_ProcessPendingMessagesAction
03-25 15:43:22.436  6957  6957 I BugleDataModel: ActionExecutorImpl: ACTION_EXECUTE_QUEUED_SelfParticipantsRefreshAction
03-25 15:43:22.440  6957  7421 W BugleDataModel: 0 fallback attempts are cancelled or failed, with 8 and APP_RESTART
03-25 15:43:22.440  6957  7422 I BugleDataModel: FixupMessageStatusOnStartupAction: sendFailedCnt: 0, downloadFailedCnt: 0, partsProcessingFailedCnt: 0
03-25 15:43:22.464  6957  7422 I BugleDataModel: PendingMessagesProcessor process from FixupMessageStatusOnStartupAction due to process restarts throttled  with delay 0s with queues smsMessagesToSend:0 mmsMessagesToSend:0 rcsMessagesToSend:0 rcsFTMessagesToSend:0 messagesToDownload:0
03-25 15:43:22.465  6957  7422 I BugleDataModel: Cleared next retry time for channel: sms_send
03-25 15:43:22.465  6957  7422 I BugleDataModel: Cleared next retry time for channel: mms_send
03-25 15:43:22.465  6957  7422 I BugleDataModel: Cleared next retry time for channel: mms_download
03-25 15:43:22.465  6957  7422 I BugleDataModel: Cleared next retry time for channel: rcs_send
03-25 15:43:22.465  6957  7422 I BugleDataModel: Cleared next retry time for channel: rcs_ft_upload
03-25 15:43:22.465  6957  7422 I BugleDataModel: Cleared next retry time for channel: rcs_ft_download
03-25 15:43:22.465  6957  7422 I BugleDataModel: Cleared next retry time for channel: cloud_sync_send
03-25 15:43:22.465  6957  7422 I BugleDataModel: Cleared next retry time for channel: cloud_sync_attachment_download
03-25 15:43:22.466  6957  7422 I BugleDataModel: ExecuteActionRunnable: running action ProcessPendingMessagesAction
03-25 15:43:22.469  6957  7422 I BugleDataModel: PendingMessagesProcessor process from ProcessPendingMessagesAction due to scheduled processing  with delay 0s with queues smsMessagesToSend:0 mmsMessagesToSend:0 rcsMessagesToSend:0 rcsFTMessagesToSend:0 messagesToDownload:0
03-25 15:43:22.469  6957  7422 I BugleDataModel: ExecuteActionRunnable: running action SelfParticipantsRefreshAction
03-25 15:43:22.470  6957  7422 I BugleDataModel: ActionExecutorImpl: ACTION_BACKGROUND_QUEUED_SelfParticipantsRefreshAction
03-25 15:43:22.470  6957  7424 I BugleDataModel: ParticipantRefresh: ContactContentObserver created
03-25 15:43:22.472  6957  7424 I BugleDataModel: ParticipantFullRefresh: Start participant refresh. refreshMode: SELF_ONLY
03-25 15:43:22.474  6957  7424 I BugleDataModel: SubscriptionsTracker#refreshSelfParticipantList([1])
03-25 15:43:22.484  6957  6957 I BugleDataModel: ActionExecutorImpl: ACTION_EXECUTE_QUEUED_GenericWorkerQueueAction
03-25 15:43:22.484  6957  7582 I BugleDataModel: ExecuteActionRunnable: running action GenericWorkerQueueAction
03-25 15:43:22.485  6957  7582 I BugleDataModel: ActionExecutorImpl: ACTION_BACKGROUND_QUEUED_GenericWorkerQueueAction
03-25 15:43:22.486  6957  7424 I Bugle   : getRawTelephonyPhoneNumber redacted-pii[12-chars] [CONTEXT sub_id=1 ]
03-25 15:43:22.487  6957  7424 I Bugle   : SubscriptionUtils.getCanonicalForSelf: self=redacted-pii[12-chars], country=US [CONTEXT sub_id=1 ]
03-25 15:43:22.488  6957  7424 I Bugle   : CountryCodeDetector: updateSmsNetworkCountry from default subscription network country. detected country: us
03-25 15:43:22.494  6957  7424 I Bugle   : getRawTelephonyPhoneNumber redacted-pii[12-chars] [CONTEXT sub_id=1 ]
03-25 15:43:22.499  6957  7424 I Bugle   : getRawTelephonyPhoneNumber redacted-pii[12-chars] [CONTEXT sub_id=1 ]
03-25 15:43:22.500  6957  7424 I Bugle   : SubscriptionUtils.getCanonicalForSelf: self=redacted-pii[12-chars], country=US [CONTEXT sub_id=1 ]
03-25 15:43:22.503  6957  7424 I BugleSelfIdentity: Phone number for MyIdentity 8edd0a47-4f3f-4fac-847a-2088705b1478 does not change [CONTEXT sub_id=1 icc_id="89860318640220133897" messaging_identity="redacted-pii[12-chars]" rcs_provisioning_id="redacted-pii[0-chars]" ]
03-25 15:43:22.506  6957  7424 I Bugle   : getRawTelephonyPhoneNumber redacted-pii[12-chars] [CONTEXT sub_id=1 ]
03-25 15:43:22.514  6957  7424 I BugleDataModel: SubscriptionsTracker bindToTrackingMap bound participants: [ParticipantId=1 subId=-1, ParticipantId=2 subId=1]
03-25 15:43:22.514  6957  7424 I BugleDataModel: set orderedRowIdAndTokenPairs: [rowId=2 subId= 1 token=8edd0a47-4f3f-4fac-847a-2088705b1478, rowId=1 subId= -1 token=eab5fcdd-92d4-414e-8035-7d26d6a97e15]
03-25 15:43:22.516  6957  7425 I BugleDataModel: SubscriptionsTracker bindToTrackingMap bound participants: [ParticipantId=1 subId=-1, ParticipantId=2 subId=1]
03-25 15:43:22.520  6957  7424 I Bugle   : getRawTelephonyPhoneNumber redacted-pii[12-chars] [CONTEXT sub_id=1 ]
03-25 15:43:22.521  6957  7424 I Bugle   : SubscriptionUtils.getCanonicalForSelf: self=redacted-pii[12-chars], country=US [CONTEXT sub_id=1 ]
03-25 15:43:22.550  6957  7424 I Bugle   : getRawTelephonyPhoneNumber redacted-pii[12-chars] [CONTEXT sub_id=1 ]
03-25 15:43:22.551  6957  7424 I Bugle   : SubscriptionUtils.getCanonicalForSelf: self=redacted-pii[12-chars], country=US [CONTEXT sub_id=1 ]
03-25 15:43:22.564  6957  7424 I BugleDataModel: ParticipantFullRefresh: Number of participants refreshed: 0
03-25 15:43:22.568  6957  7424 I BugleDataModel: ActionExecutorImpl: ACTION_RESPONSE_QUEUED_SelfParticipantsRefreshAction
03-25 15:43:22.571  6957  7424 I BugleJobs: GenericWorkerQueueAction: Bailing early, no work found, no failed work found
03-25 15:43:22.572  6957  7424 I BugleDataModel: ActionExecutorImpl: ACTION_RESPONSE_QUEUED_GenericWorkerQueueAction
03-25 15:43:22.574  6957  7582 I Bugle   : getRawTelephonyPhoneNumber redacted-pii[12-chars] [CONTEXT sub_id=1 ]
03-25 15:43:22.575  6957  7582 I Bugle   : SubscriptionUtils.getCanonicalForSelf: self=redacted-pii[12-chars], country=US [CONTEXT sub_id=1 ]
03-25 15:43:22.577  6957  7582 I BugleSelfIdentity: Phone number for MyIdentity 8edd0a47-4f3f-4fac-847a-2088705b1478 does not change [CONTEXT sub_id=1 icc_id="89860318640220133897" messaging_identity="redacted-pii[12-chars]" rcs_provisioning_id="redacted-pii[0-chars]" ]
03-25 15:43:22.583  6957  7582 I Bugle   : getRawTelephonyPhoneNumber redacted-pii[12-chars] [CONTEXT sub_id=1 ]
03-25 15:43:22.583  6957  7582 I Bugle   : SubscriptionUtils.getCanonicalForSelf: self=redacted-pii[12-chars], country=US [CONTEXT sub_id=1 ]
03-25 15:43:22.585  6957  7582 I BugleSelfIdentity: Phone number for MyIdentity 8edd0a47-4f3f-4fac-847a-2088705b1478 does not change [CONTEXT sub_id=1 icc_id="89860318640220133897" messaging_identity="redacted-pii[12-chars]" rcs_provisioning_id="redacted-pii[0-chars]" ]
03-25 15:43:22.664   781   900 D ActivityManager: freezing 6031 com.android.vending:instant_app_installer
03-25 15:43:22.904  6484  6484 D BoundBrokerSvc: onUnbind: Intent { act=com.google.android.gms.pseudonymous.service.START dat=chimera-action:/... xflg=0x4 cmp=com.google.android.gms/.chimera.PersistentApiService }
03-25 15:43:23.225  6506  6550 I SharingClientImpl: client com.google.android.gms disconnecting
03-25 15:43:23.231  6484  6576 I NearbySharing: Package com.google.android.gms has requested to unsuspend Quick Share
03-25 15:43:23.232  6506  6518 E SharingClientImpl: Unsuspend failed: null
03-25 15:43:23.256   302  6784 I keystore2: system/security/keystore2/watchdog/src/lib.rs:371 - Watchdog thread idle -> terminating. Have a great day.
03-25 15:43:23.460   781   814 I ActivityManager: Test idle failed due to 5eb3381 6158:com.android.vending:quick_launch/u0a153 runnable at +1m49s184ms because CACHED
03-25 15:43:23.464  6484  6484 D BoundBrokerSvc: onUnbind: Intent { act=com.google.android.gms.time.trustedtime.service.START dat=chimera-action:/... xflg=0x4 cmp=com.google.android.gms/.chimera.PersistentDirectBootAwareApiService }
03-25 15:43:23.467  6484  6484 D BoundBrokerSvc: onUnbind: Intent { act=com.google.android.gms.time.trustedtime.singleuserapi.service.START dat=chimera-action:/... xflg=0x4 cmp=com.google.android.gms/.chimera.PersistentSingleUserInternalApiService }
03-25 15:43:23.511   781  1182 I HalDevMgr: bestIfaceCreationProposal is null, requestIface=STA, existingIface=[name=wlan0 type=STA]
03-25 15:43:23.906  6506  6506 D BoundBrokerSvc: onUnbind: Intent { act=com.google.android.gms.potokens.service.START dat=chimera-action:/... xflg=0x4 cmp=com.google.android.gms/.chimera.GmsApiService }
03-25 15:43:24.004  2181  2181 V ContactsProvider: Scheduled notifyChange started.
03-25 15:43:24.008   781  1236 D BackgroundInstallControlService: Package event received: 0
03-25 15:43:24.008   781  1236 D BackgroundInstallControlService: Package event received: 0
03-25 15:43:24.008   781  1236 D BackgroundInstallControlService: Package event received: 0
03-25 15:43:24.008   781  1236 D BackgroundInstallControlService: Package event received: 0
03-25 15:43:24.804  6484  6630 I NetworkScheduler.Stats: (REDACTED) Task %s/%s started execution. cause:%s exec_start_elapsed_seconds: %s
03-25 15:43:24.812  6484  6602 I NetworkScheduler.Stats: (REDACTED) Task %s/%s finished executing. cause:%s result: %s elapsed_millis: %s uptime_millis: %s exec_start_elapsed_seconds: %s
03-25 15:43:25.149  7638  7638 W libbinder.BackendUnifiedServiceManager: Thread Pool max thread count is 0. Cannot cache binder as linkToDeath cannot be implemented. serviceName: package
03-25 15:43:25.224   936   994 I artd    : GetBestInfo: odex next to the dex file (/data/app/~~32mSsyyyJoLgqSITb4Sysw==/com.google.android.gms-UFlDQ3_XD8vHkgAS_WQ4WA==/oat/x86_64/base.odex) is kOatUpToDate with filter 'speed-profile' executable 'false'
03-25 15:43:25.227   936   994 I artd    : GetBestInfo: odex next to the dex file (/data/app/~~32mSsyyyJoLgqSITb4Sysw==/com.google.android.gms-UFlDQ3_XD8vHkgAS_WQ4WA==/oat/x86_64/split_AdsDynamite_installtime.odex) is kOatUpToDate with filter 'speed' executable 'false'
03-25 15:43:25.229   936   994 I artd    : GetBestInfo: odex next to the dex file (/data/app/~~32mSsyyyJoLgqSITb4Sysw==/com.google.android.gms-UFlDQ3_XD8vHkgAS_WQ4WA==/oat/x86_64/split_CronetDynamite_installtime.odex) is kOatUpToDate with filter 'speed' executable 'false'
03-25 15:43:25.230   936   994 I artd    : GetBestInfo: odex next to the dex file (/data/app/~~32mSsyyyJoLgqSITb4Sysw==/com.google.android.gms-UFlDQ3_XD8vHkgAS_WQ4WA==/oat/x86_64/split_DynamiteLoader_installtime.odex) is kOatUpToDate with filter 'speed' executable 'false'
03-25 15:43:25.231   936   994 I artd    : GetBestInfo: odex next to the dex file (/data/app/~~32mSsyyyJoLgqSITb4Sysw==/com.google.android.gms-UFlDQ3_XD8vHkgAS_WQ4WA==/oat/x86_64/split_DynamiteModulesA_installtime.odex) is kOatUpToDate with filter 'speed' executable 'false'
03-25 15:43:25.233   936   994 I artd    : GetBestInfo: odex next to the dex file (/data/app/~~32mSsyyyJoLgqSITb4Sysw==/com.google.android.gms-UFlDQ3_XD8vHkgAS_WQ4WA==/oat/x86_64/split_DynamiteModulesC_installtime.odex) is kOatUpToDate with filter 'speed' executable 'false'
03-25 15:43:25.234   936   994 I artd    : GetBestInfo: odex next to the dex file (/data/app/~~32mSsyyyJoLgqSITb4Sysw==/com.google.android.gms-UFlDQ3_XD8vHkgAS_WQ4WA==/oat/x86_64/split_GoogleCertificates_installtime.odex) is kOatUpToDate with filter 'speed' executable 'false'
03-25 15:43:25.236   936   994 I artd    : GetBestInfo: odex next to the dex file (/data/app/~~32mSsyyyJoLgqSITb4Sysw==/com.google.android.gms-UFlDQ3_XD8vHkgAS_WQ4WA==/oat/x86_64/split_MapsDynamite_installtime.odex) is kOatUpToDate with filter 'speed' executable 'false'
03-25 15:43:25.237   936   994 I artd    : GetBestInfo: odex next to the dex file (/data/app/~~32mSsyyyJoLgqSITb4Sysw==/com.google.android.gms-UFlDQ3_XD8vHkgAS_WQ4WA==/oat/x86_64/split_MeasurementDynamite_installtime.odex) is kOatUpToDate with filter 'speed' executable 'false'
03-25 15:43:25.239   936   994 I artd    : GetBestInfo: odex next to the dex file (/data/app/~~32mSsyyyJoLgqSITb4Sysw==/com.google.android.gms-UFlDQ3_XD8vHkgAS_WQ4WA==/oat/x86_64/split_all_locale_splits.odex) is kOatUpToDate with filter 'speed' executable 'false'
03-25 15:43:25.251   936   994 I artd    : GetBestInfo: /data/user_de/0/com.google.android.gms/app_chimera/m/0000000b/dl-MlkitBarcodeUi.optional_253434100800.apk has no usable artifacts
03-25 15:43:25.255   936   994 I artd    : GetBestInfo: /data/user_de/0/com.google.android.gms/app_chimera/m/00000008/dl-Appsearch.optional_253434100800.apk has no usable artifacts
03-25 15:43:25.256   936   994 I artd    : GetBestInfo: /data/user_de/0/com.google.android.gms/app_chimera/m/00000001/CronetDynamite.apk has no usable artifacts
03-25 15:43:25.257   936   994 I artd    : GetBestInfo: /data/user_de/0/com.google.android.gms/app_chimera/m/00000014/dl-MlkitOcrCommon.optional_261133100800.apk has no usable artifacts
03-25 15:43:25.259   936   994 I artd    : GetBestInfo: /data/user_de/0/com.google.android.gms/app_chimera/m/00000011/dl-Appsearch.optional_261133100800.apk has no usable artifacts
03-25 15:43:25.259   936   994 I artd    : GetBestInfo: /data/user_de/0/com.google.android.gms/app_chimera/m/00000002/DynamiteLoader.apk has no usable artifacts
03-25 15:43:25.260   936   994 I artd    : GetBestInfo: /data/user_de/0/com.google.android.gms/app_chimera/m/00000005/GoogleCertificates.apk has no usable artifacts
03-25 15:43:25.260   936   994 I artd    : GetBestInfo: /data/user_de/0/com.google.android.gms/app_chimera/m/00000009/dl-TfliteDynamiteDynamite.integ_252130102100800.apk has no usable artifacts
03-25 15:43:25.262   936   994 I artd    : GetBestInfo: /data/user_de/0/com.google.android.gms/app_chimera/m/0000000c/dl-PlayCloudSearch.optional_253434100000.apk has no usable artifacts
03-25 15:43:25.264   936   994 I artd    : GetBestInfo: /data/user_de/0/com.google.android.gms/app_chimera/m/0000000f/dl-VisionOcr.optional_261133100000.apk has no usable artifacts
03-25 15:43:25.267   936   994 I artd    : GetBestInfo: vdex next to the dex file (/data/user/0/com.google.android.gms/app_dg_cache/E054CA794C125F959C88D4849C82AB3F226237E6/oat/x86_64/the.vdex) is kOatUpToDate with filter 'verify' executable 'false'
03-25 15:43:25.268   936   994 I artd    : GetBestInfo: /data/user_de/0/com.google.android.gms/app_chimera/m/00000012/dl-MlkitBarcodeUi.optional_261133100800.apk has no usable artifacts
03-25 15:43:25.270   936   994 I artd    : GetBestInfo: /data/user_de/0/com.google.android.gms/app_chimera/m/00000010/dl-PlayCloudSearch.optional_261133100000.apk has no usable artifacts
03-25 15:43:25.271   936   994 I artd    : GetBestInfo: /data/user_de/0/com.google.android.gms/app_chimera/m/00000007/MeasurementDynamite.apk has no usable artifacts
03-25 15:43:26.518   781  1182 I HalDevMgr: bestIfaceCreationProposal is null, requestIface=STA, existingIface=[name=wlan0 type=STA]
03-25 15:43:26.783  6957  7611 E GoogleApiManager: Failed to get service from broker.
03-25 15:43:26.783  6957  7611 E GoogleApiManager: java.lang.SecurityException: Unknown calling package name 'com.google.android.gms'.
03-25 15:43:26.783  6957  7611 E GoogleApiManager:      at android.os.Parcel.createExceptionOrNull(Parcel.java:3373)
03-25 15:43:26.783  6957  7611 E GoogleApiManager:      at android.os.Parcel.createException(Parcel.java:3357)
03-25 15:43:26.783  6957  7611 E GoogleApiManager:      at android.os.Parcel.readException(Parcel.java:3340)
03-25 15:43:26.783  6957  7611 E GoogleApiManager:      at android.os.Parcel.readException(Parcel.java:3282)
03-25 15:43:26.783  6957  7611 E GoogleApiManager:      at bhqq.a(:com.google.android.gms@261133038@26.11.33 (260800-887465546):36)
03-25 15:43:26.783  6957  7611 E GoogleApiManager:      at bhor.z(:com.google.android.gms@261133038@26.11.33 (260800-887465546):143)
03-25 15:43:26.783  6957  7611 E GoogleApiManager:      at bgut.run(:com.google.android.gms@261133038@26.11.33 (260800-887465546):42)
03-25 15:43:26.783  6957  7611 E GoogleApiManager:      at android.os.Handler.handleCallback(Handler.java:1070)
03-25 15:43:26.783  6957  7611 E GoogleApiManager:      at android.os.Handler.dispatchMessage(Handler.java:125)
03-25 15:43:26.783  6957  7611 E GoogleApiManager:      at cwwb.mr(:com.google.android.gms@261133038@26.11.33 (260800-887465546):1)
03-25 15:43:26.783  6957  7611 E GoogleApiManager:      at cwwb.dispatchMessage(:com.google.android.gms@261133038@26.11.33 (260800-887465546):5)
03-25 15:43:26.783  6957  7611 E GoogleApiManager:      at android.os.Looper.dispatchMessage(Looper.java:333)
03-25 15:43:26.783  6957  7611 E GoogleApiManager:      at android.os.Looper.loopOnce(Looper.java:263)
03-25 15:43:26.783  6957  7611 E GoogleApiManager:      at android.os.Looper.loop(Looper.java:367)
03-25 15:43:26.783  6957  7611 E GoogleApiManager:      at android.os.HandlerThread.run(HandlerThread.java:139)
03-25 15:43:26.783  6957  7611 W GoogleApiManager: Not showing notification since connectionResult is not user-facing: ConnectionResult{statusCode=DEVELOPER_ERROR, resolution=null, message=null, clientMethodKey=null}
03-25 15:43:27.011   781  2247 D OomAdjuster: Not killing cached processes
03-25 15:43:27.553  1469  1577 D SatelliteController: iisInCarrierRoamingNbIotNtn: satellite is disabled
03-25 15:43:27.553  1469  1577 D SatelliteController: getCarrierRoamingNtnConnectType: Falling back to global carrier config connect type: 0
03-25 15:43:28.299  6506  6506 D BoundBrokerSvc: onUnbind: Intent { act=com.google.android.gms.identitycredentials.service.START dat=chimera-action:/... xflg=0x4 cmp=com.google.android.gms/.chimera.GmsApiService }
03-25 15:43:28.313  7146  7146 W TimedProcessReaper: Current importance is: 400
03-25 15:43:28.317  7146  7146 W TimedProcessReaper: onTrimMemory=40. Killing process to refresh configuration
03-25 15:43:28.317  7146  7146 I Process : Sending signal. PID: 7146 SIG: 9
03-25 15:43:28.322  6957  7605 I ForwardSyncCache: reclaimMemory: Clearing caches
03-25 15:43:28.323  6957  7605 W Bugle   : TextClassifierLibManagerImpl: Reclaiming memory at level: 40
03-25 15:43:28.327   781  1188 D ConnectivityService: releasing NetworkRequest [ REQUEST id=299, [ Capabilities: INTERNET&NOT_RESTRICTED&TRUSTED&NOT_VCN_MANAGED&NOT_BANDWIDTH_CONSTRAINED Uid: 10158 RequestorUid: 10158 RequestorPkg: com.google.android.googlequicksearchbox UnderlyingNetworks: Null] ] (release request)
03-25 15:43:28.328   781  2247 E AppOps  : Bad call made by uid 1000. Package "com.google.android.googlequicksearchbox" does not belong to uid 1000.
03-25 15:43:28.329   781  2211 I ActivityManager: Process com.google.android.googlequicksearchbox:search (pid 7146) has died: cch CEM
03-25 15:43:28.329   569   569 I Zygote  : Process 7146 exited due to signal 9 (Killed)
03-25 15:43:28.330   781   816 I libprocessgroup: Removed cgroup /sys/fs/cgroup/apps/uid_10158/pid_7146
03-25 15:43:28.333   781  2247 W BinderNative: Uncaught exception from death notification
03-25 15:43:28.333   781  2247 W BinderNative: java.lang.SecurityException: Specified package "com.google.android.googlequicksearchbox" under uid 1000 but it is not
03-25 15:43:28.333   781  2247 W BinderNative:  at com.android.server.appop.AppOpsService.verifyAndGetBypass(AppOpsService.java:5033)
03-25 15:43:28.333   781  2247 W BinderNative:  at com.android.server.appop.AppOpsService.verifyAndGetBypass(AppOpsService.java:4894)
03-25 15:43:28.333   781  2247 W BinderNative:  at com.android.server.appop.AppOpsService.verifyAndGetBypass(AppOpsService.java:4886)
03-25 15:43:28.333   781  2247 W BinderNative:  at com.android.server.appop.AppOpsService.stopWatchingAsyncNoted(AppOpsService.java:3816)
03-25 15:43:28.333   781  2247 W BinderNative:  at com.android.server.appop.AppOpsService.lambda$startWatchingAsyncNoted$8(AppOpsService.java:3792)
03-25 15:43:28.333   781  2247 W BinderNative:  at com.android.server.appop.AppOpsService.$r8$lambda$8-LvphSu5hQo1Pm8R22O3seI00E(AppOpsService.java:0)
03-25 15:43:28.333   781  2247 W BinderNative:  at com.android.server.appop.AppOpsService$$ExternalSyntheticLambda1.onInterfaceDied(R8$$SyntheticClass:0)
03-25 15:43:28.333   781  2247 W BinderNative:  at android.os.RemoteCallbackList$Builder$1.onCallbackDied(RemoteCallbackList.java:337)
03-25 15:43:28.333   781  2247 W BinderNative:  at android.os.RemoteCallbackList$Interface.binderDied(RemoteCallbackList.java:229)
03-25 15:43:28.333   781  2247 W BinderNative:  at android.os.IBinder$DeathRecipient.binderDied(IBinder.java:340)
