03-25 15:43:17.926  6957  6957 D WM-SystemJobService: 29e2fb4d-c4c0-4011-b020-f31d1a174421 executed on JobScheduler
03-25 15:43:17.926  6957  7581 I BugleRcsProvisioning: RcsAvailability: Subscription Id: 1, simId: redacted-pii:sim_id[chars:20,last3:897], sipConnectionType: DUAL_REG, isRcsAvailable: false
03-25 15:43:17.926  6957  7581 I BugleRcsEngine: No RCS Configuration was found in Bugle for simID: redacted-pii:sim_id[chars:20,last3:897] [CONTEXT log_prefix="ProvisioningEngineDataRetriever" thread_id=85 ]
03-25 15:43:17.926  6957  7581 I BugleRcsProvisioning: updateAvailabilityForRcsProvisioningId. SimId: redacted-pii:sim_id[chars:20,last3:897], currentAvailability: 10, newAvailability: 10, hint: NO_HINT
03-25 15:43:17.928  6957  7424 I BugleRcsProvisioning: RcsProvisioningTrigger: onRcsAvailabilityUpdate : availability is updated to Carrier RCS is not set up, lastAvailabilityLocal is Carrier RCS is not set up, simId hash = 5728216807977682835, simId = redacted-pii:sim_id[chars:20,last3:897], isPev3Enabled = true
03-25 15:43:17.928  6957  7422 D WM-SystemJobScheduler: Scheduling work ID 29e2fb4d-c4c0-4011-b020-f31d1a174421Job ID 1027
03-25 15:43:17.931  6957  7422 D WM-SystemJobScheduler: Scheduling work ID 5b46157e-ca22-4b8e-9ee9-1350e6914213Job ID 1035
03-25 15:43:17.933  6957  7422 D WM-GreedyScheduler: Ignoring {WorkSpec: bf702378-6f04-43e8-85e8-c468f4912db7}. Requires device idle.
03-25 15:43:17.933  6957  7422 D WM-GreedyScheduler: Ignoring {WorkSpec: f126592f-7ea3-4276-86ee-fff5fd7ce9ba}. Requires device idle.
03-25 15:43:17.934  6957  7422 D WM-GreedyScheduler: Ignoring {WorkSpec: 46dc249f-0b13-490d-9d3f-8d310202d865}. Requires device idle.
03-25 15:43:17.934  6957  7422 D WM-GreedyScheduler: Starting tracking for 1e256d2c-4329-48e7-b663-03838706ce09,d9e12dcc-2c07-4a45-bb91-7bd05526229b
03-25 15:43:17.940  6957  7422 D WM-GreedyScheduler: Cancelling work ID 29e2fb4d-c4c0-4011-b020-f31d1a174421
03-25 15:43:17.940  6957  7422 D WM-GreedyScheduler: Ignoring {WorkSpec: bf702378-6f04-43e8-85e8-c468f4912db7}. Requires device idle.
03-25 15:43:17.940  6957  7422 D WM-GreedyScheduler: Ignoring {WorkSpec: f126592f-7ea3-4276-86ee-fff5fd7ce9ba}. Requires device idle.
03-25 15:43:17.941  6957  7422 D WM-GreedyScheduler: Ignoring {WorkSpec: 46dc249f-0b13-490d-9d3f-8d310202d865}. Requires device idle.
03-25 15:43:17.941  6957  7422 D WM-GreedyScheduler: Starting tracking for 1e256d2c-4329-48e7-b663-03838706ce09,d9e12dcc-2c07-4a45-bb91-7bd05526229b
03-25 15:43:18.110  5912  6105 I PlayCommon: [87] Successfully uploaded logs.
03-25 15:43:18.165  6484  6484 D BoundBrokerSvc: onUnbind: Intent { act=com.google.android.gms.trustagent.BridgeApi.START dat=chimera-action:/... xflg=0x4 cmp=com.google.android.gms/.chimera.PersistentInternalApiService }
03-25 15:43:18.173  6484  6484 D BoundBrokerSvc: onUnbind: Intent { act=com.google.android.gms.gmscompliance.service.START dat=chimera-action:/... xflg=0x4 cmp=com.google.android.gms/.chimera.PersistentBoundBrokerService }
03-25 15:43:18.179  6506  6506 D BoundBrokerSvc: onUnbind: Intent { act=com.google.android.gms.feedback.internal.IFeedbackService dat=chimera-action:/... xflg=0x4 cmp=com.google.android.gms/.chimera.GmsBoundBrokerService }
03-25 15:43:18.458   781   814 I ActivityManager: Test idle failed due to 5eb3381 6158:com.android.vending:quick_launch/u0a153 runnable at +1m54s186ms because CACHED
03-25 15:43:18.474  6484  6484 D BoundBrokerSvc: onUnbind: Intent { act=com.google.android.gms.nearby.presence.service.START dat=chimera-action:/... xflg=0x4 cmp=com.google.android.gms/.chimera.PersistentApiServiceNoInstantApps }
03-25 15:43:18.531  6484  6484 D BoundBrokerSvc: onUnbind: Intent { act=com.google.android.gms.icing.LIGHTWEIGHT_INDEX_SERVICE dat=chimera-action:/... xflg=0x4 cmp=com.google.android.gms/.chimera.PersistentApiService }
03-25 15:43:18.697  6484  6607 I HeterodyneSyncer: (REDACTED) Sync completed. fetchReason: %s, fetchPackageName: %s, syncErrorType: %s, individual sync errors: %s.
03-25 15:43:18.699  6484  6607 I HeterodyneSyncer: (REDACTED) Finished notifying packages after sync. syncLatency: %d
03-25 15:43:18.700  6484  6607 I HeterodyneSyncScheduler: (REDACTED) Scheduling adaptive one off task with window [%d, %d] in seconds
03-25 15:43:18.716  6484  6602 I NetworkScheduler.Stats: (REDACTED) Task %s/%s finished executing. cause:%s result: %s elapsed_millis: %s uptime_millis: %s exec_start_elapsed_seconds: %s
03-25 15:43:18.746  6484  6607 I NetworkScheduler.Stats: (REDACTED) Task %s/%s started execution. cause:%s exec_start_elapsed_seconds: %s
03-25 15:43:18.749  6484  6630 I NetworkScheduler.Stats: (REDACTED) Task %s/%s finished executing. cause:%s result: %s elapsed_millis: %s uptime_millis: %s exec_start_elapsed_seconds: %s
03-25 15:43:18.751  6649  6717 I Finsky  : [61] Initializing the instant apps module.
03-25 15:43:18.801  6649  6716 W Finsky  : [60] PreloadClasses: Unable to load [kotlinx.coroutines.internal.ThreadContextKt$countAll$1, kotlinx.coroutines.internal.ThreadContextKt$findOne$1, kotlinx.coroutines.internal.ThreadContextKt$updateState$1, androidx.compose.runtime.snapshots.SnapshotKt$emptyLambda$1, androidx.compose.runtime.Recomposer$broadcastFrameClock$1, androidx.compose.runtime.Recomposer$recompositionRunner$2$unregisterApplyObserver$1, androidx.compose.ui.platform.AndroidComposeView$keyInputModifier$1, androidx.compose.runtime.SlotTable, androidx.compose.runtime.ComposerImpl, androidx.compose.runtime.SlotReader, androidx.compose.runtime.SlotWriter, androidx.compose.runtime.SlotTableKt, androidx.compose.runtime.ComposableSingletons$CompositionKt$lambda-1$1, androidx.compose.runtime.ComposableSingletons$CompositionKt$lambda-2$1, androidx.compose.ui.platform.ComposableSingletons$Wrapper_androidKt$lambda-1$1, androidx.compose.ui.platform.WrappedComposition$setContent$1$1, androidx.compose.runtime.Recomposer$readObserverOf$1, androidx.compose.runtime.Recomposer$writeObserverOf$1, androidx.compose.runtime.KeyInfo, androidx.compose.runtime.GroupInfo, androidx.compose.ui.platform.AndroidCompositionLocals_androidKt$LocalSavedStateRegistryOwner$1, androidx.compose.ui.platform.AndroidCompositionLocals_androidKt$ProvideAndroidCompositionLocals$1$1, androidx.compose.runtime.saveable.SaveableStateRegistryKt$LocalSaveableStateRegistry$1, androidx.compose.material3.TypographyKt$LocalTypography$1, androidx.compose.material.ColorsKt$LocalColors$1, androidx.compose.material.ShapesKt$LocalShapes$1, androidx.compose.material.ContentAlphaKt$LocalContentAlpha$1, androidx.compose.foundation.IndicationKt$LocalIndication$1, androidx.compose.material.ripple.RippleThemeKt$LocalRippleTheme$1, androidx.compose.foundation.text.selection.TextSelectionColorsKt$LocalTextSelectionColors$1, androidx.compose.material.MaterialThemeKt$MaterialTheme$1, androidx.compose.material.TextKt$LocalTextStyle$1, androidx.compose.animation.core.InfiniteTransition$run$2, androidx.compose.animation.core.VectorConvertersKt$FloatToVector$1, androidx.compose.animation.core.VectorConvertersKt$FloatToVector$2, androidx.compose.animation.core.VectorConvertersKt$IntToVector$2, androidx.compose.animation.core.VectorConvertersKt$DpToVector$1, androidx.compose.animation.core.VectorConvertersKt$DpToVector$2, androidx.compose.material.ProgressIndicatorKt$CircularProgressIndicator$endAngle$2, androidx.compose.material.ProgressIndicatorKt$CircularProgressIndicator$startAngle$2, androidx.compose.foundation.ProgressSemanticsKt$progressSemantics$2, androidx.compose.material.MaterialThemeKt$MaterialTheme$2, androidx.compose.ui.platform.AndroidCompositionLocals_androidKt$ProvideAndroidCompositionLocals$4, androidx.compose.runtime.RememberManager, androidx.compose.foundation.IndicationKt$indication$2, androidx.compose.foundation.text.selection.SelectionRegistrarKt$LocalSelectionRegistrar$1, androidx.compose.runtime.saveable.SaverKt$AutoSaver$1, androidx.compose.runtime.saveable.SaverKt$AutoSaver$2, androidx.compose.runtime.snapshots.SnapshotStateList$StateListStateRecord, androidx.compose.material.ButtonKt$Button$2, androidx.compose.material.ElevationOverlayKt$LocalElevationOverlay$1, androidx.compose.material.ElevationOverlayKt$LocalAbsoluteElevation$1, androidx.compose.material.SurfaceKt$Surface$1, androidx.compose.material.TextKt$Text$4, androidx.compose.material.TextKt$ProvideTextStyle$1, androidx.compose.material.SurfaceKt$Surface$2, androidx.compose.material.ButtonKt$Button$3, androidx.compose.foundation.gestures.ScrollableStateKt$rememberScrollableState$1$1, androidx.compose.material.TextKt$Text$3, androidx.compose.material3.TextKt$Text$3, androidx.compose.foundation.layout.BoxWithConstraintsKt$BoxWithConstraints$1$1, androidx.compose.runtime.ComposerImpl$CompositionContextHolder, androidx.compose.runtime.ComposerImpl$CompositionContextImpl, androidx.compose.runtime.Updater$init$1, androidx.compose.runtime.internal.ComposableLambdaImpl$invoke$2, androidx.compose.ui.text.MultiP
03-25 15:43:18.892  6649  6649 I Finsky  : [2] setup::RES: shouldRecoverRestoredPackages: versionCodeSystem 84793030
03-25 15:43:18.892  6649  6649 I Finsky  : [2] Detected restoreservicev2://recovery not needed, will not run
03-25 15:43:18.976  6649  7602 I Finsky  : [117] registerListener
03-25 15:43:18.976  6649  7602 I Finsky  : [117] DSC: reviveDownloads()
03-25 15:43:18.979  6649  7602 I Finsky  : [117] Initialized AssetModuleDownloader.
03-25 15:43:18.979  5912  6034 I Finsky:background: [62] DS: reviveDownloads()
03-25 15:43:19.106   781  1236 D BackgroundInstallControlService: Package event received: 0
03-25 15:43:19.331  6506  6506 D BoundBrokerSvc: onUnbind: Intent { act=com.google.android.gms.onboardingconsent.api.ConsentManagerApiService.START dat=chimera-action:/... xflg=0x4 cmp=com.google.android.gms/.chimera.GmsApiService }
03-25 15:43:19.540  6506  6506 D BoundBrokerSvc: onUnbind: Intent { act=com.google.android.gms.ocr.service.internal.START dat=chimera-action:/... xflg=0x4 cmp=com.google.android.gms/.chimera.GmsInternalApiService }
03-25 15:43:19.633  6506  6506 D BoundBrokerSvc: onUnbind: Intent { act=com.google.android.gms.pay.service.BIND dat=chimera-action:/... xflg=0x4 cmp=com.google.android.gms/.chimera.GmsApiService }
03-25 15:43:20.343  6484  6484 D BoundBrokerSvc: onUnbind: Intent { act=com.google.android.gms.findmydevice.spot.service.locationreport.START dat=chimera-action:/... xflg=0x4 cmp=com.google.android.gms/.chimera.PersistentApiService }
03-25 15:43:20.347  6506  6506 D BoundBrokerSvc: onUnbind: Intent { act=com.google.android.gms.safetynet.service.START dat=chimera-action:/... xflg=0x4 cmp=com.google.android.gms/.chimera.GmsBoundBrokerService }
03-25 15:43:20.505   781  1182 I HalDevMgr: bestIfaceCreationProposal is null, requestIface=STA, existingIface=[name=wlan0 type=STA]
03-25 15:43:20.545  6506  6506 D BoundBrokerSvc: onUnbind: Intent { act=com.google.android.mdd.service.START dat=chimera-action:/... xflg=0x4 cmp=com.google.android.gms/.chimera.GmsBoundBrokerService }
03-25 15:43:21.046  6649  6649 I Finsky  : [2] SCH: job service start with id 9231.
03-25 15:43:21.050  6649  7586 I Finsky  : [111] SCH: Satisfied jobs for 9231 are: 10-101
03-25 15:43:21.052  6649  7585 I Finsky  : [110] SCH: Job 10-101 starting
03-25 15:43:21.052  6649  6649 I Finsky  : [2] WM::SCH: Logging work start for 10-101
03-25 15:43:21.053  6649  6649 I Finsky  : [2] AIM: AppInfoManager-Perf > Creating AppInfoManager ...
03-25 15:43:21.063  6649  6649 I Finsky  : [2] AIM: AppInfoManager-Perf > getLocalApps > called: USE_CACHE
03-25 15:43:21.066  6649  6702 I Finsky  : [56] AIM: AppInfoManager-Perf > getInstalledAppsFromPackageStateRepository > packageNames ready: Installed: 269 + Unowned: 0
03-25 15:43:21.072  6649  6717 I Finsky  : [61] AIM: AppInfoManager-Perf > getLocalApps > packageNames ready: Installed: 269 + Install Queue: 23, Queue only: 0 sample: []
03-25 15:43:21.072  6649  6717 I Finsky  : [61] AIM: AppInfoManager-Perf > getApps > called for 269 apps
03-25 15:43:21.084  6649  6709 I Finsky  : [59] AIM: AppInfoManager-Perf > OnDeviceAppInfo > cacheHitCount=0, cacheMissCount=269. Missed  in cache (limit 10) : [com.google.android.apps.wellbeing, com.android.systemui.emulation.pixel_9_pro, com.android.storagemanager, com.android.printspooler, com.google.android.adservices.api, com.android.emulator.multidisplay, android.auto_generated_rro_vendor__, com.android.pacprocessor, com.android.hardware.threadnetwork, com.android.microdroid.empty_payload]
03-25 15:43:21.088  6649  6723 I Finsky  : [62] AIM: Got app ownership map. App counts: . Unique apps: 0
03-25 15:43:21.089  6649  6723 E Finsky  : [62] [Counters] attempted to use a non-positive increment for: 4752
03-25 15:43:21.122  6649  6723 E Finsky  : [62] [Counters] attempted to use a non-positive increment for: 4753
03-25 15:43:21.126  6649  6649 W Finsky  : [2] STU: Failed to get storage stats for package 'com.android.hardware.threadnetwork' (1601: Error getting stats: android.content.pm.PackageManager.NameNotFoundException)
03-25 15:43:21.134  6649  6723 I Finsky  : [62] AIM: AppInfoManager-Perf > ItemModel > CacheSize=0, cacheHitCount=0, cacheMissCount=269, total appsWithNoServerDataCount=0. Missed  in cache (limit 10) : [com.android.traceur, com.android.internal.emulation.pixel_9_pro_fold, com.android.hardware.authsecret, com.android.providers.calendar, com.android.networkstack.tethering.emulator, com.android.emulator.multidisplay, com.google.android.gms, com.android.providers.contacts.auto_generated_rro_product__, com.android.egg, com.android.internal.emulation.pixel_10_pro_fold]
03-25 15:43:21.137  6649  6723 I Finsky  : [62] Created new item store.
03-25 15:43:21.137  6649  6723 I Finsky  : [62] AIM: AppInfoManager-Perf > ItemModel > ItemStore Called 269 apps cacheOptions = USE_CACHE
03-25 15:43:21.141  6649  6723 I Finsky  : [62] AIM: ItemModel fetch - unauth(269), auth()
03-25 15:43:21.151  6649  6649 W Finsky  : [2] STU: Failed to get storage stats for package 'com.android.hardware.vibrator' (1601: Error getting stats: android.content.pm.PackageManager.NameNotFoundException)
03-25 15:43:21.167  6649  6649 W Finsky  : [2] STU: Failed to get storage stats for package 'com.android.compos' (1601: Error getting stats: android.content.pm.PackageManager.NameNotFoundException)
03-25 15:43:21.170  6649  6649 W Finsky  : [2] STU: Failed to get storage stats for package 'com.google.android.widevine.nonupdatable' (1601: Error getting stats: android.content.pm.PackageManager.NameNotFoundException)
03-25 15:43:21.222  6649  6717 I Finsky  : [61] ItemStore: Not cached: com.android.traceur
03-25 15:43:21.222  6649  6717 I Finsky  : [61] ItemStore: Not cached: com.android.internal.emulation.pixel_9_pro_fold
03-25 15:43:21.222  6649  6717 I Finsky  : [61] ItemStore: Not cached: com.android.hardware.authsecret
03-25 15:43:21.222  6649  6717 I Finsky  : [61] ItemStore: Not cached: com.android.providers.calendar
03-25 15:43:21.222  6649  6717 I Finsky  : [61] ItemStore: Not cached: com.android.networkstack.tethering.emulator
03-25 15:43:21.222  6649  6717 I Finsky  : [61] ItemStore: Not cached: com.android.emulator.multidisplay
03-25 15:43:21.222  6649  6717 I Finsky  : [61] ItemStore: Not cached: com.google.android.gms
03-25 15:43:21.222  6649  6717 I Finsky  : [61] ItemStore: Not cached: com.android.providers.contacts.auto_generated_rro_product__
03-25 15:43:21.222  6649  6717 I Finsky  : [61] ItemStore: Not cached: com.android.internal.emulation.pixel_10_pro_fold
03-25 15:43:21.222  6649  6717 I Finsky  : [61] ItemStore: Not cached: com.android.egg
03-25 15:43:21.223  6649  6717 I Finsky  : [61] ItemStore: Not cached: com.android.wallpapercropper
03-25 15:43:21.223  6649  6717 I Finsky  : [61] ItemStore: Not cached: com.google.android.ondevicepersonalization.services
03-25 15:43:21.223  6649  6717 I Finsky  : [61] ItemStore: Not cached: com.android.carrierdefaultapp
03-25 15:43:21.223  6649  6717 I Finsky  : [61] ItemStore: Not cached: com.android.sharedstoragebackup
03-25 15:43:21.223  6649  6717 I Finsky  : [61] ItemStore: Not cached: com.google.android.ext.shared
03-25 15:43:21.223  6649  6717 I Finsky  : [61] ItemStore: Not cached: com.android.cts.priv.ctsshim
03-25 15:43:21.223  6649  6717 I Finsky  : [61] ItemStore: Not cached: com.google.android.apps.youtube.music
03-25 15:43:21.223  6649  6717 I Finsky  : [61] ItemStore: Not cached: com.android.devicelockcontroller
03-25 15:43:21.223  6649  6717 I Finsky  : [61] ItemStore: Not cached: com.android.internal.emulation.pixel_8a
03-25 15:43:21.223  6649  6717 I Finsky  : [61] ItemStore: Not cached: com.android.hardware.threadnetwork
03-25 15:43:21.223  6649  6717 I Finsky  : [61] ItemStore: Not cached: com.android.internal.emulation.pixel_7_pro
03-25 15:43:21.223  6649  6717 I Finsky  : [61] ItemStore: Not cached: com.android.internal.display.cutout.emulation.waterfall
03-25 15:43:21.223  6649  6717 I Finsky  : [61] ItemStore: Not cached: com.google.android.soundpicker
03-25 15:43:21.223  6649  6717 I Finsky  : [61] ItemStore: Not cached: com.android.vending
03-25 15:43:21.223  6649  6717 I Finsky  : [61] ItemStore: Not cached: com.android.systemui.emulation.pixel_3a
03-25 15:43:21.223  6649  6717 I Finsky  : [61] ItemStore: Not cached: com.google.android.federatedcompute
03-25 15:43:21.223  6649  6717 I Finsky  : [61] ItemStore: Not cached: android
03-25 15:43:21.223  6649  6717 I Finsky  : [61] ItemStore: Not cached: com.android.systemui.auto_generated_rro_vendor__
03-25 15:43:21.223  6649  6717 I Finsky  : [61] ItemStore: Not cached: com.android.location.fused
03-25 15:43:21.223  6649  6717 I Finsky  : [61] ItemStore: Not cached: com.android.camera2
03-25 15:43:21.223  6649  6717 I Finsky  : [61] ItemStore: Not cached: com.android.systemui.emulation.pixel_9_pro_xl
03-25 15:43:21.223  6649  6717 I Finsky  : [61] ItemStore: Not cached: com.android.managedprovisioning.auto_generated_rro_product__
03-25 15:43:21.223  6649  6717 I Finsky  : [61] ItemStore: Not cached: com.android.dynsystem
03-25 15:43:21.223  6649  6717 I Finsky  : [61] ItemStore: Not cached: com.google.android.apps.accessibility.voiceaccess
03-25 15:43:21.223  6649  6717 I Finsky  : [61] ItemStore: Not cached: com.android.providers.telephony
03-25 15:43:21.223  6649  6717 I Finsky  : [61] ItemStore: Not cached: com.android.microdroid.empty_payload
03-25 15:43:21.223  6649  6717 I Finsky  : [61] ItemStore: Not cached: com.android.hardware.dumpstate
03-25 15:43:21.223  6649  6717 I Finsky  : [61] ItemStore: Not cached: com.google.android.networkstack.tethering.emulator
03-25 15:43:21.223  6649  6717 I Finsky  : [61] ItemStore: Not cached: com.android.systemui.emulation.pixel_9a
03-25 15:43:21.223  6649  6717 I Finsky  : [61] ItemStore: Not cached: com.android.server.telecom
03-25 15:43:21.223  6649  6717 I Finsky  : [61] ItemStore: Not cached: com.android.systemui.emulation.pixel_9
03-25 15:43:21.223  6649  6717 I Finsky  : [61] ItemStore: Not cached: com.android.systemui.emulation.pixel_10_pro_xl
03-25 15:43:21.224  6649  6717 I Finsky  : [61] ItemStore: Not cached: com.android.providers.telephony.auto_generated_characteristics_rro
03-25 15:43:21.224  6649  6717 I Finsky  : [61] ItemStore: Not cached: com.google.android.googlequicksearchbox
03-25 15:43:21.224  6649  6717 I Finsky  : [61] ItemStore: Not cached: com.android.systemui.emulation.pixel_8
03-25 15:43:21.224  6649  6717 I Finsky  : [61] ItemStore: Not cached: com.android.virtualization.terminal
03-25 15:43:21.224  6649  6717 I Finsky  : [61] ItemStore: Not cached: com.google.android.cellbroadcastservice
03-25 15:43:21.224  6649  6717 I Finsky  : [61] ItemStore: Not cached: com.google.android.youtube
03-25 15:43:21.224  6649  6717 I Finsky  : [61] ItemStore: Not cached: com.android.systemui.auto_generated_rro_product__
03-25 15:43:21.224  6649  6717 I Finsky  : [61] ItemStore: Not cached: com.android.hardware.power
03-25 15:43:21.224  6649  6717 I Finsky  : [61] ItemStore: Not cached: com.android.storagemanager.auto_generated_rro_product__
03-25 15:43:21.224  6649  6717 I Finsky  : [61] ItemStore: Not cached: com.google.android.hotspot2.osulogin
03-25 15:43:21.224  6649  6717 I Finsky  : [61] ItemStore: Not cached: com.android.musicfx
03-25 15:43:21.224  6649  6717 I Finsky  : [61] ItemStore: Not cached: com.google.android.runtime
03-25 15:43:21.224  6649  6717 I Finsky  : [61] ItemStore: Not cached: com.android.providers.partnerbookmarks
03-25 15:43:21.224  6649  6717 I Finsky  : [61] ItemStore: Not cached: com.google.android.inputmethod.latin
03-25 15:43:21.224  6649  6717 I Finsky  : [61] ItemStore: Not cached: com.google.android.glasses.core
03-25 15:43:21.224  6649  6717 I Finsky  : [61] ItemStore: Not cached: com.google.android.telephony.satellite
03-25 15:43:21.224  6649  6717 I Finsky  : [61] ItemStore: Not cached: com.android.systemui.emulation.pixel_fold
03-25 15:43:21.224  6649  6717 I Finsky  : [61] ItemStore: Not cached: com.android.server.telecom.auto_generated_rro_product__
03-25 15:43:21.224  6649  6717 I Finsky  : [61] ItemStore: Not cached: com.android.internal.emulation.pixel_9
03-25 15:43:21.224  6649  6717 I Finsky  : [61] ItemStore: Not cached: com.android.providers.downloads
03-25 15:43:21.224  6649  6717 I Finsky  : [61] ItemStore: Not cached: com.google.android.uwb.resources.goldfish.overlay
03-25 15:43:21.224  6649  6717 I Finsky  : [61] ItemStore: Not cached: com.google.android.apps.wallpaper
03-25 15:43:21.224  6649  6717 I Finsky  : [61] ItemStore: Not cached: com.google.android.adservices.api
03-25 15:43:21.224  6649  6717 I Finsky  : [61] ItemStore: Not cached: com.android.carrierconfig.auto_generated_rro_product__
03-25 15:43:21.224  6649  6716 I Finsky  : [60] ItemStore: Not cached: android.auto_generated_rro_product__
03-25 15:43:21.224  6649  6716 I Finsky  : [60] ItemStore: Not cached: com.android.compos
03-25 15:43:21.224  6649  6716 I Finsky  : [60] ItemStore: Not cached: com.android.cameraextensions
03-25 15:43:21.224  6649  6716 I Finsky  : [60] ItemStore: Not cached: com.android.internal.emulation.pixel_fold
03-25 15:43:21.224  6649  6716 I Finsky  : [60] ItemStore: Not cached: com.android.internal.emulation.pixel_4a
03-25 15:43:21.224  6649  6716 I Finsky  : [60] ItemStore: Not cached: com.android.wallpaper
03-25 15:43:21.224  6649  6716 I Finsky  : [60] ItemStore: Not cached: com.google.android.apps.wellbeing
03-25 15:43:21.224  6649  6716 I Finsky  : [60] ItemStore: Not cached: com.android.internal.emulation.pixel_6_pro
03-25 15:43:21.224  6649  6716 I Finsky  : [60] ItemStore: Not cached: com.android.i18n
03-25 15:43:21.224  6649  6716 I Finsky  : [60] ItemStore: Not cached: com.google.android.bluetooth
03-25 15:43:21.224  6649  6716 I Finsky  : [60] ItemStore: Not cached: com.google.android.apps.messaging
03-25 15:43:21.224  6649  6716 I Finsky  : [60] ItemStore: Not cached: com.google.android.tts
03-25 15:43:21.224  6649  6716 I Finsky  : [60] ItemStore: Not cached: com.google.android.connectivity.resources.goldfish.overlay
03-25 15:43:21.224  6649  6716 I Finsky  : [60] ItemStore: Not cached: com.google.android.onetimeinitializer
03-25 15:43:21.224  6649  6716 I Finsky  : [60] ItemStore: Not cached: com.android.internal.emulation.pixel_7a
03-25 15:43:21.224  6649  6716 I Finsky  : [60] ItemStore: Not cached: com.android.internal.emulation.pixel_9a
03-25 15:43:21.224  6649  6716 I Finsky  : [60] ItemStore: Not cached: com.android.systemui.emulation.pixel_7_pro
03-25 15:43:21.224  6649  6716 I Finsky  : [60] ItemStore: Not cached: com.google.android.healthconnect.controller
03-25 15:43:21.224  6649  6716 I Finsky  : [60] ItemStore: Not cached: com.android.backupconfirm
03-25 15:43:21.224  6649  6716 I Finsky  : [60] ItemStore: Not cached: com.android.systemui.emulation.pixel_5
03-25 15:43:21.224  6649  6716 I Finsky  : [60] ItemStore: Not cached: com.android.hardware.contexthub
03-25 15:43:21.224  6649  6716 I Finsky  : [60] ItemStore: Not cached: com.google.android.contacts
03-25 15:43:21.224  6649  6716 I Finsky  : [60] ItemStore: Not cached: com.android.internal.ranchu.commonoverlay
03-25 15:43:21.224  6649  6716 I Finsky  : [60] ItemStore: Not cached: com.google.android.partnersetup
03-25 15:43:21.224  6649  6716 I Finsky  : [60] ItemStore: Not cached: com.android.bluetoothmidiservice
03-25 15:43:21.224  6649  6717 I Finsky  : [61] ItemStore: Not cached: android.auto_generated_rro_vendor__
03-25 15:43:21.224  6649  6717 I Finsky  : [61] ItemStore: Not cached: com.google.android.packageinstaller
03-25 15:43:21.224  6649  6717 I Finsky  : [61] ItemStore: Not cached: com.android.systemui.accessibility.accessibilitymenu
03-25 15:43:21.224  6649  6717 I Finsky  : [61] ItemStore: Not cached: com.google.android.appsearch.apk
03-25 15:43:21.224  6649  6717 I Finsky  : [61] ItemStore: Not cached: com.android.devicediagnostics.auto_generated_rro_product__
03-25 15:43:21.224  6649  6717 I Finsky  : [61] ItemStore: Not cached: com.google.android.sdksandbox
03-25 15:43:21.224  6649  6717 I Finsky  : [61] ItemStore: Not cached: com.google.android.nfc
03-25 15:43:21.224  6649  6717 I Finsky  : [61] ItemStore: Not cached: com.android.carrierconfig.auto_generated_rro_vendor__
03-25 15:43:21.224  6649  6717 I Finsky  : [61] ItemStore: Not cached: com.android.vpndialogs
03-25 15:43:21.224  6649  6717 I Finsky  : [61] ItemStore: Not cached: com.android.cellbroadcastreceiver
03-25 15:43:21.225  6649  6717 I Finsky  : [61] ItemStore: Not cached: com.android.providers.blockednumber
03-25 15:43:21.225  6649  6717 I Finsky  : [61] ItemStore: Not cached: com.google.android.apps.nexuslauncher
03-25 15:43:21.225  6649  6717 I Finsky  : [61] ItemStore: Not cached: com.google.android.tag
03-25 15:43:21.225  6649  6717 I Finsky  : [61] ItemStore: Not cached: com.android.providers.media
03-25 15:43:21.225  6649  6717 I Finsky  : [61] ItemStore: Not cached: com.android.hardware.gatekeeper
03-25 15:43:21.225  6649  6717 I Finsky  : [61] ItemStore: Not cached: com.android.internal.display.cutout.emulation.corner
03-25 15:43:21.225  6649  6717 I Finsky  : [61] ItemStore: Not cached: com.android.systemui.emulation.pixel_6
03-25 15:43:21.225  6649  6717 I Finsky  : [61] ItemStore: Not cached: com.google.android.overlay.pixelconfigcommon
03-25 15:43:21.225  6649  6717 I Finsky  : [61] ItemStore: Not cached: com.android.internal.systemui.navbar.twobutton
03-25 15:43:21.225  6649  6723 I Finsky  : [62] ItemStore: Not cached: com.android.internal.emulation.pixel_3
03-25 15:43:21.225  6649  6723 I Finsky  : [62] ItemStore: Not cached: com.android.proxyhandler
03-25 15:43:21.225  6649  6723 I Finsky  : [62] ItemStore: Not cached: com.android.systemui
03-25 15:43:21.225  6649  6709 I Finsky  : [59] ItemStore: Not cached: com.android.systemui.emulation.pixel_3
03-25 15:43:21.225  6649  6709 I Finsky  : [59] ItemStore: Not cached: com.android.cts.ctsshim
03-25 15:43:21.225  6649  6709 I Finsky  : [59] ItemStore: Not cached: com.android.systemui.emulation.pixel_8a
03-25 15:43:21.225  6649  6709 I Finsky  : [59] ItemStore: Not cached: com.android.shell
03-25 15:43:21.225  6649  6717 I Finsky  : [61] ItemStore: Not cached: com.google.android.printservice.recommendation
03-25 15:43:21.225  6649  6717 I Finsky  : [61] ItemStore: Not cached: com.google.android.projection.gearhead
03-25 15:43:21.225  6649  6717 I Finsky  : [61] ItemStore: Not cached: com.android.ons
03-25 15:43:21.225  6649  6717 I Finsky  : [61] ItemStore: Not cached: com.android.chrome
03-25 15:43:21.225  6649  6717 I Finsky  : [61] ItemStore: Not cached: com.android.providers.contacts
03-25 15:43:21.225  6649  6717 I Finsky  : [61] ItemStore: Not cached: com.google.android.server.deviceconfig.resources
03-25 15:43:21.225  6649  6717 I Finsky  : [61] ItemStore: Not cached: com.android.providers.telephony.auto_generated_rro_product__
03-25 15:43:21.225  6649  6716 I Finsky  : [60] ItemStore: Not cached: com.android.companiondevicemanager.auto_generated_characteristics_rro
03-25 15:43:21.226  6649  6716 I Finsky  : [60] ItemStore: Not cached: com.google.android.dialer
03-25 15:43:21.226  6649  6716 I Finsky  : [60] ItemStore: Not cached: com.android.compos.payload
03-25 15:43:21.226  6649  6716 I Finsky  : [60] ItemStore: Not cached: com.android.internal.display.cutout.emulation.tall
03-25 15:43:21.226  6649  6716 I Finsky  : [60] ItemStore: Not cached: com.android.mtp
03-25 15:43:21.226  6649  6716 I Finsky  : [60] ItemStore: Not cached: android.auto_generated_characteristics_rro
03-25 15:43:21.226  6649  6716 I Finsky  : [60] ItemStore: Not cached: com.google.android.rkpdapp
03-25 15:43:21.226  6649  6716 I Finsky  : [60] ItemStore: Not cached: com.google.android.feedback
03-25 15:43:21.226  6649  6716 I Finsky  : [60] ItemStore: Not cached: com.google.android.wifi.resources
03-25 15:43:21.226  6649  6716 I Finsky  : [60] ItemStore: Not cached: com.android.wallpaperbackup
03-25 15:43:21.226  6649  6716 I Finsky  : [60] ItemStore: Not cached: com.android.providers.settings.auto_generated_rro_product__
03-25 15:43:21.226  6649  6723 I Finsky  : [62] ItemStore: Not cached: com.android.devicelock
03-25 15:43:21.226  6649  6723 I Finsky  : [62] ItemStore: Not cached: com.android.providers.userdictionary
03-25 15:43:21.226  6649  6723 I Finsky  : [62] ItemStore: Not cached: com.google.android.overlay.googleconfig
03-25 15:43:21.226  6649  6723 I Finsky  : [62] ItemStore: Not cached: com.google.android.settings.intelligence
03-25 15:43:21.226  6649  6723 I Finsky  : [62] ItemStore: Not cached: com.android.systemui.emulation.pixel_8_pro
03-25 15:43:21.226  6649  6723 I Finsky  : [62] ItemStore: Not cached: com.google.android.apps.customization.pixel
03-25 15:43:21.226  6649  6649 W Finsky  : [2] STU: Failed to get storage stats for package 'com.android.hardware.contexthub' (1601: Error getting stats: android.content.pm.PackageManager.NameNotFoundException)
03-25 15:43:21.226  6649  6709 I Finsky  : [59] ItemStore: Not cached: com.google.android.overlay.largescreensettingsprovider
03-25 15:43:21.226  6649  6709 I Finsky  : [59] ItemStore: Not cached: com.android.internal.emulation.pixel_9_pro
03-25 15:43:21.226  6649  6709 I Finsky  : [59] ItemStore: Not cached: com.google.android.safetycenter.resources
03-25 15:43:21.227  6649  6709 I Finsky  : [59] ItemStore: Not cached: com.android.internal.systemui.navbar.threebutton
03-25 15:43:21.227  6649  6709 I Finsky  : [59] ItemStore: Not cached: com.android.DeviceAsWebcam
03-25 15:43:21.227  6649  6717 I Finsky  : [61] ItemStore: Not cached: com.android.virt
03-25 15:43:21.227  6649  6717 I Finsky  : [61] ItemStore: Not cached: com.android.internal.emulation.pixel_9_pro_xl
03-25 15:43:21.227  6649  6717 I Finsky  : [61] ItemStore: Not cached: com.android.systemui.emulation.pixel_3a_xl
03-25 15:43:21.227  6649  6717 I Finsky  : [61] ItemStore: Not cached: com.android.internal.systemui.navbar.gestural
03-25 15:43:21.227  6649  6717 I Finsky  : [61] ItemStore: Not cached: com.android.internal.systemui.navbar.transparent
03-25 15:43:21.227  6649  6717 I Finsky  : [61] ItemStore: Not cached: com.android.apex.cts.shim
03-25 15:43:21.227  6649  6717 I Finsky  : [61] ItemStore: Not cached: com.android.internal.emulation.pixel_6
03-25 15:43:21.227  6649  6717 I Finsky  : [61] ItemStore: Not cached: com.android.certinstaller
03-25 15:43:21.227  6649  6716 I Finsky  : [60] ItemStore: Not cached: com.android.internal.emulation.pixel_3_xl
03-25 15:43:21.227  6649  6649 W Finsky  : [2] STU: Failed to get storage stats for package 'com.android.hardware.authsecret' (1601: Error getting stats: android.content.pm.PackageManager.NameNotFoundException)
03-25 15:43:21.227  6649  6709 I Finsky  : [59] ItemStore: Not cached: com.google.android.apps.restore
03-25 15:43:21.227  6649  6709 I Finsky  : [59] ItemStore: Not cached: com.android.hardware.cas
03-25 15:43:21.227  6649  6709 I Finsky  : [59] ItemStore: Not cached: com.android.providers.downloads.ui
03-25 15:43:21.227  6649  6709 I Finsky  : [59] ItemStore: Not cached: com.android.wallpaper.livepicker
03-25 15:43:21.227  6649  6709 I Finsky  : [59] ItemStore: Not cached: com.google.android.providers.media.module
03-25 15:43:21.227  6649  6709 I Finsky  : [59] ItemStore: Not cached: com.android.systemui.emulation.pixel_6a
03-25 15:43:21.227  6649  6709 I Finsky  : [59] ItemStore: Not cached: com.google.android.gsf
03-25 15:43:21.227  6649  6709 I Finsky  : [59] ItemStore: Not cached: com.android.internal.emulation.pixel_8_pro
03-25 15:43:21.227  6649  6709 I Finsky  : [59] ItemStore: Not cached: com.google.android.accessibility.switchaccess
03-25 15:43:21.227  6649  6709 I Finsky  : [59] ItemStore: Not cached: com.android.systemui.emulation.pixel_7
03-25 15:43:21.227  6649  6709 I Finsky  : [59] ItemStore: Not cached: com.google.android.connectivity.resources
03-25 15:43:21.227  6649  6709 I Finsky  : [59] ItemStore: Not cached: com.google.android.googlesdksetup
03-25 15:43:21.227  6649  6709 I Finsky  : [59] ItemStore: Not cached: com.android.systemui.emulation.pixel_4a
03-25 15:43:21.227  6649  6709 I Finsky  : [59] ItemStore: Not cached: com.google.android.photopicker
03-25 15:43:21.227  6649  6709 I Finsky  : [59] ItemStore: Not cached: com.android.phone.auto_generated_rro_vendor__
03-25 15:43:21.227  6649  6709 I Finsky  : [59] ItemStore: Not cached: com.android.storagemanager
03-25 15:43:21.227  6649  6709 I Finsky  : [59] ItemStore: Not cached: com.android.traceur.auto_generated_rro_product__
03-25 15:43:21.227  6649  6709 I Finsky  : [59] ItemStore: Not cached: com.android.emergency
03-25 15:43:21.227  6649  6709 I Finsky  : [59] ItemStore: Not cached: com.google.android.deskclock
03-25 15:43:21.228  6649  6709 I Finsky  : [59] ItemStore: Not cached: com.android.internal.emulation.pixel_4_xl
03-25 15:43:21.228  6649  6709 I Finsky  : [59] ItemStore: Not cached: com.google.android.apps.docs
03-25 15:43:21.228  6649  6709 I Finsky  : [59] ItemStore: Not cached: com.android.credentialmanager
03-25 15:43:21.228  6649  6709 I Finsky  : [59] ItemStore: Not cached: com.google.android.avatarpicker
03-25 15:43:21.228  6649  6709 I Finsky  : [59] ItemStore: Not cached: com.google.android.widevine.nonupdatable
03-25 15:43:21.228  6649  6709 I Finsky  : [59] ItemStore: Not cached: com.android.internal.emulation.pixel_10_pro_xl
03-25 15:43:21.228  6649  6709 I Finsky  : [59] ItemStore: Not cached: com.android.intentresolver
03-25 15:43:21.228  6649  6709 I Finsky  : [59] ItemStore: Not cached: com.android.hardware.uwb
03-25 15:43:21.228  6649  6709 I Finsky  : [59] ItemStore: Not cached: com.android.internal.emulation.pixel_10
03-25 15:43:21.228  6649  6709 I Finsky  : [59] ItemStore: Not cached: com.android.internal.emulation.pixel_2_xl
03-25 15:43:21.228  6649  6709 I Finsky  : [59] ItemStore: Not cached: com.google.android.webview
03-25 15:43:21.228  6649  6709 I Finsky  : [59] ItemStore: Not cached: com.google.android.health.connect.backuprestore
03-25 15:43:21.228  6649  6709 I Finsky  : [59] ItemStore: Not cached: com.android.internal.emulation.pixel_8
03-25 15:43:21.228  6649  6709 I Finsky  : [59] ItemStore: Not cached: com.android.phone.auto_generated_characteristics_rro
03-25 15:43:21.228  6649  6709 I Finsky  : [59] ItemStore: Not cached: com.android.theme.font.notoserifsource
03-25 15:43:21.228  6649  6709 I Finsky  : [59] ItemStore: Not cached: com.android.systemui.emulation.pixel_6_pro
03-25 15:43:21.228  6649  6709 I Finsky  : [59] ItemStore: Not cached: com.android.systemui.emulation.pixel_4_xl
03-25 15:43:21.228  6649  6709 I Finsky  : [59] ItemStore: Not cached: com.android.mms.service
03-25 15:43:21.228  6649  6716 I Finsky  : [60] ItemStore: Not cached: com.android.internal.display.cutout.emulation.double
03-25 15:43:21.229  6649  6716 I Finsky  : [60] ItemStore: Not cached: com.android.se
03-25 15:43:21.229  6649  6716 I Finsky  : [60] ItemStore: Not cached: com.android.internal.emulation.pixel_3a_xl
03-25 15:43:21.229  6649  6716 I Finsky  : [60] ItemStore: Not cached: com.android.internal.emulation.pixel_5
03-25 15:43:21.229  6649  6716 I Finsky  : [60] ItemStore: Not cached: com.google.android.cellbroadcastreceiver
03-25 15:43:21.229  6649  6716 I Finsky  : [60] ItemStore: Not cached: com.android.simappdialog
03-25 15:43:21.229  6649  6716 I Finsky  : [60] ItemStore: Not cached: com.android.systemui.emulation.pixel_9_pro
03-25 15:43:21.229  6649  6716 I Finsky  : [60] ItemStore: Not cached: com.android.hardware.rebootescrow
03-25 15:43:21.229  6649  6716 I Finsky  : [60] ItemStore: Not cached: com.android.systemui.plugin.globalactions.wallet
03-25 15:43:21.229  6649  6716 I Finsky  : [60] ItemStore: Not cached: com.google.android.wifi.dialog
03-25 15:43:21.229  6649  6716 I Finsky  : [60] ItemStore: Not cached: com.android.companiondevicemanager
03-25 15:43:21.229  6649  6716 I Finsky  : [60] ItemStore: Not cached: com.android.internal.emulation.pixel_3a
03-25 15:43:21.229  6649  6716 I Finsky  : [60] ItemStore: Not cached: com.android.role.notes.enabled
03-25 15:43:21.229  6649  6709 I Finsky  : [59] ItemStore: Not cached: com.google.android.marvin.talkback
03-25 15:43:21.229  6649  6717 I Finsky  : [61] ItemStore: Not cached: com.google.android.as.oss
03-25 15:43:21.229  6649  6717 I Finsky  : [61] ItemStore: Not cached: com.android.virtualmachine.res
03-25 15:43:21.229  6649  6716 I Finsky  : [60] ItemStore: Not cached: com.google.android.overlay.permissioncontroller
03-25 15:43:21.229  6649  6723 I Finsky  : [62] ItemStore: Not cached: com.google.android.gm
03-25 15:43:21.229  6649  6717 I Finsky  : [61] ItemStore: Not cached: com.android.systemui.emulation.pixel_9_pro_fold
03-25 15:43:21.229  6649  6723 I Finsky  : [62] ItemStore: Not cached: com.google.android.uwb.resources
03-25 15:43:21.229  6649  6717 I Finsky  : [61] ItemStore: Not cached: com.google.android.markup
03-25 15:43:21.229  6649  6717 I Finsky  : [61] ItemStore: Not cached: com.android.systemui.emulation.pixel_10_pro_fold
03-25 15:43:21.229  6649  6709 I Finsky  : [59] ItemStore: Not cached: com.android.dreams.basic
03-25 15:43:21.229  6649  6723 I Finsky  : [62] ItemStore: Not cached: com.android.bips
03-25 15:43:21.229  6649  6709 I Finsky  : [59] ItemStore: Not cached: com.google.android.configupdater
03-25 15:43:21.229  6649  6709 I Finsky  : [59] ItemStore: Not cached: com.google.android.networkstack.tethering
03-25 15:43:21.229  6649  6709 I Finsky  : [59] ItemStore: Not cached: com.android.providers.contactkeys
03-25 15:43:21.229  6649  6709 I Finsky  : [59] ItemStore: Not cached: com.android.internal.emulation.pixel_7
03-25 15:43:21.229  6649  6709 I Finsky  : [59] ItemStore: Not cached: com.google.android.apps.maps
03-25 15:43:21.229  6649  6709 I Finsky  : [59] ItemStore: Not cached: com.android.bookmarkprovider
03-25 15:43:21.229  6649  6716 I Finsky  : [60] ItemStore: Not cached: com.google.android.calendar
03-25 15:43:21.229  6649  6716 I Finsky  : [60] ItemStore: Not cached: com.android.systemui.emulation.pixel_4
03-25 15:43:21.229  6649  6716 I Finsky  : [60] ItemStore: Not cached: com.google.android.marvin.talkbackoverlay
03-25 15:43:21.229  6649  6716 I Finsky  : [60] ItemStore: Not cached: com.android.printspooler
03-25 15:43:21.229  6649  6716 I Finsky  : [60] ItemStore: Not cached: com.android.externalstorage
03-25 15:43:21.229  6649  6716 I Finsky  : [60] ItemStore: Not cached: com.android.hardware.vibrator
03-25 15:43:21.229  6649  6716 I Finsky  : [60] ItemStore: Not cached: com.android.keychain
03-25 15:43:21.229  6649  6716 I Finsky  : [60] ItemStore: Not cached: com.android.calllogbackup
03-25 15:43:21.229  6649  6716 I Finsky  : [60] ItemStore: Not cached: com.au.worklynx
03-25 15:43:21.229  6649  6716 I Finsky  : [60] ItemStore: Not cached: com.android.devicediagnostics
03-25 15:43:21.229  6649  6716 I Finsky  : [60] ItemStore: Not cached: com.android.providers.settings
03-25 15:43:21.229  6649  6716 I Finsky  : [60] ItemStore: Not cached: com.android.systemui.emulation.pixel_10
03-25 15:43:21.229  6649  6716 I Finsky  : [60] ItemStore: Not cached: com.android.htmlviewer
03-25 15:43:21.229  6649  6716 I Finsky  : [60] ItemStore: Not cached: com.google.android.apps.safetyhub
03-25 15:43:21.229  6649  6716 I Finsky  : [60] ItemStore: Not cached: com.google.android.odad
03-25 15:43:21.229  6649  6716 I Finsky  : [60] ItemStore: Not cached: com.android.localtransport
03-25 15:43:21.229  6649  6716 I Finsky  : [60] ItemStore: Not cached: com.android.internal.emulation.pixel_6a
03-25 15:43:21.229  6649  6716 I Finsky  : [60] ItemStore: Not cached: com.android.managedprovisioning
03-25 15:43:21.229  6649  6716 I Finsky  : [60] ItemStore: Not cached: com.android.nfc
03-25 15:43:21.229  6649  6716 I Finsky  : [60] ItemStore: Not cached: com.android.emulator.radio.config
03-25 15:43:21.229  6649  6716 I Finsky  : [60] ItemStore: Not cached: com.google.android.apps.photos
03-25 15:43:21.229  6649  6716 I Finsky  : [60] ItemStore: Not cached: com.android.systemui.emulation.pixel_7a
03-25 15:43:21.229  6649  6716 I Finsky  : [60] ItemStore: Not cached: com.android.phone.auto_generated_rro_product__
03-25 15:43:21.230  6649  6716 I Finsky  : [60] ItemStore: Not cached: com.android.settings.auto_generated_rro_product__
03-25 15:43:21.230  6649  6716 I Finsky  : [60] ItemStore: Not cached: com.android.pacprocessor
03-25 15:43:21.230  6649  6716 I Finsky  : [60] ItemStore: Not cached: com.google.android.as
03-25 15:43:21.230  6649  6709 I Finsky  : [59] ItemStore: Not cached: com.android.systemui.emulation.pixel_3_xl
03-25 15:43:21.230  6649  6709 I Finsky  : [59] ItemStore: Not cached: com.android.settings
03-25 15:43:21.230  6649  6709 I Finsky  : [59] ItemStore: Not cached: com.android.bips.auto_generated_rro_product__
03-25 15:43:21.230  6649  6709 I Finsky  : [59] ItemStore: Not cached: com.android.stk
03-25 15:43:21.230  6649  6709 I Finsky  : [59] ItemStore: Not cached: com.android.phone
03-25 15:43:21.230  6649  6709 I Finsky  : [59] ItemStore: Not cached: com.android.internal.display.cutout.emulation.hole
03-25 15:43:21.230  6649  6709 I Finsky  : [59] ItemStore: Not cached: com.android.internal.emulation.pixel_10_pro
03-25 15:43:21.230  6649  6709 I Finsky  : [59] ItemStore: Not cached: com.android.soundpicker
03-25 15:43:21.230  6649  6723 I Finsky  : [62] ItemStore: Not cached: com.android.internal.display.cutout.emulation.emu01
03-25 15:43:21.230  6649  6723 I Finsky  : [62] ItemStore: Not cached: com.android.simappdialog.auto_generated_rro_product__
03-25 15:43:21.230  6649  6709 I Finsky  : [59] ItemStore: Not cached: com.android.carrierconfig
03-25 15:43:21.230  6649  6717 I Finsky  : [61] ItemStore: Not cached: com.android.hardware.neuralnetworks
03-25 15:43:21.230  6649  6716 I Finsky  : [60] ItemStore: Not cached: com.android.imsserviceentitlement
03-25 15:43:21.230  6649  6723 I Finsky  : [62] ItemStore: Not cached: com.android.systemui.accessibility.accessibilitymenu.auto_generated_rro_product__
03-25 15:43:21.230  6649  6709 I Finsky  : [59] ItemStore: Not cached: com.android.hardware.thermal
03-25 15:43:21.232  6649  6717 I Finsky  : [61] ItemStore: Not cached: com.google.android.gms.supervision
03-25 15:43:21.232  6649  6717 I Finsky  : [61] ItemStore: Not cached: com.google.android.overlay.googlewebview
03-25 15:43:21.232  6649  6717 I Finsky  : [61] ItemStore: Not cached: com.android.internal.emulation.pixel_4
03-25 15:43:21.232  6649  6717 I Finsky  : [61] ItemStore: Not cached: com.android.systemui.emulation.pixel_10_pro
03-25 15:43:21.232  6649  6717 I Finsky  : [61] ItemStore: Not cached: com.google.android.overlay.largescreenconfig
03-25 15:43:21.232  6649  6723 I Finsky  : [62] ItemStore: Not cached: com.android.inputdevices
03-25 15:43:21.241  6649  6649 W Finsky  : [2] STU: Failed to get storage stats for package 'com.android.apex.cts.shim' (1601: Error getting stats: android.content.pm.PackageManager.NameNotFoundException)
03-25 15:43:21.246  6649  6649 W Finsky  : [2] STU: Failed to get storage stats for package 'com.android.hardware.thermal' (1601: Error getting stats: android.content.pm.PackageManager.NameNotFoundException)
03-25 15:43:21.304  6649  6649 W Finsky  : [2] STU: Failed to get storage stats for package 'com.android.hardware.uwb' (1601: Error getting stats: android.content.pm.PackageManager.NameNotFoundException)
03-25 15:43:21.309  6649  6649 W Finsky  : [2] STU: Failed to get storage stats for package 'com.android.virt' (1601: Error getting stats: android.content.pm.PackageManager.NameNotFoundException)
03-25 15:43:21.310  6649  6649 W Finsky  : [2] STU: Failed to get storage stats for package 'com.android.hardware.neuralnetworks' (1601: Error getting stats: android.content.pm.PackageManager.NameNotFoundException)
03-25 15:43:21.323  6649  6649 W Finsky  : [2] STU: Failed to get storage stats for package 'com.android.i18n' (1601: Error getting stats: android.content.pm.PackageManager.NameNotFoundException)
03-25 15:43:21.327  6649  6649 W Finsky  : [2] STU: Failed to get storage stats for package 'com.android.hardware.dumpstate' (1601: Error getting stats: android.content.pm.PackageManager.NameNotFoundException)
03-25 15:43:21.332  6649  6649 W Finsky  : [2] STU: Failed to get storage stats for package 'com.android.hardware.cas' (1601: Error getting stats: android.content.pm.PackageManager.NameNotFoundException)
03-25 15:43:21.345  6649  6649 W Finsky  : [2] STU: Failed to get storage stats for package 'com.google.android.runtime' (1601: Error getting stats: android.content.pm.PackageManager.NameNotFoundException)
03-25 15:43:21.350  6649  6649 W Finsky  : [2] STU: Failed to get storage stats for package 'com.android.devicelock' (1601: Error getting stats: android.content.pm.PackageManager.NameNotFoundException)
03-25 15:43:21.355  6649  6649 W Finsky  : [2] STU: Failed to get storage stats for package 'com.android.hardware.power' (1601: Error getting stats: android.content.pm.PackageManager.NameNotFoundException)
03-25 15:43:21.426  6649  6649 W Finsky  : [2] STU: Failed to get storage stats for package 'com.android.hardware.rebootescrow' (1601: Error getting stats: android.content.pm.PackageManager.NameNotFoundException)
03-25 15:43:21.479  6649  6649 W Finsky  : [2] STU: Failed to get storage stats for package 'com.android.hardware.gatekeeper' (1601: Error getting stats: android.content.pm.PackageManager.NameNotFoundException)
03-25 15:43:21.596  6484  6484 D BoundBrokerSvc: onUnbind: Intent { act=com.google.android.gms.common.telemetry.service.START dat=chimera-action:/... xflg=0x4 cmp=com.google.android.gms/.chimera.PersistentApiService }
03-25 15:43:21.615  6506  6506 D BoundBrokerSvc: onUnbind: Intent { act=com.google.android.gms.audit.service.START dat=chimera-action:/... xflg=0x4 cmp=com.google.android.gms/.chimera.GmsBoundBrokerService }
03-25 15:43:21.699   781  2247 D OomAdjuster: Not killing cached processes
03-25 15:43:21.703  6649  6723 E Finsky  : [62] ItemStore: getItems RPC failed for item com.android.hardware.authsecret
03-25 15:43:21.703  6649  6717 E Finsky  : [61] ItemStore: getItems RPC failed for item com.android.providers.calendar
03-25 15:43:21.703  6649  6709 E Finsky  : [59] ItemStore: getItems RPC failed for item com.android.traceur
03-25 15:43:21.703  6649  6709 E Finsky  : [59] ItemStore: getItems RPC failed for item com.android.internal.emulation.pixel_9_pro_fold
03-25 15:43:21.704  6649  6709 E Finsky  : [59] ItemStore: getItems RPC failed for item com.android.providers.contacts.auto_generated_rro_product__
03-25 15:43:21.704  6649  6717 E Finsky  : [61] ItemStore: getItems RPC failed for item com.android.networkstack.tethering.emulator
03-25 15:43:21.704  6649  6709 E Finsky  : [59] ItemStore: getItems RPC failed for item com.android.internal.emulation.pixel_10_pro_fold
03-25 15:43:21.704  6649  6709 E Finsky  : [59] ItemStore: getItems RPC failed for item com.google.android.ondevicepersonalization.services
03-25 15:43:21.704  6649  6709 E Finsky  : [59] ItemStore: getItems RPC failed for item com.android.carrierdefaultapp
03-25 15:43:21.704  6649  6717 E Finsky  : [61] ItemStore: getItems RPC failed for item com.android.egg
03-25 15:43:21.704  6649  6709 E Finsky  : [59] ItemStore: getItems RPC failed for item com.android.sharedstoragebackup
03-25 15:43:21.704  6649  6717 E Finsky  : [61] ItemStore: getItems RPC failed for item com.google.android.ext.shared
03-25 15:43:21.704  6649  6723 E Finsky  : [62] ItemStore: getItems RPC failed for item com.android.emulator.multidisplay
03-25 15:43:21.704  6649  6717 E Finsky  : [61] ItemStore: getItems RPC failed for item com.android.devicelockcontroller
03-25 15:43:21.704  6649  6717 E Finsky  : [61] ItemStore: getItems RPC failed for item com.android.internal.emulation.pixel_8a
03-25 15:43:21.704  6649  6717 E Finsky  : [61] ItemStore: getItems RPC failed for item com.android.hardware.threadnetwork
03-25 15:43:21.704  6649  6717 E Finsky  : [61] ItemStore: getItems RPC failed for item com.android.internal.display.cutout.emulation.waterfall
03-25 15:43:21.705  6649  6723 E Finsky  : [62] ItemStore: getItems RPC failed for item com.android.wallpapercropper
03-25 15:43:21.705  6649  6723 E Finsky  : [62] ItemStore: getItems RPC failed for item com.android.vending
03-25 15:43:21.705  6649  6723 E Finsky  : [62] ItemStore: getItems RPC failed for item com.google.android.soundpicker
03-25 15:43:21.705  6649  6717 E Finsky  : [61] ItemStore: getItems RPC failed for item com.android.internal.emulation.pixel_7_pro
03-25 15:43:21.705  6649  6723 E Finsky  : [62] ItemStore: getItems RPC failed for item com.android.systemui.emulation.pixel_3a
03-25 15:43:21.705  6649  6723 E Finsky  : [62] ItemStore: getItems RPC failed for item com.google.android.federatedcompute
03-25 15:43:21.705  6649  6723 E Finsky  : [62] ItemStore: getItems RPC failed for item android
