03-25 15:43:28.333   781  2247 W BinderNative:  at android.os.BinderProxy.sendDeathNotice(BinderProxy.java:787)
03-25 15:43:28.356  6484  6484 D BoundBrokerSvc: onUnbind: Intent { act=com.google.android.gms.auth.proximity.START dat=chimera-action:/... xflg=0x4 cmp=com.google.android.gms/.chimera.PersistentBoundBrokerService }
03-25 15:43:28.364  6506  6506 D BoundBrokerSvc: onUnbind: Intent { act=com.google.android.gms.auth.cryptauth.cryptauthservice.START dat=chimera-action:/... xflg=0x4 cmp=com.google.android.gms/.chimera.GmsBoundBrokerService }
03-25 15:43:28.460   781  1236 D BackgroundInstallControlService: Package event received: 0
03-25 15:43:28.531  6950  6955 W android.traceur: userfaultfd: MOVE ioctl seems unsupported: Connection timed out
03-25 15:43:28.693  6484  6484 D BoundBrokerSvc: onUnbind: Intent { act=com.google.android.gms.tapandpay.service.BIND dat=chimera-action:/... xflg=0x4 cmp=com.google.android.gms/.chimera.PersistentApiService }
03-25 15:43:28.887  6506  6506 I NearbySharing: SharingTileService destroyed
03-25 15:43:28.950  6506  6506 D BoundBrokerSvc: onUnbind: Intent { act=com.google.android.gms.chimera.container.moduleinstall.ModuleInstallService.START dat=chimera-action:/... xflg=0x4 cmp=com.google.android.gms/.chimera.GmsApiService }
03-25 15:43:29.085  6484  6484 D BoundBrokerSvc: onUnbind: Intent { act=com.google.android.gms.auth.proximity.devicesyncservice.START dat=chimera-action:/... xflg=0x4 cmp=com.google.android.gms/.chimera.PersistentBoundBrokerService }
03-25 15:43:29.111  6772  6778 W .apps.wellbeing: userfaultfd: MOVE ioctl seems unsupported: Connection timed out
03-25 15:43:29.322  6506  6506 D BoundBrokerSvc: onUnbind: Intent { act=com.google.android.gms.findmydevice.spot.service.management.START dat=chimera-action:/... xflg=0x4 cmp=com.google.android.gms/.chimera.GmsApiService }
03-25 15:43:29.425  6506  6506 D BoundBrokerSvc: onUnbind: Intent { act=com.google.android.gms.auth.service.START xflg=0x4 pkg=com.google.android.gms }
03-25 15:43:29.522   781  1182 I HalDevMgr: bestIfaceCreationProposal is null, requestIface=STA, existingIface=[name=wlan0 type=STA]
03-25 15:43:29.770  6506  6506 D BoundBrokerSvc: onUnbind: Intent { act=com.google.android.mobstore.service.START xflg=0x4 pkg=com.google.android.gms }
03-25 15:43:29.867  6484  6602 I NetworkScheduler.Stats: (REDACTED) Task %s/%s started execution. cause:%s exec_start_elapsed_seconds: %s
03-25 15:43:29.873  6484  6484 D BoundBrokerSvc: onBind: Intent { act=com.google.android.gms.presencemanager.service.START dat=chimera-action:/... xflg=0x4 cmp=com.google.android.gms/.chimera.PersistentApiService }
03-25 15:43:29.873  6484  6484 D BoundBrokerSvc: Loading bound service for intent: Intent { act=com.google.android.gms.presencemanager.service.START dat=chimera-action:/... xflg=0x4 cmp=com.google.android.gms/.chimera.PersistentApiService }
03-25 15:43:29.878  6484  6630 I NetworkScheduler.Stats: (REDACTED) Task %s/%s finished executing. cause:%s result: %s elapsed_millis: %s uptime_millis: %s exec_start_elapsed_seconds: %s
03-25 15:43:29.879  6484  6484 D BoundBrokerSvc: onBind: Intent { act=com.google.android.gms.presencemanager.service.INTERNAL_IDENTITY dat=chimera-action:/... xflg=0x4 cmp=com.google.android.gms/.chimera.PersistentApiService }
03-25 15:43:29.879  6484  6484 D BoundBrokerSvc: Loading bound service for intent: Intent { act=com.google.android.gms.presencemanager.service.INTERNAL_IDENTITY dat=chimera-action:/... xflg=0x4 cmp=com.google.android.gms/.chimera.PersistentApiService }
03-25 15:43:30.141  6506  6506 D BoundBrokerSvc: onUnbind: Intent { act=com.google.android.gms.constellation.service.START xflg=0x4 pkg=com.google.android.gms }
03-25 15:43:30.159  7064  7071 W oadcastreceiver: userfaultfd: MOVE ioctl seems unsupported: Connection timed out
03-25 15:43:30.875  6484  6484 I NearbyUWB: (REDACTED) Initiating shutdown of ServiceControllerRouter %s.
03-25 15:43:30.878  6484  6635 I NearbyUWB: (REDACTED) Completed shutdown of ServiceControllerRouter %s.
03-25 15:43:30.878  6484  6484 I Nearby  : (REDACTED) Successfully shutdown executor %s.
03-25 15:43:30.878  6484  6484 I Nearby  : (REDACTED) Successfully shutdown executor %s.
03-25 15:43:31.491  6951  7000 W ty.switchaccess: userfaultfd: MOVE ioctl seems unsupported: Connection timed out
03-25 15:43:31.518  6506  6506 D BoundBrokerSvc: onUnbind: Intent { act=com.google.android.gms.notifications.capping.api.NotificationsCappingApiService.START dat=chimera-action:/... xflg=0x4 cmp=com.google.android.gms/.chimera.GmsApiService }
03-25 15:43:31.794  6484  6484 D BoundBrokerSvc: onUnbind: Intent { act=com.google.android.gms.pseudonymous.service.START xflg=0x4 pkg=com.google.android.gms }
03-25 15:43:31.851   781   900 D ActivityManager: freezing 6649 com.android.vending
03-25 15:43:31.854   781   900 D ActivityManager: freezing 5912 com.android.vending:background
03-25 15:43:31.925   781  1188 D InetDiagMessage: Destroyed 3 sockets, proto=IPPROTO_TCP, family=AF_INET, states=14
03-25 15:43:31.926   781  1188 D InetDiagMessage: Destroyed 2 sockets, proto=IPPROTO_TCP, family=AF_INET6, states=14
03-25 15:43:31.926   781  1188 D InetDiagMessage: Destroyed live tcp sockets for uids={10153} in 3ms
03-25 15:43:32.365   781  1496 D OomAdjuster: Not killing cached processes
03-25 15:43:32.365  6484  6484 D BoundBrokerSvc: onUnbind: Intent { act=com.google.android.gms.auth.aang.events.services.START dat=chimera-action:/... xflg=0x4 cmp=com.google.android.gms/.chimera.PersistentApiService }
03-25 15:43:32.416  6506  6506 D BoundBrokerSvc: onUnbind: Intent { act=com.google.android.gms.auth.blockstore.service.START dat=chimera-action:/... xflg=0x4 cmp=com.google.android.gms/.chimera.GmsApiService }
03-25 15:43:32.529   781  1182 I HalDevMgr: bestIfaceCreationProposal is null, requestIface=STA, existingIface=[name=wlan0 type=STA]
03-25 15:43:32.867   781   900 D ActivityManager: freezing 6839 com.google.android.gms.unstable
03-25 15:43:33.339   781   814 I ActivityManager: Test idle failed due to 5eb3381 6158:com.android.vending:quick_launch/u0a153 runnable at +1m39s304ms because CACHED
03-25 15:43:34.914  6484  6546 I NetworkScheduler.Stats: (REDACTED) Task %s/%s started execution. cause:%s exec_start_elapsed_seconds: %s
03-25 15:43:34.914  6484  6602 I TapAndPay: deviceSupportsHce has detected emulator [CONTEXT service_id=79 ]
03-25 15:43:34.916  6484  6602 I TapAndPay: NfcAdapter is null while obtaining CardEmulation instance. [CONTEXT service_id=79 ]
03-25 15:43:34.918  6484  6602 I NetworkScheduler.Stats: (REDACTED) Task %s/%s finished executing. cause:%s result: %s elapsed_millis: %s uptime_millis: %s exec_start_elapsed_seconds: %s
03-25 15:43:35.135  7648  7648 W libbinder.BackendUnifiedServiceManager: Thread Pool max thread count is 0. Cannot cache binder as linkToDeath cannot be implemented. serviceName: package
03-25 15:43:35.199   936   994 I artd    : GetBestInfo: odex next to the dex file (/data/app/~~32mSsyyyJoLgqSITb4Sysw==/com.google.android.gms-UFlDQ3_XD8vHkgAS_WQ4WA==/oat/x86_64/base.odex) is kOatUpToDate with filter 'speed-profile' executable 'false'
03-25 15:43:35.201   936   994 I artd    : GetBestInfo: odex next to the dex file (/data/app/~~32mSsyyyJoLgqSITb4Sysw==/com.google.android.gms-UFlDQ3_XD8vHkgAS_WQ4WA==/oat/x86_64/split_AdsDynamite_installtime.odex) is kOatUpToDate with filter 'speed' executable 'false'
03-25 15:43:35.202   936   994 I artd    : GetBestInfo: odex next to the dex file (/data/app/~~32mSsyyyJoLgqSITb4Sysw==/com.google.android.gms-UFlDQ3_XD8vHkgAS_WQ4WA==/oat/x86_64/split_CronetDynamite_installtime.odex) is kOatUpToDate with filter 'speed' executable 'false'
03-25 15:43:35.204   936   994 I artd    : GetBestInfo: odex next to the dex file (/data/app/~~32mSsyyyJoLgqSITb4Sysw==/com.google.android.gms-UFlDQ3_XD8vHkgAS_WQ4WA==/oat/x86_64/split_DynamiteLoader_installtime.odex) is kOatUpToDate with filter 'speed' executable 'false'
03-25 15:43:35.205   936   994 I artd    : GetBestInfo: odex next to the dex file (/data/app/~~32mSsyyyJoLgqSITb4Sysw==/com.google.android.gms-UFlDQ3_XD8vHkgAS_WQ4WA==/oat/x86_64/split_DynamiteModulesA_installtime.odex) is kOatUpToDate with filter 'speed' executable 'false'
03-25 15:43:35.207   936   994 I artd    : GetBestInfo: odex next to the dex file (/data/app/~~32mSsyyyJoLgqSITb4Sysw==/com.google.android.gms-UFlDQ3_XD8vHkgAS_WQ4WA==/oat/x86_64/split_DynamiteModulesC_installtime.odex) is kOatUpToDate with filter 'speed' executable 'false'
03-25 15:43:35.208   936   994 I artd    : GetBestInfo: odex next to the dex file (/data/app/~~32mSsyyyJoLgqSITb4Sysw==/com.google.android.gms-UFlDQ3_XD8vHkgAS_WQ4WA==/oat/x86_64/split_GoogleCertificates_installtime.odex) is kOatUpToDate with filter 'speed' executable 'false'
03-25 15:43:35.209   936   994 I artd    : GetBestInfo: odex next to the dex file (/data/app/~~32mSsyyyJoLgqSITb4Sysw==/com.google.android.gms-UFlDQ3_XD8vHkgAS_WQ4WA==/oat/x86_64/split_MapsDynamite_installtime.odex) is kOatUpToDate with filter 'speed' executable 'false'
03-25 15:43:35.211   936   945 I artd    : GetBestInfo: odex next to the dex file (/data/app/~~32mSsyyyJoLgqSITb4Sysw==/com.google.android.gms-UFlDQ3_XD8vHkgAS_WQ4WA==/oat/x86_64/split_MeasurementDynamite_installtime.odex) is kOatUpToDate with filter 'speed' executable 'false'
03-25 15:43:35.213   936   945 I artd    : GetBestInfo: odex next to the dex file (/data/app/~~32mSsyyyJoLgqSITb4Sysw==/com.google.android.gms-UFlDQ3_XD8vHkgAS_WQ4WA==/oat/x86_64/split_all_locale_splits.odex) is kOatUpToDate with filter 'speed' executable 'false'
03-25 15:43:35.214   936   945 I artd    : GetBestInfo: /data/user_de/0/com.google.android.gms/app_chimera/m/0000000b/dl-MlkitBarcodeUi.optional_253434100800.apk has no usable artifacts
03-25 15:43:35.215   936   945 I artd    : GetBestInfo: /data/user_de/0/com.google.android.gms/app_chimera/m/00000008/dl-Appsearch.optional_253434100800.apk has no usable artifacts
03-25 15:43:35.216   936   945 I artd    : GetBestInfo: /data/user_de/0/com.google.android.gms/app_chimera/m/00000001/CronetDynamite.apk has no usable artifacts
03-25 15:43:35.217   936   945 I artd    : GetBestInfo: /data/user_de/0/com.google.android.gms/app_chimera/m/00000014/dl-MlkitOcrCommon.optional_261133100800.apk has no usable artifacts
03-25 15:43:35.218   936   945 I artd    : GetBestInfo: /data/user_de/0/com.google.android.gms/app_chimera/m/00000011/dl-Appsearch.optional_261133100800.apk has no usable artifacts
03-25 15:43:35.218   936   945 I artd    : GetBestInfo: /data/user_de/0/com.google.android.gms/app_chimera/m/00000002/DynamiteLoader.apk has no usable artifacts
03-25 15:43:35.219   936   945 I artd    : GetBestInfo: /data/user_de/0/com.google.android.gms/app_chimera/m/00000005/GoogleCertificates.apk has no usable artifacts
03-25 15:43:35.220   936   945 I artd    : GetBestInfo: /data/user_de/0/com.google.android.gms/app_chimera/m/00000009/dl-TfliteDynamiteDynamite.integ_252130102100800.apk has no usable artifacts
03-25 15:43:35.221   936   945 I artd    : GetBestInfo: /data/user_de/0/com.google.android.gms/app_chimera/m/0000000c/dl-PlayCloudSearch.optional_253434100000.apk has no usable artifacts
03-25 15:43:35.222   936   945 I artd    : GetBestInfo: /data/user_de/0/com.google.android.gms/app_chimera/m/0000000f/dl-VisionOcr.optional_261133100000.apk has no usable artifacts
03-25 15:43:35.223   936   945 I artd    : GetBestInfo: vdex next to the dex file (/data/user/0/com.google.android.gms/app_dg_cache/E054CA794C125F959C88D4849C82AB3F226237E6/oat/x86_64/the.vdex) is kOatUpToDate with filter 'verify' executable 'false'
03-25 15:43:35.224   936   945 I artd    : GetBestInfo: /data/user_de/0/com.google.android.gms/app_chimera/m/00000012/dl-MlkitBarcodeUi.optional_261133100800.apk has no usable artifacts
03-25 15:43:35.225   936   945 I artd    : GetBestInfo: /data/user_de/0/com.google.android.gms/app_chimera/m/00000010/dl-PlayCloudSearch.optional_261133100000.apk has no usable artifacts
03-25 15:43:35.226   936   945 I artd    : GetBestInfo: /data/user_de/0/com.google.android.gms/app_chimera/m/00000007/MeasurementDynamite.apk has no usable artifacts
03-25 15:43:35.404  6506  6549 I ChimeraPrvdrProxy: Shutting down chimera ContentProvider com.google.android.gms.reminders.provider.RemindersChimeraProvider
03-25 15:43:35.536   781  1182 I HalDevMgr: bestIfaceCreationProposal is null, requestIface=STA, existingIface=[name=wlan0 type=STA]
03-25 15:43:36.289  6979  7009 W .apps.safetyhub: userfaultfd: MOVE ioctl seems unsupported: Connection timed out
03-25 15:43:37.083   781   900 D ActivityManager: freezing 5841 com.android.keychain
03-25 15:43:37.250  7269  7274 W marvin.talkback: userfaultfd: MOVE ioctl seems unsupported: Connection timed out
03-25 15:43:37.292   781   900 D ActivityManager: freezing 6951 com.google.android.accessibility.switchaccess
03-25 15:43:37.293   781   900 D ActivityManager: freezing 6950 com.android.traceur
03-25 15:43:37.294   781  1188 D InetDiagMessage: Destroyed 0 sockets, proto=IPPROTO_TCP, family=AF_INET, states=14
03-25 15:43:37.294   781  1188 D InetDiagMessage: Destroyed 0 sockets, proto=IPPROTO_TCP, family=AF_INET6, states=14
03-25 15:43:37.294   781  1188 D InetDiagMessage: Destroyed live tcp sockets for uids={10177} in 1ms
03-25 15:43:37.305   781  1188 D InetDiagMessage: Destroyed 0 sockets, proto=IPPROTO_TCP, family=AF_INET, states=14
03-25 15:43:37.306   781  1188 D InetDiagMessage: Destroyed 0 sockets, proto=IPPROTO_TCP, family=AF_INET6, states=14
03-25 15:43:37.306   781  1188 D InetDiagMessage: Destroyed live tcp sockets for uids={10139} in 1ms
03-25 15:43:37.552  1469  1577 D SatelliteController: iisInCarrierRoamingNbIotNtn: satellite is disabled
03-25 15:43:37.553  1469  1577 D SatelliteController: getCarrierRoamingNtnConnectType: Falling back to global carrier config connect type: 0
03-25 15:43:38.298   781   900 D ActivityManager: freezing 6957 com.google.android.apps.messaging
03-25 15:43:38.299   781   900 D ActivityManager: freezing 7064 com.google.android.cellbroadcastreceiver
03-25 15:43:38.299   781   900 D ActivityManager: freezing 6979 com.google.android.apps.safetyhub
03-25 15:43:38.300   781   900 D ActivityManager: freezing 6772 com.google.android.apps.wellbeing
03-25 15:43:38.342   781   814 I ActivityManager: Test idle failed due to 5eb3381 6158:com.android.vending:quick_launch/u0a153 runnable at +1m34s301ms because CACHED
03-25 15:43:38.385   781  1188 D InetDiagMessage: Destroyed 0 sockets, proto=IPPROTO_TCP, family=AF_INET, states=14
03-25 15:43:38.385   781  1188 D InetDiagMessage: Destroyed 0 sockets, proto=IPPROTO_TCP, family=AF_INET6, states=14
03-25 15:43:38.385   781  1188 D InetDiagMessage: Destroyed live tcp sockets for uids={10216} in 1ms
03-25 15:43:38.394   781  1188 D InetDiagMessage: Destroyed 0 sockets, proto=IPPROTO_TCP, family=AF_INET, states=14
03-25 15:43:38.394   781  1188 D InetDiagMessage: Destroyed 0 sockets, proto=IPPROTO_TCP, family=AF_INET6, states=14
03-25 15:43:38.394   781  1188 D InetDiagMessage: Destroyed live tcp sockets for uids={10156} in 1ms
03-25 15:43:38.411   781  1188 D InetDiagMessage: Destroyed 0 sockets, proto=IPPROTO_TCP, family=AF_INET, states=14
03-25 15:43:38.412   781  1188 D InetDiagMessage: Destroyed 0 sockets, proto=IPPROTO_TCP, family=AF_INET6, states=14
03-25 15:43:38.412   781  1188 D InetDiagMessage: Destroyed live tcp sockets for uids={10159} in 0ms
03-25 15:43:38.543   781  1182 I HalDevMgr: bestIfaceCreationProposal is null, requestIface=STA, existingIface=[name=wlan0 type=STA]
03-25 15:43:38.581  7230  7236 W nect.controller: userfaultfd: MOVE ioctl seems unsupported: Connection timed out
03-25 15:43:39.116  6484  6484 D BoundBrokerSvc: onUnbind: Intent { act=com.google.android.gms.libs.gmscorelogger.service.START dat=chimera-action:/... xflg=0x4 cmp=com.google.android.gms/.chimera.PersistentDirectBootAwareApiService }
03-25 15:43:39.298   781   900 D ActivityManager: freezing 1281 com.google.android.permissioncontroller
03-25 15:43:39.299   781   900 D ActivityManager: freezing 7104 com.google.android.gms.ui
03-25 15:43:39.300   781   900 D ActivityManager: freezing 7269 com.google.android.marvin.talkback
03-25 15:43:39.300   781   900 D ActivityManager: freezing 7230 com.google.android.healthconnect.controller
03-25 15:43:39.301   781  1188 D InetDiagMessage: Destroyed 0 sockets, proto=IPPROTO_TCP, family=AF_INET, states=14
03-25 15:43:39.301   781  1188 D InetDiagMessage: Destroyed 0 sockets, proto=IPPROTO_TCP, family=AF_INET6, states=14
03-25 15:43:39.301   781  1188 D InetDiagMessage: Destroyed live tcp sockets for uids={10201} in 1ms
03-25 15:43:39.357   781  1188 D InetDiagMessage: Destroyed 0 sockets, proto=IPPROTO_TCP, family=AF_INET, states=14
03-25 15:43:39.357   781  1188 D InetDiagMessage: Destroyed 0 sockets, proto=IPPROTO_TCP, family=AF_INET6, states=14
03-25 15:43:39.357   781  1188 D InetDiagMessage: Destroyed live tcp sockets for uids={10183} in 1ms
03-25 15:43:39.367   781  1188 D InetDiagMessage: Destroyed 0 sockets, proto=IPPROTO_TCP, family=AF_INET, states=14
03-25 15:43:39.368   781  1188 D InetDiagMessage: Destroyed 0 sockets, proto=IPPROTO_TCP, family=AF_INET6, states=14
03-25 15:43:39.368   781  1188 D InetDiagMessage: Destroyed live tcp sockets for uids={10202} in 1ms
03-25 15:43:39.825   781  1361 D OomAdjuster: Not killing cached processes
03-25 15:43:39.825  6484  6484 D BoundBrokerSvc: onUnbind: Intent { act=com.google.android.gms.scheduler.ACTION_PROXY_SCHEDULE dat=chimera-action:/... xflg=0x4 cmp=com.google.android.gms/.chimera.PersistentDirectBootAwareApiService }
03-25 15:43:40.267  1953  1972 I libbinder.IPCThreadState: oneway function results for code 2 on binder at 0x781b8328a5f0 will be dropped but finished with status UNKNOWN_TRANSACTION
03-25 15:43:40.927   781  1250 D androidtc: Initializing SystemTextClassifier, type = System
03-25 15:43:40.941   781  1251 D TextClassificationManagerService: Binding to ComponentInfo{com.google.android.as/com.google.android.apps.miphone.aiai.textclassifier.service.QAiaiTextClassifierService}
03-25 15:43:40.943   781  1236 D BackgroundInstallControlService: Package event received: 0
03-25 15:43:40.944  1280  1280 I ClipboardListener: Clipboard overlay suppressed.
03-25 15:43:40.949  1953  2286 I AiAiTranslate: C2T - not in a conversation
03-25 15:43:40.952  1953  1953 I AiAiTextClassifier: AiaiTextClassifierService.onCreate()
03-25 15:43:40.963  1953  1953 I AiAiTextClassifier: onCreateTextClassificationSession = TextClassificationSessionId {466a3d0d-a4d4-4862-8732-c3ee999e889c}
03-25 15:43:40.964  1953  2335 D androidtc: Initializing SystemTextClassifier, type = System
03-25 15:43:40.966  1953  2335 W SystemServiceRegistry: No service published for: persistent_data_block
03-25 15:43:40.968  6794  6913 D androidtc: Initializing SystemTextClassifier, type = System
03-25 15:43:40.979  1953  2335 I AiAiTextClassifier: ActionRankingDataTtlService - Scheduling action ranking job [jobId=284347269, interval=PT24H]
03-25 15:43:40.990  1953  2335 I AiAiTextClassifier: AiaiTextClassifierServiceConnector.onCreate()
03-25 15:43:40.991  1953  2335 I AiAiTextClassifier: SmartselectLearningController: Calling SmartSelectTrainingManager to schedule training by database.
03-25 15:43:41.010  1953  2420 I TrainerClient: Preparing to schedule training for population:aiai/playstore/smartselect/prod/train/en/address-otp session_name:smartselect/prod/train/en/address-otp
03-25 15:43:41.012   781  1236 D BackgroundInstallControlService: Package event received: 0
03-25 15:43:41.013   781  1236 D BackgroundInstallControlService: Package event received: 0
03-25 15:43:41.013  1953  2420 I TrainerClient: Preparing to schedule training for population:aiai/playstore/smartselect/prod/train/en/address-or-pasted-to-map-or-shopping-apps session_name:smartselect/prod/train/en/address-or-pasted-to-map-or-shopping-apps
03-25 15:43:41.013  1953  2420 I TrainerClient: Preparing to schedule training for population:aiai/playstore/smartselect/prod/train/en/phone session_name:smartselect/prod/train/en/phone
03-25 15:43:41.013  1953  2420 I TrainerClient: Preparing to schedule training for population:aiai/playstore/smartselect/prod/train/all/all_nonsentences session_name:smartselect/prod/train/all/all_nonsentences
03-25 15:43:41.013  1953  2420 I TrainerClient: Preparing to schedule training for population:aiai/playstore/smartselect/prod/train/en/all-non-url-email-cut session_name:smartselect/prod/train/en/all-non-url-email-cut
03-25 15:43:41.013  1953  2420 I TrainerClient: Preparing to schedule training for population:aiai/playstore/smartselect/prod/train/en/address-otp-copied session_name:smartselect/prod/train/en/address-otp-copied
03-25 15:43:41.014  1953  2420 I TrainerClient: Preparing to schedule training for population:aiai/playstore/smartselect/prod/train/en/address-phone-or-pasted-to-non-messaging-apps session_name:smartselect/prod/train/en/address-phone-or-pasted-to-non-messaging-apps
03-25 15:43:41.014  1953  2420 I TrainerClient: Preparing to schedule training for population:aiai/playstore/smartselect/prod/train/en/all-non-url-email-cut-translate session_name:smartselect/prod/train/en/all-non-url-email-cut-translate
03-25 15:43:41.014  1953  2420 I TrainerClient: Preparing to schedule training for population:aiai/playstore/smartselect/prod/train/en/all session_name:smartselect/prod/train/en/all
03-25 15:43:41.014  1953  2420 I TrainerClient: Preparing to schedule training for population:aiai/playstore/smartselect/prod/train/en/pasted-to-shopping-apps session_name:smartselect/prod/train/en/pasted-to-shopping-apps
03-25 15:43:41.014  1953  2420 I TrainerClient: Preparing to schedule training for population:aiai/playstore/smartselect/prod/train/en/address-or-pasted-to-shopping-apps session_name:smartselect/prod/train/en/address-or-pasted-to-shopping-apps
03-25 15:43:41.014  1953  2420 I TrainerClient: Preparing to schedule training for population:aiai/playstore/smartselect/prod/train/en/address session_name:smartselect/prod/train/en/address
03-25 15:43:41.014  1953  2420 I TrainerClient: Preparing to schedule training for population:aiai/playstore/smartselect/prod/train/en/pasted-to-notes-apps session_name:smartselect/prod/train/en/pasted-to-notes-apps
03-25 15:43:41.014  1953  2420 I TrainerClient: Preparing to schedule training for population:aiai/playstore/smartselect/prod/train/en/address-phone session_name:smartselect/prod/train/en/address-phone
03-25 15:43:41.014  1953  2420 I TrainerClient: Preparing to schedule training for population:aiai/playstore/smartselect/prod/train/en/address-phone-otp-copied session_name:smartselect/prod/train/en/address-phone-otp-copied
03-25 15:43:41.015  1953  2420 I TrainerClient: Preparing to schedule training for population:aiai/playstore/smartselect/prod/train/en/pasted-to-search-or-browser-or-named-entity-apps session_name:smartselect/prod/train/en/pasted-to-search-or-browser-or-named-entity-apps
03-25 15:43:41.015  1953  2420 I TrainerClient: Preparing to schedule training for population:aiai/playstore/smartselect/prod/train/en/all-non-translate session_name:smartselect/prod/train/en/all-non-translate
03-25 15:43:41.015  1953  2420 I TrainerClient: Preparing to schedule training for population:aiai/playstore/smartselect/prod/train/en/all-non-url-email session_name:smartselect/prod/train/en/all-non-url-email
03-25 15:43:41.015  1953  2420 I TrainerClient: Preparing to schedule training for population:aiai/playstore/smartselect/prod/train/en/selected-in-messaging-apps session_name:smartselect/prod/train/en/selected-in-messaging-apps
03-25 15:43:41.016  1953  2420 I TrainerClient: Preparing to schedule training for population:aiai/playstore/smartselect/prod/train/en/pasted-to-search-apps session_name:smartselect/prod/train/en/pasted-to-search-apps
03-25 15:43:41.016  1953  2420 I TrainerClient: Preparing to schedule training for population:aiai/playstore/smartselect/prod/train/en/all-pasted-to-none-messaging-apps session_name:smartselect/prod/train/en/all-pasted-to-none-messaging-apps
03-25 15:43:41.016  1953  2420 I TrainerClient: Preparing to schedule training for population:aiai/playstore/smartselect/prod/train/en/address-phone-or-pasted-to-search-or-browser-apps session_name:smartselect/prod/train/en/address-phone-or-pasted-to-search-or-browser-apps
03-25 15:43:41.016  2487  2487 I AstreaGrpcService: AstreaGrpcService#onCreate called with the following services: [com.google.android.apps.miphone.astrea.pd.api.ProtectedDownloadService, com.google.android.apps.miphone.astrea.http.api.HttpService, com.google.android.apps.miphone.astrea.fl.api.TrainingService, com.google.android.apps.miphone.astrea.pir.api.PirService]
03-25 15:43:41.016  1953  2420 I TrainerClient: Preparing to schedule training for population:aiai/playstore/smartselect/prod/train/en/pasted-to-search-or-browser-apps session_name:smartselect/prod/train/en/pasted-to-search-or-browser-apps
03-25 15:43:41.016  1953  2420 I TrainerClient: Preparing to schedule training for population:aiai/playstore/smartselect/prod/train/en/address-phone-or-selected-in-search-or-browser-apps session_name:smartselect/prod/train/en/address-phone-or-selected-in-search-or-browser-apps
03-25 15:43:41.016  1953  2420 I TrainerClient: Preparing to schedule training for population:aiai/playstore/smartselect/prod/train/en/address-phone-other session_name:smartselect/prod/train/en/address-phone-other
03-25 15:43:41.016  1953  2420 I TrainerClient: Preparing to schedule training for population:aiai/playstore/smartselect/prod/train/en/pasted-to-maps-apps session_name:smartselect/prod/train/en/pasted-to-maps-apps
03-25 15:43:41.016  1953  2420 I TrainerClient: Preparing to schedule training for population:aiai/playstore/smartselect/prod/train/all/all session_name:smartselect/prod/train/all/all
03-25 15:43:41.017  1953  2420 I TrainerClient: Preparing to schedule training for population:aiai/playstore/smartselect/prod/train/en/pasted-to-named-entity-apps session_name:smartselect/prod/train/en/pasted-to-named-entity-apps
03-25 15:43:41.017  1953  2420 I TrainerClient: Preparing to schedule training for population:aiai/playstore/smartselect/prod/train/en/address-phone-or-selected-in-messaging-apps session_name:smartselect/prod/train/en/address-phone-or-selected-in-messaging-apps
03-25 15:43:41.017  1953  2420 I TrainerClient: Preparing to schedule training for population:aiai/playstore/smartselect/prod/train/en/address-phone-or-selected-in-non-messaging-apps session_name:smartselect/prod/train/en/address-phone-or-selected-in-non-messaging-apps
03-25 15:43:41.017  1953  2420 I TrainerClient: Preparing to schedule training for population:aiai/playstore/smartselect/prod/train/en/phone-or-pasted-to-dialer-apps session_name:smartselect/prod/train/en/phone-or-pasted-to-dialer-apps
03-25 15:43:41.017  1953  2420 I TrainerClient: Preparing to schedule training for population:aiai/playstore/smartselect/prod/train/en/all-pasted-to-apps session_name:smartselect/prod/train/en/all-pasted-to-apps
03-25 15:43:41.017  1953  2420 I TrainerClient: Preparing to schedule training for population:aiai/playstore/smartselect/prod/train/en/address-phone-other-nonsentences session_name:smartselect/prod/train/en/address-phone-other-nonsentences
03-25 15:43:41.017  1953  2420 I TrainerClient: Preparing to schedule training for population:aiai/playstore/smartselect/prod/train/en/address-or-pasted-to-map-apps session_name:smartselect/prod/train/en/address-or-pasted-to-map-apps
03-25 15:43:41.017  1953  2420 I TrainerClient: Preparing to schedule training for population:aiai/playstore/smartselect/prod/train/en/selected-in-search-or-browser-apps session_name:smartselect/prod/train/en/selected-in-search-or-browser-apps
03-25 15:43:41.017  1953  2420 I TrainerClient: Preparing to schedule training for population:aiai/playstore/smartselect/prod/train/en/address-phone-or-pasted-to-either-apps session_name:smartselect/prod/train/en/address-phone-or-pasted-to-either-apps
03-25 15:43:41.017  1953  2420 I TrainerClient: Preparing to schedule training for population:aiai/playstore/smartselect/prod/train/en/address-phone-other-translate session_name:smartselect/prod/train/en/address-phone-other-translate
03-25 15:43:41.017  1953  2420 I TrainerClient: Preparing to schedule training for population:aiai/playstore/smartselect/prod/train/en/address-phone-otp session_name:smartselect/prod/train/en/address-phone-otp
03-25 15:43:41.017  1953  2420 I TrainerClient: Preparing to schedule training for population:aiai/playstore/smartselect/prod/train/en/all_nonsentences session_name:smartselect/prod/train/en/all_nonsentences
03-25 15:43:41.017  1953  2420 I TrainerClient: Preparing to schedule training for population:aiai/playstore/smartselect/prod/train/en/pasted-to-translate-apps session_name:smartselect/prod/train/en/pasted-to-translate-apps
03-25 15:43:41.018  1953  2420 I TrainerClient: Preparing to schedule training for population:aiai/playstore/smartselect/prod/train/en/selected-in-non-messaging-apps session_name:smartselect/prod/train/en/selected-in-non-messaging-apps
03-25 15:43:41.018  1953  2420 I TrainerClient: Preparing to schedule training for population:aiai/playstore/smartselect/train/en/address-otp session_name:smartselect/train/en/address-otp
03-25 15:43:41.018  1953  2420 I TrainerClient: Preparing to schedule training for population:aiai/playstore/smartselect/train/en/address-phone-or-pasted-to-either-apps session_name:smartselect/train/en/address-phone-or-pasted-to-either-apps
03-25 15:43:41.019  1953  2420 I TrainerClient: Preparing to schedule training for population:aiai/playstore/smartselect/train/en/all session_name:smartselect/train/en/all
03-25 15:43:41.019  1953  2420 I TrainerClient: Preparing to schedule training for population:aiai/playstore/smartselect/train/en/phone session_name:smartselect/train/en/phone
03-25 15:43:41.019  1953  2420 I TrainerClient: Preparing to schedule training for population:aiai/playstore/smartselect/train/en/address-phone session_name:smartselect/train/en/address-phone
03-25 15:43:41.020  1953  2420 I TrainerClient: Preparing to schedule training for population:aiai/playstore/smartselect/train/en/address-phone-or-selected-in-search-or-browser-apps session_name:smartselect/train/en/address-phone-or-selected-in-search-or-browser-apps
03-25 15:43:41.020  1953  2420 I TrainerClient: Preparing to schedule training for population:aiai/playstore/smartselect/train/en/all-non-url-email-cut session_name:smartselect/train/en/all-non-url-email-cut
03-25 15:43:41.020  1953  2420 I TrainerClient: Preparing to schedule training for population:aiai/playstore/smartselect/train/en/address-phone-or-selected-in-non-messaging-apps session_name:smartselect/train/en/address-phone-or-selected-in-non-messaging-apps
03-25 15:43:41.020  1953  2420 I TrainerClient: Preparing to schedule training for population:aiai/playstore/smartselect/train/en/selected-in-search-or-browser-apps session_name:smartselect/train/en/selected-in-search-or-browser-apps
03-25 15:43:41.020  1953  2420 I TrainerClient: Preparing to schedule training for population:aiai/playstore/smartselect/train/en/pasted-to-translate-apps session_name:smartselect/train/en/pasted-to-translate-apps
03-25 15:43:41.020  1953  2420 I TrainerClient: Preparing to schedule training for population:aiai/playstore/smartselect/train/en/pasted-to-search-or-browser-apps session_name:smartselect/train/en/pasted-to-search-or-browser-apps
03-25 15:43:41.021  1953  2420 I TrainerClient: Preparing to schedule training for population:aiai/playstore/smartselect/train/en/all-non-translate session_name:smartselect/train/en/all-non-translate
03-25 15:43:41.023  2487  7657 W System.err: Seeding context with ref: 152518553
03-25 15:43:41.023  2487  7658 W System.err: Seeding context with ref: 228385374
03-25 15:43:41.025  2487  7657 I FederatedTrainingScheduler: Cancelling training for population:aiai/playstore/smartselect/prod/train/en/address-otp session_name:smartselect/prod/train/en/address-otp
03-25 15:43:41.025  2487  7660 W System.err: Seeding context with ref: 72402538
03-25 15:43:41.026  2487  7666 W System.err: Seeding context with ref: 57490424
03-25 15:43:41.026  2487  7660 I FederatedTrainingScheduler: Cancelling training for population:aiai/playstore/smartselect/prod/train/en/phone session_name:smartselect/prod/train/en/phone
03-25 15:43:41.027  2487  7658 I FederatedTrainingScheduler: Cancelling training for population:aiai/playstore/smartselect/prod/train/en/address-or-pasted-to-map-or-shopping-apps session_name:smartselect/prod/train/en/address-or-pasted-to-map-or-shopping-apps
03-25 15:43:41.027  2487  7667 W System.err: Seeding context with ref: 127420625
03-25 15:43:41.027  2487  7666 I FederatedTrainingScheduler: Cancelling training for population:aiai/playstore/smartselect/prod/train/en/all-non-url-email-cut session_name:smartselect/prod/train/en/all-non-url-email-cut
03-25 15:43:41.028  2487  7665 W System.err: Seeding context with ref: 78438198
03-25 15:43:41.028  2487  7667 I FederatedTrainingScheduler: Cancelling training for population:aiai/playstore/smartselect/prod/train/en/address-phone-or-pasted-to-non-messaging-apps session_name:smartselect/prod/train/en/address-phone-or-pasted-to-non-messaging-apps
03-25 15:43:41.028  2487  7665 I FederatedTrainingScheduler: Cancelling training for population:aiai/playstore/smartselect/prod/train/all/all_nonsentences session_name:smartselect/prod/train/all/all_nonsentences
03-25 15:43:41.029  2487  7669 W System.err: Seeding context with ref: 154541988
03-25 15:43:41.030  2487  7667 W System.err: Seeding context with ref: 109551885
03-25 15:43:41.030  2487  7669 I FederatedTrainingScheduler: Cancelling training for population:aiai/playstore/smartselect/prod/train/en/address-or-pasted-to-shopping-apps session_name:smartselect/prod/train/en/address-or-pasted-to-shopping-apps
03-25 15:43:41.030  2487  7657 W System.err: Seeding context with ref: 85779653
03-25 15:43:41.030  2487  7667 I FederatedTrainingScheduler: Cancelling training for population:aiai/playstore/smartselect/prod/train/en/address-otp-copied session_name:smartselect/prod/train/en/address-otp-copied
03-25 15:43:41.031  2487  7657 I FederatedTrainingScheduler: Cancelling training for population:aiai/playstore/smartselect/prod/train/en/pasted-to-notes-apps session_name:smartselect/prod/train/en/pasted-to-notes-apps
03-25 15:43:41.031  2487  7673 W System.err: Seeding context with ref: 218000715
03-25 15:43:41.032  2487  7674 W System.err: Seeding context with ref: 170911613
03-25 15:43:41.032  2487  7665 W System.err: Seeding context with ref: 32648495
03-25 15:43:41.032  1953  2286 I AiAiStatsd: Successfully logged feature usage for TEXT_CLASSIFIER.
03-25 15:43:41.032  2487  7674 I FederatedTrainingScheduler: Cancelling training for population:aiai/playstore/smartselect/prod/train/en/address-phone session_name:smartselect/prod/train/en/address-phone
03-25 15:43:41.032  2487  7678 W System.err: Seeding context with ref: 173571705
03-25 15:43:41.033  1953  2420 I TrainerClient: Preparing to schedule training for population:aiai/playstore/smartselect/train/en/pasted-to-maps-apps session_name:smartselect/train/en/pasted-to-maps-apps
03-25 15:43:41.033  2487  7666 W System.err: Seeding context with ref: 132102338
03-25 15:43:41.033  1953  2420 I TrainerClient: Preparing to schedule training for population:aiai/playstore/smartselect/train/all/all session_name:smartselect/train/all/all
03-25 15:43:41.034  2487  7674 W System.err: Seeding context with ref: 93024108
03-25 15:43:41.034  2487  7679 W System.err: Seeding context with ref: 90948042
03-25 15:43:41.034  2487  7673 I FederatedTrainingScheduler: Cancelling training for population:aiai/playstore/smartselect/prod/train/en/pasted-to-search-or-browser-or-named-entity-apps session_name:smartselect/prod/train/en/pasted-to-search-or-browser-or-named-entity-apps
03-25 15:43:41.034  1953  2420 I TrainerClient: Preparing to schedule training for population:aiai/playstore/smartselect/train/en/all-non-url-email session_name:smartselect/train/en/all-non-url-email
03-25 15:43:41.034  2487  7678 I FederatedTrainingScheduler: Cancelling training for population:aiai/playstore/smartselect/prod/train/en/pasted-to-maps-apps session_name:smartselect/prod/train/en/pasted-to-maps-apps
03-25 15:43:41.034  2487  7679 I FederatedTrainingScheduler: Cancelling training for population:aiai/playstore/smartselect/prod/train/en/address-phone-or-selected-in-messaging-apps session_name:smartselect/prod/train/en/address-phone-or-selected-in-messaging-apps
03-25 15:43:41.034  1953  2420 I TrainerClient: Preparing to schedule training for population:aiai/playstore/smartselect/train/all/all_nonsentences session_name:smartselect/train/all/all_nonsentences
03-25 15:43:41.035  2487  7657 W System.err: Seeding context with ref: 10720040
03-25 15:43:41.035  2487  7679 W System.err: Seeding context with ref: 237405105
03-25 15:43:41.035  2487  7672 W System.err: Seeding context with ref: 158637838
03-25 15:43:41.035  2487  7666 I FederatedTrainingScheduler: Cancelling training for population:aiai/playstore/smartselect/prod/train/en/all-non-url-email-cut-translate session_name:smartselect/prod/train/en/all-non-url-email-cut-translate
03-25 15:43:41.036  2487  7679 I FederatedTrainingScheduler: Cancelling training for population:aiai/playstore/smartselect/prod/train/en/address-phone-or-pasted-to-search-or-browser-apps session_name:smartselect/prod/train/en/address-phone-or-pasted-to-search-or-browser-apps
03-25 15:43:41.036  2487  7672 I FederatedTrainingScheduler: Cancelling training for population:aiai/playstore/smartselect/prod/train/en/address-phone-otp-copied session_name:smartselect/prod/train/en/address-phone-otp-copied
03-25 15:43:41.036  2487  7683 W System.err: Seeding context with ref: 192043699
03-25 15:43:41.036  1953  2420 I TrainerClient: Preparing to schedule training for population:aiai/playstore/smartselect/train/en/address-phone-or-pasted-to-non-messaging-apps session_name:smartselect/train/en/address-phone-or-pasted-to-non-messaging-apps
03-25 15:43:41.037  2487  7657 I FederatedTrainingScheduler: Cancelling training for population:aiai/playstore/smartselect/prod/train/en/selected-in-messaging-apps session_name:smartselect/prod/train/en/selected-in-messaging-apps
03-25 15:43:41.037  2487  7677 W System.err: Seeding context with ref: 147646398
03-25 15:43:41.037  1953  2420 I TrainerClient: Preparing to schedule training for population:aiai/playstore/smartselect/train/en/address-or-pasted-to-map-apps session_name:smartselect/train/en/address-or-pasted-to-map-apps
03-25 15:43:41.037  2487  7682 W System.err: Seeding context with ref: 56635770
03-25 15:43:41.037  1953  2420 I TrainerClient: Preparing to schedule training for population:aiai/playstore/smartselect/train/en/address-phone-otp session_name:smartselect/train/en/address-phone-otp
03-25 15:43:41.037  1953  2420 I TrainerClient: Preparing to schedule training for population:aiai/playstore/smartselect/train/en/pasted-to-notes-apps session_name:smartselect/train/en/pasted-to-notes-apps
03-25 15:43:41.037  1953  2420 I TrainerClient: Preparing to schedule training for population:aiai/playstore/smartselect/train/en/all-pasted-to-apps session_name:smartselect/train/en/all-pasted-to-apps
03-25 15:43:41.037  1953  2420 I TrainerClient: Preparing to schedule training for population:aiai/playstore/smartselect/train/en/address-phone-other-translate session_name:smartselect/train/en/address-phone-other-translate
03-25 15:43:41.038  1953  2420 I TrainerClient: Preparing to schedule training for population:aiai/playstore/smartselect/train/en/phone-or-pasted-to-dialer-apps session_name:smartselect/train/en/phone-or-pasted-to-dialer-apps
03-25 15:43:41.038  1953  2420 I TrainerClient: Preparing to schedule training for population:aiai/playstore/smartselect/train/en/selected-in-messaging-apps session_name:smartselect/train/en/selected-in-messaging-apps
03-25 15:43:41.038  2487  7660 W System.err: Seeding context with ref: 211351251
03-25 15:43:41.038  2487  7674 I FederatedTrainingScheduler: Cancelling training for population:aiai/playstore/smartselect/prod/train/en/address-phone-or-selected-in-non-messaging-apps session_name:smartselect/prod/train/en/address-phone-or-selected-in-non-messaging-apps
03-25 15:43:41.038  1953  2420 I TrainerClient: Preparing to schedule training for population:aiai/playstore/smartselect/train/en/address-phone-other-nonsentences session_name:smartselect/train/en/address-phone-other-nonsentences
03-25 15:43:41.039  2487  7682 I FederatedTrainingScheduler: Cancelling training for population:aiai/playstore/smartselect/prod/train/en/address-phone-or-selected-in-search-or-browser-apps session_name:smartselect/prod/train/en/address-phone-or-selected-in-search-or-browser-apps
03-25 15:43:41.039  2487  7683 I FederatedTrainingScheduler: Cancelling training for population:aiai/playstore/smartselect/prod/train/en/all-pasted-to-apps session_name:smartselect/prod/train/en/all-pasted-to-apps
03-25 15:43:41.039  2487  7675 W System.err: Seeding context with ref: 2703163
03-25 15:43:41.039  2487  7677 I FederatedTrainingScheduler: Cancelling training for population:aiai/playstore/smartselect/prod/train/en/pasted-to-named-entity-apps session_name:smartselect/prod/train/en/pasted-to-named-entity-apps
03-25 15:43:41.039  1953  2420 I TrainerClient: Preparing to schedule training for population:aiai/playstore/smartselect/train/en/address-otp-copied session_name:smartselect/train/en/address-otp-copied
03-25 15:43:41.039  2487  7665 I FederatedTrainingScheduler: Cancelling training for population:aiai/playstore/smartselect/prod/train/en/all session_name:smartselect/prod/train/en/all
03-25 15:43:41.039  1953  2420 I TrainerClient: Preparing to schedule training for population:aiai/playstore/smartselect/train/en/address-phone-other session_name:smartselect/train/en/address-phone-other
03-25 15:43:41.039  2487  7675 I FederatedTrainingScheduler: Cancelling training for population:aiai/playstore/smartselect/prod/train/en/address-phone-other session_name:smartselect/prod/train/en/address-phone-other
03-25 15:43:41.040  1953  2420 I TrainerClient: Preparing to schedule training for population:aiai/playstore/smartselect/train/en/address-phone-otp-copied session_name:smartselect/train/en/address-phone-otp-copied
03-25 15:43:41.040  1953  2420 I TrainerClient: Preparing to schedule training for population:aiai/playstore/smartselect/train/en/address-or-pasted-to-shopping-apps session_name:smartselect/train/en/address-or-pasted-to-shopping-apps
03-25 15:43:41.040  2487  7689 W System.err: Seeding context with ref: 61545758
03-25 15:43:41.040  1953  2420 I TrainerClient: Preparing to schedule training for population:aiai/playstore/smartselect/train/en/address-phone-or-selected-in-messaging-apps session_name:smartselect/train/en/address-phone-or-selected-in-messaging-apps
03-25 15:43:41.041  1953  2420 I TrainerClient: Preparing to schedule training for population:aiai/playstore/smartselect/train/en/address-phone-or-pasted-to-search-or-browser-apps session_name:smartselect/train/en/address-phone-or-pasted-to-search-or-browser-apps
03-25 15:43:41.041  2487  7691 W System.err: Seeding context with ref: 182971690
03-25 15:43:41.041  2487  7689 I FederatedTrainingScheduler: Cancelling training for population:aiai/playstore/smartselect/train/en/address-otp session_name:smartselect/train/en/address-otp
03-25 15:43:41.041  1953  2420 I TrainerClient: Preparing to schedule training for population:aiai/playstore/smartselect/train/en/pasted-to-search-or-browser-or-named-entity-apps session_name:smartselect/train/en/pasted-to-search-or-browser-or-named-entity-apps
03-25 15:43:41.041  1953  2420 I TrainerClient: Preparing to schedule training for population:aiai/playstore/smartselect/train/en/all-pasted-to-none-messaging-apps session_name:smartselect/train/en/all-pasted-to-none-messaging-apps
03-25 15:43:41.041  2487  7673 W System.err: Seeding context with ref: 107915757
03-25 15:43:41.042  1953  2420 I TrainerClient: Preparing to schedule training for population:aiai/playstore/smartselect/train/en/address-or-pasted-to-map-or-shopping-apps session_name:smartselect/train/en/address-or-pasted-to-map-or-shopping-apps
03-25 15:43:41.042  1953  2420 I TrainerClient: Preparing to schedule training for population:aiai/playstore/smartselect/train/en/pasted-to-named-entity-apps session_name:smartselect/train/en/pasted-to-named-entity-apps
03-25 15:43:41.042  2487  7692 W System.err: Seeding context with ref: 224792676
03-25 15:43:41.042  2487  7667 W System.err: Seeding context with ref: 90966081
03-25 15:43:41.042  1953  2420 I TrainerClient: Preparing to schedule training for population:aiai/playstore/smartselect/train/en/address session_name:smartselect/train/en/address
03-25 15:43:41.043  2487  7695 W System.err: Seeding context with ref: 84618899
03-25 15:43:41.043  1953  2420 I TrainerClient: Preparing to schedule training for population:aiai/playstore/smartselect/train/en/pasted-to-shopping-apps session_name:smartselect/train/en/pasted-to-shopping-apps
03-25 15:43:41.043  2487  7660 I FederatedTrainingScheduler: Cancelling training for population:aiai/playstore/smartselect/prod/train/en/address session_name:smartselect/prod/train/en/address
03-25 15:43:41.044  2487  7667 I FederatedTrainingScheduler: Cancelling training for population:aiai/playstore/smartselect/prod/train/en/all-pasted-to-none-messaging-apps session_name:smartselect/prod/train/en/all-pasted-to-none-messaging-apps
03-25 15:43:41.044  1953  2420 I TrainerClient: Preparing to schedule training for population:aiai/playstore/smartselect/train/en/all_nonsentences session_name:smartselect/train/en/all_nonsentences
03-25 15:43:41.044  2487  7691 I FederatedTrainingScheduler: Cancelling training for population:aiai/playstore/smartselect/train/en/pasted-to-translate-apps session_name:smartselect/train/en/pasted-to-translate-apps
03-25 15:43:41.044  2487  7673 I FederatedTrainingScheduler: Cancelling training for population:aiai/playstore/smartselect/prod/train/en/all-non-translate session_name:smartselect/prod/train/en/all-non-translate
03-25 15:43:41.044  1953  2420 I TrainerClient: Preparing to schedule training for population:aiai/playstore/smartselect/train/en/pasted-to-search-apps session_name:smartselect/train/en/pasted-to-search-apps
03-25 15:43:41.045  2487  7692 I FederatedTrainingScheduler: Cancelling training for population:aiai/playstore/smartselect/train/en/pasted-to-search-or-browser-apps session_name:smartselect/train/en/pasted-to-search-or-browser-apps
03-25 15:43:41.045  1953  2420 I TrainerClient: Preparing to schedule training for population:aiai/playstore/smartselect/train/en/all-non-url-email-cut-translate session_name:smartselect/train/en/all-non-url-email-cut-translate
03-25 15:43:41.045  1953  2420 I TrainerClient: Preparing to schedule training for population:aiai/playstore/smartselect/train/en/selected-in-non-messaging-apps session_name:smartselect/train/en/selected-in-non-messaging-apps
03-25 15:43:41.046  2487  7696 W System.err: Seeding context with ref: 31524860
03-25 15:43:41.046  2487  7695 I FederatedTrainingScheduler: Cancelling training for population:aiai/playstore/smartselect/train/all/all session_name:smartselect/train/all/all
03-25 15:43:41.046  2487  7666 W System.err: Seeding context with ref: 237891343
03-25 15:43:41.046  2487  7681 W System.err: Seeding context with ref: 218074012
03-25 15:43:41.046  2487  7669 W System.err: Seeding context with ref: 88380199
03-25 15:43:41.046  2487  7696 I FederatedTrainingScheduler: Cancelling training for population:aiai/playstore/smartselect/train/en/all-non-url-email session_name:smartselect/train/en/all-non-url-email
03-25 15:43:41.046  2487  7676 W System.err: Seeding context with ref: 31033653
03-25 15:43:41.047  2487  7685 W System.err: Seeding context with ref: 224685355
03-25 15:43:41.047  2487  7669 I FederatedTrainingScheduler: Cancelling training for population:aiai/playstore/smartselect/prod/train/en/pasted-to-search-or-browser-apps session_name:smartselect/prod/train/en/pasted-to-search-or-browser-apps
03-25 15:43:41.047  2487  7657 W System.err: Seeding context with ref: 122144136
03-25 15:43:41.047  2487  7684 W System.err: Seeding context with ref: 221244230
03-25 15:43:41.047  2487  7681 I FederatedTrainingScheduler: Cancelling training for population:aiai/playstore/smartselect/prod/train/all/all session_name:smartselect/prod/train/all/all
03-25 15:43:41.047  2487  7676 I FederatedTrainingScheduler: Cancelling training for population:aiai/playstore/smartselect/prod/train/en/pasted-to-search-apps session_name:smartselect/prod/train/en/pasted-to-search-apps
03-25 15:43:41.048  2487  7686 W System.err: Seeding context with ref: 240628276
03-25 15:43:41.048  2487  7701 W System.err: Seeding context with ref: 220022922
03-25 15:43:41.048  2487  7685 I FederatedTrainingScheduler: Cancelling training for population:aiai/playstore/smartselect/prod/train/en/all_nonsentences session_name:smartselect/prod/train/en/all_nonsentences
03-25 15:43:41.048  2487  7702 W System.err: Seeding context with ref: 157272433
03-25 15:43:41.048  2487  7660 W System.err: Seeding context with ref: 193946454
03-25 15:43:41.049  2487  7686 I FederatedTrainingScheduler: Cancelling training for population:aiai/playstore/smartselect/prod/train/en/address-phone-or-pasted-to-either-apps session_name:smartselect/prod/train/en/address-phone-or-pasted-to-either-apps
03-25 15:43:41.049  2487  7665 W System.err: Seeding context with ref: 99531263
03-25 15:43:41.049  2487  7677 W System.err: Seeding context with ref: 227218380
03-25 15:43:41.049  2487  7683 W System.err: Seeding context with ref: 125761307
