03-25 15:43:16.775  6957  7098 I ckhm    : scheduleProvisioningForRcsProvisioningId: rcsProvisioningId: redacted-pii:sim_id[chars:20,last3:897] operationTrigger: 5 bugle trigger event: 4
03-25 15:43:16.775  6957  7098 I BugleRcsEngine: [SR]: Single Registration is disabled. Skipping Single Registration capability check for subId: 1, OS.isAtLeastS:[true], enableSingleRegistrationProvisioning:[false] [CONTEXT thread_id=55 ]
03-25 15:43:16.776  6957  7098 I ckhm    : RcsProvisioningTrigger: DR is active, initializing DR provisioning. DUAL_REG
03-25 15:43:16.776  6957  7100 W BugleNetwork: No available phone number to start tachyon for.
03-25 15:43:16.777  6957  7580 I BugleRcsEngine: [SR]: Single Registration is disabled. Skipping Single Registration capability check for subId: 1, OS.isAtLeastS:[true], enableSingleRegistrationProvisioning:[false] [CONTEXT thread_id=82 ]
03-25 15:43:16.777  6957  7611 W GoogleApiManager: Not showing notification since connectionResult is not user-facing: ConnectionResult{statusCode=DEVELOPER_ERROR, resolution=null, message=null, clientMethodKey=null}
03-25 15:43:16.778  6957  7583 D WM-GreedyScheduler: Ignoring {WorkSpec: bf702378-6f04-43e8-85e8-c468f4912db7}. Requires device idle.
03-25 15:43:16.778  6957  7583 D WM-GreedyScheduler: Ignoring {WorkSpec: f126592f-7ea3-4276-86ee-fff5fd7ce9ba}. Requires device idle.
03-25 15:43:16.778  6957  7583 D WM-GreedyScheduler: Ignoring {WorkSpec: 46dc249f-0b13-490d-9d3f-8d310202d865}. Requires device idle.
03-25 15:43:16.778  6957  7583 D WM-GreedyScheduler: Starting tracking for 1e256d2c-4329-48e7-b663-03838706ce09,d434194e-26c9-4ff1-bcdc-d472e10530ca,d9e12dcc-2c07-4a45-bb91-7bd05526229b
03-25 15:43:16.779  6957  7580 I BugleRcsEngine: No RCS Configuration was found in Bugle for simID: redacted-pii:sim_id[chars:20,last3:897] [CONTEXT log_prefix="ProvisioningEngineDataRetriever" thread_id=82 ]
03-25 15:43:16.782  6957  6961 W .apps.messaging: Missing inline cache for int evuk.a(java.lang.Object)
03-25 15:43:16.783  6957  7610 W FlagRegistrar: Failed to register com.google.android.gms.providerinstaller#com.google.android.apps.messaging
03-25 15:43:16.783  6957  7610 W FlagRegistrar: ggtr: 17: 17: API: Phenotype.API is not available on this device. Connection failed with: ConnectionResult{statusCode=DEVELOPER_ERROR, resolution=null, message=null, clientMethodKey=null}
03-25 15:43:16.783  6957  7610 W FlagRegistrar:         at ggtt.a(:com.google.android.gms@261133038@26.11.33 (260800-887465546):13)
03-25 15:43:16.783  6957  7610 W FlagRegistrar:         at hggb.d(:com.google.android.gms@261133038@26.11.33 (260800-887465546):3)
03-25 15:43:16.783  6957  7610 W FlagRegistrar:         at hggd.run(:com.google.android.gms@261133038@26.11.33 (260800-887465546):130)
03-25 15:43:16.783  6957  7610 W FlagRegistrar:         at hgik.execute(:com.google.android.gms@261133038@26.11.33 (260800-887465546):1)
03-25 15:43:16.783  6957  7610 W FlagRegistrar:         at hggl.f(:com.google.android.gms@261133038@26.11.33 (260800-887465546):1)
03-25 15:43:16.783  6957  7610 W FlagRegistrar:         at hggl.m(:com.google.android.gms@261133038@26.11.33 (260800-887465546):99)
03-25 15:43:16.783  6957  7610 W FlagRegistrar:         at hggl.r(:com.google.android.gms@261133038@26.11.33 (260800-887465546):17)
03-25 15:43:16.783  6957  7610 W FlagRegistrar:         at fyly.hB(:com.google.android.gms@261133038@26.11.33 (260800-887465546):35)
03-25 15:43:16.783  6957  7610 W FlagRegistrar:         at fkzz.run(:com.google.android.gms@261133038@26.11.33 (260800-887465546):12)
03-25 15:43:16.783  6957  7610 W FlagRegistrar:         at hgik.execute(:com.google.android.gms@261133038@26.11.33 (260800-887465546):1)
03-25 15:43:16.783  6957  7610 W FlagRegistrar:         at flaa.b(:com.google.android.gms@261133038@26.11.33 (260800-887465546):18)
03-25 15:43:16.783  6957  7610 W FlagRegistrar:         at flap.b(:com.google.android.gms@261133038@26.11.33 (260800-887465546):34)
03-25 15:43:16.783  6957  7610 W FlagRegistrar:         at flar.d(:com.google.android.gms@261133038@26.11.33 (260800-887465546):25)
03-25 15:43:16.783  6957  7610 W FlagRegistrar:         at bgsc.c(:com.google.android.gms@261133038@26.11.33 (260800-887465546):9)
03-25 15:43:16.783  6957  7610 W FlagRegistrar:         at bgur.q(:com.google.android.gms@261133038@26.11.33 (260800-887465546):48)
03-25 15:43:16.783  6957  7610 W FlagRegistrar:         at bgur.d(:com.google.android.gms@261133038@26.11.33 (260800-887465546):10)
03-25 15:43:16.783  6957  7610 W FlagRegistrar:         at bgur.g(:com.google.android.gms@261133038@26.11.33 (260800-887465546):191)
03-25 15:43:16.783  6957  7610 W FlagRegistrar:         at bgur.onConnectionFailed(:com.google.android.gms@261133038@26.11.33 (260800-887465546):2)
03-25 15:43:16.783  6957  7610 W FlagRegistrar:         at bgut.run(:com.google.android.gms@261133038@26.11.33 (260800-887465546):70)
03-25 15:43:16.783  6957  7610 W FlagRegistrar:         at android.os.Handler.handleCallback(Handler.java:1070)
03-25 15:43:16.783  6957  7610 W FlagRegistrar:         at android.os.Handler.dispatchMessage(Handler.java:125)
03-25 15:43:16.783  6957  7610 W FlagRegistrar:         at cwwb.mr(:com.google.android.gms@261133038@26.11.33 (260800-887465546):1)
03-25 15:43:16.783  6957  7610 W FlagRegistrar:         at cwwb.dispatchMessage(:com.google.android.gms@261133038@26.11.33 (260800-887465546):5)
03-25 15:43:16.783  6957  7610 W FlagRegistrar:         at android.os.Looper.dispatchMessage(Looper.java:333)
03-25 15:43:16.783  6957  7610 W FlagRegistrar:         at android.os.Looper.loopOnce(Looper.java:263)
03-25 15:43:16.783  6957  7610 W FlagRegistrar:         at android.os.Looper.loop(Looper.java:367)
03-25 15:43:16.783  6957  7610 W FlagRegistrar:         at android.os.HandlerThread.run(HandlerThread.java:139)
03-25 15:43:16.783  6957  7610 W FlagRegistrar: Caused by: bgqj: 17: API: Phenotype.API is not available on this device. Connection failed with: ConnectionResult{statusCode=DEVELOPER_ERROR, resolution=null, message=null, clientMethodKey=null}
03-25 15:43:16.783  6957  7610 W FlagRegistrar:         at bhod.a(:com.google.android.gms@261133038@26.11.33 (260800-887465546):15)
03-25 15:43:16.783  6957  7610 W FlagRegistrar:         at bgsf.a(:com.google.android.gms@261133038@26.11.33 (260800-887465546):1)
03-25 15:43:16.783  6957  7610 W FlagRegistrar:         at bgsc.c(:com.google.android.gms@261133038@26.11.33 (260800-887465546):5)
03-25 15:43:16.783  6957  7610 W FlagRegistrar:         ... 13 more
03-25 15:43:16.783  6957  7612 I ggtf    : Unable to retrieve flag snapshot for com.google.android.gms.providerinstaller#com.google.android.apps.messaging, using defaults.
03-25 15:43:16.784  6957  7580 I BugleRcsEngine: Scheduled provisioning task with 0 seconds delay, KEEP policy, trigger is APP_STARTUP, workerId is 828e7821-9ba7-4703-8fe1-3957d1edd855, simId is redacted-pii:sim_id[chars:20,last3:897] [CONTEXT log_prefix="provisioning" thread_id=82 ]
03-25 15:43:16.785  6957  7098 D MddListenableWorkerFactory: createWorker for class: com.google.android.apps.messaging.shared.datamodel.workqueue.WorkQueueWorkerShim
03-25 15:43:16.786  6957  7424 I BugleRcsEngine: getRcsProvisioningGoogleTosConfiguration # cjxn@5d5fcd, consentState = 0, ServerUpdateTime = 0 [CONTEXT log_prefix="ProvisioningEngineDataRetriever" thread_id=71 ]
03-25 15:43:16.787  6957  6957 D WM-WorkerWrapper: Starting work for com.google.android.apps.messaging.shared.datamodel.workqueue.WorkQueueWorkerShim
03-25 15:43:16.788  6957  7582 I ProviderInstaller: Installed default security provider GmsCore_OpenSSL
03-25 15:43:16.791  6957  7580 D WM-Processor: qcu: processing WorkGenerationalId(workSpecId=d434194e-26c9-4ff1-bcdc-d472e10530ca, generation=0)
03-25 15:43:16.792  6957  7424 I BugleRcsProvisioning: RcsProvisioningTrigger: Should not schedule Revoke Google Consent Task because both the consent types are empty in the Storage
03-25 15:43:16.792  6957  7582 I BugleRcsProvisioning: RcsProvisioningTrigger: Did not schedule RevokeGoogleConsentTask
03-25 15:43:16.796  6957  7424 I BugleRcsEngine: No RCS Configuration was found in Bugle for simID: redacted-pii:sim_id[chars:20,last3:897] [CONTEXT log_prefix="ProvisioningEngineDataRetriever" thread_id=71 ]
03-25 15:43:16.797  6957  7582 I WM-WorkerWrapper: Worker result SUCCESS for Work [ id=019ae03a-193d-4d6d-a708-25f90af8486a, tags={ com.google.android.apps.messaging.shared.datamodel.workqueue.WorkQueueWorkerShim,data_upgrade- } ]
03-25 15:43:16.799  6957  6957 D WM-Processor: qcu 019ae03a-193d-4d6d-a708-25f90af8486a executed; reschedule = false
03-25 15:43:16.799  6957  6957 D WM-SystemJobService: 019ae03a-193d-4d6d-a708-25f90af8486a executed on JobScheduler
03-25 15:43:16.800  6957  7113 D MddListenableWorkerFactory: createWorker for class: com.google.android.libraries.mdi.download.workmanager.workers.PeriodicWorker
03-25 15:43:16.803  6957  6957 D WM-WorkerWrapper: Starting work for com.google.android.libraries.mdi.download.workmanager.workers.PeriodicWorker
03-25 15:43:16.803  6957  6957 D MddPeriodicWorker: PeriodicWorker: startWork
03-25 15:43:16.806  6957  7580 D WM-ConstraintTracker: qhj: initial state = true
03-25 15:43:16.806  6957  7580 D WM-BrdcstRcvrCnstrntTrc: qhj: registering receiver
03-25 15:43:16.808  6957  7113 D WM-GreedyScheduler: Cancelling work ID 019ae03a-193d-4d6d-a708-25f90af8486a
03-25 15:43:16.810  6957  7113 D WM-GreedyScheduler: Ignoring {WorkSpec: bf702378-6f04-43e8-85e8-c468f4912db7}. Requires device idle.
03-25 15:43:16.810  6957  7113 D WM-GreedyScheduler: Ignoring {WorkSpec: f126592f-7ea3-4276-86ee-fff5fd7ce9ba}. Requires device idle.
03-25 15:43:16.810  6957  7113 D WM-GreedyScheduler: Ignoring {WorkSpec: 46dc249f-0b13-490d-9d3f-8d310202d865}. Requires device idle.
03-25 15:43:16.811  6957  7113 D WM-GreedyScheduler: Starting tracking for 1e256d2c-4329-48e7-b663-03838706ce09,d9e12dcc-2c07-4a45-bb91-7bd05526229b
03-25 15:43:16.811  6957  7580 D WM-ConstraintTracker: qhh: initial state = false
03-25 15:43:16.811  6957  7580 D WM-BrdcstRcvrCnstrntTrc: qhh: registering receiver
03-25 15:43:16.813  6957  7425 D StrictMode: StrictMode policy violation: android.os.strictmode.DiskReadViolation
03-25 15:43:16.813  6957  7425 D StrictMode:    at android.os.StrictMode$AndroidBlockGuardPolicy.onReadFromDisk(StrictMode.java:1766)
03-25 15:43:16.813  6957  7425 D StrictMode:    at libcore.io.BlockGuardOs.access(BlockGuardOs.java:74)
03-25 15:43:16.813  6957  7425 D StrictMode:    at libcore.io.ForwardingOs.access(ForwardingOs.java:129)
03-25 15:43:16.813  6957  7425 D StrictMode:    at android.app.AndroidForwardingOs.access(AndroidForwardingOs.java:111)
03-25 15:43:16.813  6957  7425 D StrictMode:    at java.io.UnixFileSystem.checkAccess(UnixFileSystem.java:337)
03-25 15:43:16.813  6957  7425 D StrictMode:    at java.io.File.exists(File.java:829)
03-25 15:43:16.813  6957  7425 D StrictMode:    at android.app.ContextImpl.ensurePrivateDirExists(ContextImpl.java:851)
03-25 15:43:16.813  6957  7425 D StrictMode:    at android.app.ContextImpl.ensurePrivateDirExists(ContextImpl.java:840)
03-25 15:43:16.813  6957  7425 D StrictMode:    at android.app.ContextImpl.getPreferencesDir(ContextImpl.java:792)
03-25 15:43:16.813  6957  7425 D StrictMode:    at android.app.ContextImpl.getSharedPreferencesPath(ContextImpl.java:1029)
03-25 15:43:16.813  6957  7425 D StrictMode:    at android.app.ContextImpl.getSharedPreferences(ContextImpl.java:632)
03-25 15:43:16.813  6957  7425 D StrictMode:    at android.content.ContextWrapper.getSharedPreferences(ContextWrapper.java:223)
03-25 15:43:16.813  6957  7425 D StrictMode:    at ahkm.f(PG:2009)
03-25 15:43:16.813  6957  7425 D StrictMode:    at ahkm.b(PG:34)
03-25 15:43:16.813  6957  7425 D StrictMode:    at eyie.d(PG:10)
03-25 15:43:16.813  6957  7425 D StrictMode:    at eyie.b(PG:7)
03-25 15:43:16.813  6957  7425 D StrictMode:    at dxnu.e(PG:4)
03-25 15:43:16.813  6957  7425 D StrictMode:    at dxnu.d(PG:132)
03-25 15:43:16.813  6957  7425 D StrictMode:    at dxnu.a(PG:9)
03-25 15:43:16.813  6957  7425 D StrictMode:    at dsgy.e(PG:162)
03-25 15:43:16.813  6957  7425 D StrictMode:    at dsgy.d(PG:215)
03-25 15:43:16.813  6957  7425 D StrictMode:    at dsgy.c(PG:209)
03-25 15:43:16.813  6957  7425 D StrictMode:    at dsgu.b(PG:44)
03-25 15:43:16.813  6957  7425 D StrictMode:    at dsgu.a(PG:13)
03-25 15:43:16.813  6957  7425 D StrictMode:    at fdzv.b(PG:14)
03-25 15:43:16.813  6957  7425 D StrictMode:    at fdzv.a(PG:2)
03-25 15:43:16.813  6957  7425 D StrictMode:    at fdin.a(PG:52)
03-25 15:43:16.813  6957  7425 D StrictMode:    at dsgy.a(PG:13)
03-25 15:43:16.813  6957  7425 D StrictMode:    at dsoa.c(PG:186)
03-25 15:43:16.813  6957  7425 D StrictMode:    at dsoa.d(PG:154)
03-25 15:43:16.813  6957  7425 D StrictMode:    at dsny.b(PG:13)
03-25 15:43:16.813  6957  7425 D StrictMode:    at fcyt.w(PG:12)
03-25 15:43:16.813  6957  7425 D StrictMode:    at fdkn.run(PG:107)
03-25 15:43:16.813  6957  7425 D StrictMode:    at egvm.run(PG:3)
03-25 15:43:16.813  6957  7425 D StrictMode:    at dqkn.run(PG:7)
03-25 15:43:16.813  6957  7425 D StrictMode:    at elfh.run(PG:44)
03-25 15:43:16.813  6957  7425 D StrictMode:    at dqnf.run(PG:18)
03-25 15:43:16.813  6957  7425 D StrictMode:    at dqjv.run(PG:8)
03-25 15:43:16.813  6957  7425 D StrictMode:    at java.lang.Thread.run(Thread.java:1563)
03-25 15:43:16.813  6957  7425 D StrictMode:    at dqlo.run(PG:61)
03-25 15:43:16.814  6957  7425 D StrictMode: StrictMode policy violation: android.os.strictmode.DiskReadViolation
03-25 15:43:16.814  6957  7425 D StrictMode:    at android.os.StrictMode$AndroidBlockGuardPolicy.onReadFromDisk(StrictMode.java:1766)
03-25 15:43:16.814  6957  7425 D StrictMode:    at android.app.SharedPreferencesImpl.awaitLoadedLocked(SharedPreferencesImpl.java:283)
03-25 15:43:16.814  6957  7425 D StrictMode:    at android.app.SharedPreferencesImpl.getString(SharedPreferencesImpl.java:309)
03-25 15:43:16.814  6957  7425 D StrictMode:    at dxnu.e(PG:13)
03-25 15:43:16.814  6957  7425 D StrictMode:    at dxnu.d(PG:132)
03-25 15:43:16.814  6957  7425 D StrictMode:    at dxnu.a(PG:9)
03-25 15:43:16.814  6957  7425 D StrictMode:    at dsgy.e(PG:162)
03-25 15:43:16.814  6957  7425 D StrictMode:    at dsgy.d(PG:215)
03-25 15:43:16.814  6957  7425 D StrictMode:    at dsgy.c(PG:209)
03-25 15:43:16.814  6957  7425 D StrictMode:    at dsgu.b(PG:44)
03-25 15:43:16.814  6957  7425 D StrictMode:    at dsgu.a(PG:13)
03-25 15:43:16.814  6957  7425 D StrictMode:    at fdzv.b(PG:14)
03-25 15:43:16.814  6957  7425 D StrictMode:    at fdzv.a(PG:2)
03-25 15:43:16.814  6957  7425 D StrictMode:    at fdin.a(PG:52)
03-25 15:43:16.814  6957  7425 D StrictMode:    at dsgy.a(PG:13)
03-25 15:43:16.814  6957  7425 D StrictMode:    at dsoa.c(PG:186)
03-25 15:43:16.814  6957  7425 D StrictMode:    at dsoa.d(PG:154)
03-25 15:43:16.814  6957  7425 D StrictMode:    at dsny.b(PG:13)
03-25 15:43:16.814  6957  7425 D StrictMode:    at fcyt.w(PG:12)
03-25 15:43:16.814  6957  7425 D StrictMode:    at fdkn.run(PG:107)
03-25 15:43:16.814  6957  7425 D StrictMode:    at egvm.run(PG:3)
03-25 15:43:16.814  6957  7425 D StrictMode:    at dqkn.run(PG:7)
03-25 15:43:16.814  6957  7425 D StrictMode:    at elfh.run(PG:44)
03-25 15:43:16.814  6957  7425 D StrictMode:    at dqnf.run(PG:18)
03-25 15:43:16.814  6957  7425 D StrictMode:    at dqjv.run(PG:8)
03-25 15:43:16.814  6957  7425 D StrictMode:    at java.lang.Thread.run(Thread.java:1563)
03-25 15:43:16.814  6957  7425 D StrictMode:    at dqlo.run(PG:61)
03-25 15:43:16.822  6957  7113 D WM-GreedyScheduler: Constraints met: Scheduling work ID WorkGenerationalId(workSpecId=d434194e-26c9-4ff1-bcdc-d472e10530ca, generation=0)
03-25 15:43:16.828  6957  7580 D WM-GreedyScheduler: Constraints not met: Cancelling work ID WorkGenerationalId(workSpecId=1e256d2c-4329-48e7-b663-03838706ce09, generation=0)
03-25 15:43:16.829  6957  7580 D WM-GreedyScheduler: Constraints not met: Cancelling work ID WorkGenerationalId(workSpecId=d9e12dcc-2c07-4a45-bb91-7bd05526229b, generation=0)
03-25 15:43:16.835  6957  7113 D WM-Processor: Work WorkGenerationalId(workSpecId=d434194e-26c9-4ff1-bcdc-d472e10530ca, generation=0) is already enqueued for processing
03-25 15:43:16.837  6957  7424 I RcsProvisioningManager: Receive onRcsAvailabilityUpdate, SIM = redacted-pii:sim_id[chars:20,last3:897], availability = RcsAvailability{mAvailability=CARRIER_SETUP_PENDING (Carrier RCS is not set up)}
03-25 15:43:16.839  6957  7580 I RcsProvisioningManager: CommonRcsProvisioningChangeListenerHandler.notifyListener : Notify RcsProvisioningChangeListener cejo@8bf9d2d onRcsProvisioningChange, SIM = redacted-pii:sim_id[chars:35,last3:97)], available rcs provisioning ids  =
03-25 15:43:16.839  6957  7113 I RcsProvisioningManager: AvailabilityObserver.onUpdate : Notify RcsAvailabilityListener cozm@e16bdbe onRcsAvailabilityUpdate, SIM = redacted-pii:sim_id[chars:20,last3:897], availability = 10
03-25 15:43:16.840  6957  7424 I BugleRcsEngine: No RCS Configuration was found in Bugle for simID: redacted-pii:sim_id[chars:20,last3:897] [CONTEXT log_prefix="ProvisioningEngineDataRetriever" thread_id=71 ]
03-25 15:43:16.840  6957  7583 I RcsProvisioningManager: Cannot notify RcsVerifiedPhoneNumberListener because current availability is CARRIER_SETUP_PENDING instead of AVAILABLE.
03-25 15:43:16.840  6957  7098 I RcsProvisioningManager: CommonRcsProvisioningChangeListenerHandler.notifyListener : Notify RcsProvisioningChangeListener dawc@ddf844 onRcsProvisioningChange, SIM = redacted-pii:sim_id[chars:35,last3:97)], available rcs provisioning ids  =
03-25 15:43:16.841  6957  7113 I BugleTransport: Retrieved RCS available simIds: []
03-25 15:43:16.841  6957  7424 I BugleRcsProvisioning: RcsProvisioningTrigger: onRcsAvailabilityUpdate : isPreviousDisabled = true, isCurrentDisabled = false, config[simId:redacted-pii:sim_id[chars:20,last3:897]] = [Type: 0, Version: 0, Validity: 0, Last updated: 0, Remaining validity: 0, Reconfiguration requested: false, Messaging technology: SIMPLE_IM, rcsVolteSingleRegistration: falseInvalid configreason: INVALID_CONFIG_REASON_UNSPECIFIED], hasToken: false, isValidAndUpdated: false
03-25 15:43:16.843  6957  7424 I BugleRcsProvisioning: RcsProvisioningTrigger: Schedule KEEP provision when trigger configuration not valid
03-25 15:43:16.843  6957  7580 I BugleTransport: Deregister all SIMs except for SIMs with subIds: [] from chat transport: DUAL_REGISTRATION.
03-25 15:43:16.843  6957  7098 I BugleTransport: Deregister all SIMs except for SIMs with subIds: [] from chat transport: SINGLE_REGISTRATION.
03-25 15:43:16.844  6957  7424 I BugleRcsProvisioning: scheduleProvisioningForRcsProvisioningId rcsProvisioningId: redacted-pii:sim_id[chars:35,last3:97)], provisioningTriggerEvent: 0
03-25 15:43:16.844  6957  7583 I BugleTransport: Deregister all SIMs except for SIMs with subIds: [] from chat transport: TACHYGRAM.
03-25 15:43:16.845  6957  7584 I ckhm    : scheduleProvisioningForRcsProvisioningId: rcsProvisioningId: redacted-pii:sim_id[chars:20,last3:897] operationTrigger: 6 bugle trigger event: 0
03-25 15:43:16.846  6957  7422 W RcsClientLib: Service is deprecated skipping connection attempt: RcsEngineLifecycleServiceV2
03-25 15:43:16.846  6957  7113 W RcsClientLib: Service is deprecated skipping connection attempt: RcsEngineLifecycleServiceV2
03-25 15:43:16.847  6957  7421 E BugleRcs: RcsEngineLifecycleManagerV2: RcsServiceConnectionException was raised while waiting to connect to RcsEngineLifecycleServiceV2
03-25 15:43:16.847  6957  7421 E BugleRcs: crsk: RcsServiceConnectionException:com.google.android.rcs.client.lifecycle.RcsEngineLifecycleServiceV2:UNKNOWN
03-25 15:43:16.847  6957  7421 E BugleRcs:      at crrr.a(PG:54)
03-25 15:43:16.847  6957  7421 E BugleRcs:      at kol.a(PG:19)
03-25 15:43:16.847  6957  7421 E BugleRcs:      at crrs.a(PG:14)
03-25 15:43:16.847  6957  7421 E BugleRcs:      at eiht.a(PG:13)
03-25 15:43:16.847  6957  7421 E BugleRcs:      at eota.a(PG:3)
03-25 15:43:16.847  6957  7421 E BugleRcs:      at eory.run(PG:19)
03-25 15:43:16.847  6957  7421 E BugleRcs:      at eotc.run(PG:5)
03-25 15:43:16.847  6957  7421 E BugleRcs:      at dqkn.run(PG:7)
03-25 15:43:16.847  6957  7421 E BugleRcs:      at java.util.concurrent.ThreadPoolExecutor.runWorker(ThreadPoolExecutor.java:1154)
03-25 15:43:16.847  6957  7421 E BugleRcs:      at java.util.concurrent.ThreadPoolExecutor$Worker.run(ThreadPoolExecutor.java:652)
03-25 15:43:16.847  6957  7421 E BugleRcs:      at dqju.run(PG:6)
03-25 15:43:16.847  6957  7421 E BugleRcs:      at java.lang.Thread.run(Thread.java:1563)
03-25 15:43:16.847  6957  7421 E BugleRcs:      at dqlo.run(PG:61)
03-25 15:43:16.847  6957  7432 E BugleRcs: RcsEngineLifecycleManagerV2: RcsServiceConnectionException was raised while waiting to connect to RcsEngineLifecycleServiceV2
03-25 15:43:16.847  6957  7432 E BugleRcs: crsk: RcsServiceConnectionException:com.google.android.rcs.client.lifecycle.RcsEngineLifecycleServiceV2:UNKNOWN
03-25 15:43:16.847  6957  7432 E BugleRcs:      at crrr.a(PG:54)
03-25 15:43:16.847  6957  7432 E BugleRcs:      at kol.a(PG:19)
03-25 15:43:16.847  6957  7432 E BugleRcs:      at crrs.a(PG:14)
03-25 15:43:16.847  6957  7432 E BugleRcs:      at eiht.a(PG:13)
03-25 15:43:16.847  6957  7432 E BugleRcs:      at eota.a(PG:3)
03-25 15:43:16.847  6957  7432 E BugleRcs:      at eory.run(PG:19)
03-25 15:43:16.847  6957  7432 E BugleRcs:      at eotc.run(PG:5)
03-25 15:43:16.847  6957  7432 E BugleRcs:      at dqkn.run(PG:7)
03-25 15:43:16.847  6957  7432 E BugleRcs:      at java.util.concurrent.ThreadPoolExecutor.runWorker(ThreadPoolExecutor.java:1154)
03-25 15:43:16.847  6957  7432 E BugleRcs:      at java.util.concurrent.ThreadPoolExecutor$Worker.run(ThreadPoolExecutor.java:652)
03-25 15:43:16.847  6957  7432 E BugleRcs:      at dqju.run(PG:6)
03-25 15:43:16.847  6957  7432 E BugleRcs:      at java.lang.Thread.run(Thread.java:1563)
03-25 15:43:16.847  6957  7432 E BugleRcs:      at dqlo.run(PG:61)
03-25 15:43:16.847  6957  7584 I BugleRcsEngine: [SR]: Single Registration is disabled. Skipping Single Registration capability check for subId: 1, OS.isAtLeastS:[true], enableSingleRegistrationProvisioning:[false] [CONTEXT thread_id=86 ]
03-25 15:43:16.848  6957  7584 I ckhm    : RcsProvisioningTrigger: DR is active, initializing DR provisioning. DUAL_REG
03-25 15:43:16.849  6957  7424 I BugleRcsEngine: [SR]: Single Registration is disabled. Skipping Single Registration capability check for subId: 1, OS.isAtLeastS:[true], enableSingleRegistrationProvisioning:[false] [CONTEXT thread_id=71 ]
03-25 15:43:16.851  6957  7424 I BugleRcsEngine: No RCS Configuration was found in Bugle for simID: redacted-pii:sim_id[chars:20,last3:897] [CONTEXT log_prefix="ProvisioningEngineDataRetriever" thread_id=71 ]
03-25 15:43:16.854  6957  7424 I BugleRcsEngine: Scheduled provisioning task with 0 seconds delay, KEEP policy, trigger is UNDEFINED_TRIGGER_EVENT, workerId is bf8a637d-c81a-4fbf-97aa-024ba66b3b51, simId is redacted-pii:sim_id[chars:20,last3:897] [CONTEXT log_prefix="provisioning" thread_id=71 ]
03-25 15:43:16.876  6957  7582 I CronetEngineBuilderFact: Found Cronet providers: Google-Play-Services-Cronet-Provider, App-Packaged-Cronet-Provider, Fallback-Cronet-Provider
03-25 15:43:16.876  6957  7582 I CronetEngineBuilderFact: Selected Cronet provider is App-Packaged-Cronet-Provider, version 136.0.7091.2
03-25 15:43:16.884  6957  7613 I cn_CronetLibraryLoader: HTTP flags log line: Using live production flag values from Google
03-25 15:43:16.898  6957  7582 D nativeloader: Load /product/priv-app/PrebuiltBugle/PrebuiltBugle.apk!/lib/x86_64/libcronet.136.0.7091.2.so using class loader ns product-clns-10 (caller=/product/priv-app/PrebuiltBugle/PrebuiltBugle.apk!classes6.dex): ok
03-25 15:43:16.901   781  2048 D ConnectivityService: requestNetwork for uid/pid:10154/6957 activeRequest: null callbackRequest: 314 [NetworkRequest [ TRACK_DEFAULT id=315, [ Capabilities: INTERNET&NOT_RESTRICTED&TRUSTED&NOT_VCN_MANAGED&NOT_BANDWIDTH_CONSTRAINED Uid: 10154 RequestorUid: 10154 RequestorPkg: com.google.android.apps.messaging UnderlyingNetworks: Null] ], NetworkRequest [ REQUEST id=316, [ Transports: SATELLITE Capabilities: INTERNET&TRUSTED&NOT_VCN_MANAGED Uid: 10154 RequestorUid: 10154 RequestorPkg: com.google.android.apps.messaging UnderlyingNetworks: Null] ]] callback flags: 0 order: 2147483647 isUidTracked: false declaredMethods: AVAIL|LOST|NC|LP
03-25 15:43:16.903   781  1188 D ConnectivityService: NetReassign [315 : null → 100] [c 0] [a 1] [i 0]
03-25 15:43:16.907  6957  7582 I cn_CronetLibraryLoader: Cronet version: 136.0.7091.2, arch: x86_64
03-25 15:43:16.908   781  1188 D ConnectivityService: NetReassign [no changes] [c 1] [a 0] [i 0]
03-25 15:43:16.936  6957  7582 I WM-WorkerWrapper: Worker result SUCCESS for Work [ id=d434194e-26c9-4ff1-bcdc-d472e10530ca, tags={ com.google.android.libraries.mdi.download.workmanager.workers.PeriodicWorker,MDD.MAINTENANCE.PERIODIC.GCM.TASK } ]
03-25 15:43:16.936  6957  6957 D WM-Processor: qcu d434194e-26c9-4ff1-bcdc-d472e10530ca executed; reschedule = false
03-25 15:43:16.936  6957  6957 D WM-GreedyScheduler: Stopping tracking for WorkGenerationalId(workSpecId=d434194e-26c9-4ff1-bcdc-d472e10530ca, generation=0)
03-25 15:43:16.937  6957  6957 D WM-SystemJobService: d434194e-26c9-4ff1-bcdc-d472e10530ca executed on JobScheduler
03-25 15:43:16.940  6957  7582 D WM-GreedyScheduler: Cancelling work ID d434194e-26c9-4ff1-bcdc-d472e10530ca
03-25 15:43:16.941  6957  7582 D WM-SystemJobScheduler: Scheduling work ID d434194e-26c9-4ff1-bcdc-d472e10530caJob ID 1032
03-25 15:43:16.943  6957  7582 D WM-GreedyScheduler: Ignoring {WorkSpec: bf702378-6f04-43e8-85e8-c468f4912db7}. Requires device idle.
03-25 15:43:16.943  6957  7582 D WM-GreedyScheduler: Ignoring {WorkSpec: f126592f-7ea3-4276-86ee-fff5fd7ce9ba}. Requires device idle.
03-25 15:43:16.943  6957  7582 D WM-GreedyScheduler: Ignoring {WorkSpec: 46dc249f-0b13-490d-9d3f-8d310202d865}. Requires device idle.
03-25 15:43:16.943  6957  7582 D WM-GreedyScheduler: Starting tracking for 1e256d2c-4329-48e7-b663-03838706ce09,d9e12dcc-2c07-4a45-bb91-7bd05526229b
03-25 15:43:17.014   781   793 I system_server: Background concurrent mark compact GC freed 23MB AllocSpace bytes, 7(252KB) LOS objects, 42% free, 31MB/55MB, paused 1.482ms,1.858ms total 112.835ms
03-25 15:43:17.193  5912  6009 I Finsky:background: [45] Stats for Executor: bgExecutor vbt@c964a09[Running, pool size = 4, active threads = 0, queued tasks = 0, completed tasks = 428]
03-25 15:43:17.203  5912  6009 I Finsky:background: [45] Stats for Executor: LightweightExecutor vbt@81da07d[Running, pool size = 4, active threads = 0, queued tasks = 0, completed tasks = 539]
03-25 15:43:17.296  5912  6009 I Finsky:background: [45] Stats for Executor: BlockingExecutor vbt@6d8dc2e[Running, pool size = 2, active threads = 0, queued tasks = 0, completed tasks = 46]
03-25 15:43:17.353  6957  7424 I BugleRcsEngine: putGMSCoreIIDToken redacted-pii:[chars:131] [CONTEXT log_prefix="ProvisioningEngineDataRetriever" thread_id=71 ]
03-25 15:43:17.353  6957  7424 I BugleRcsEngine: GMSCoreIIDToken from C11n Client saved to bugle storage. [5532137f-1124-4df1-a9b6-19779d51c8d4] [CONTEXT log_prefix="(PEv2-SM78008543-DefaultCallSmsData-1-364)" thread_id=71 ]
03-25 15:43:17.361  6506  6591 W constellation: [gaia_util] No accounts found on device
03-25 15:43:17.379  6506  6591 I constellation: [event_manager] Starting session 230f5016-3a31-4315-a6c4-925b3ae56260 from trigger: TRIGGER_API_CALL
03-25 15:43:17.381  6506  6506 D BoundBrokerSvc: onBind: Intent { act=com.google.android.gms.auth.blockstore.service.START dat=chimera-action:/... xflg=0x4 cmp=com.google.android.gms/.chimera.GmsApiService }
03-25 15:43:17.381  6506  6506 D BoundBrokerSvc: Loading bound service for intent: Intent { act=com.google.android.gms.auth.blockstore.service.START dat=chimera-action:/... xflg=0x4 cmp=com.google.android.gms/.chimera.GmsApiService }
03-25 15:43:17.384  6506  6550 W ConsentManagerApiServic: Consent Manager API is not enabled. [CONTEXT service_id=460 ]
03-25 15:43:17.404  6506  6550 I Backup  : [GmsBackupAccountManager] Backup account not found in gmscore.
03-25 15:43:17.412  6484  7543 W ChimeraUtils: Module com.google.android.gms.backup_base missing resource null(0)
03-25 15:43:17.418  6506  6591 E gle.android.gms: hiddenapi: Accessing hidden method Landroid/telephony/TelephonyManager;->isImsRegistered()Z (runtime_flags=0, domain=platform, api=max-target-p) from Lcwxe; (domain=app, TargetSdkVersion=37) using reflection: denied
03-25 15:43:17.454  1469  2203 V MmsProvider: inside checkQueryParametersForSubqueries
03-25 15:43:17.454  1469  2203 V MmsProvider: checkQueryParametersForSubqueries checking proj: date
03-25 15:43:17.454  1469  2203 V MmsProvider: checkQueryParametersForSubqueries checking proj: address
03-25 15:43:17.454  1469  2203 V MmsProvider: checkQueryParametersForSubqueries checking sel: sub_id = ? AND date > ?
03-25 15:43:17.454  1469  2203 V MmsProvider: checkQueryParametersForSubqueries checking sort: date DESC
03-25 15:43:17.454  1469  2203 V MmsProvider: inside checkSelection checking sel: sub_id = ? AND date > ?
03-25 15:43:17.477  1469  2203 V MmsProvider: inside checkQueryParametersForSubqueries
03-25 15:43:17.477  1469  2203 V MmsProvider: checkQueryParametersForSubqueries checking proj: date
03-25 15:43:17.477  1469  2203 V MmsProvider: checkQueryParametersForSubqueries checking proj: address
03-25 15:43:17.477  1469  2203 V MmsProvider: checkQueryParametersForSubqueries checking sel: sub_id = ? AND date > ?
03-25 15:43:17.477  1469  2203 V MmsProvider: checkQueryParametersForSubqueries checking sort: date DESC
03-25 15:43:17.477  1469  2203 V MmsProvider: inside checkSelection checking sel: sub_id = ? AND date > ?
03-25 15:43:17.495   781  1182 I HalDevMgr: bestIfaceCreationProposal is null, requestIface=STA, existingIface=[name=wlan0 type=STA]
03-25 15:43:17.558  6839  7248 W libc    : Access denied finding property "persist.adb.tls_server.enable"
03-25 15:43:17.558  1469  1577 D SatelliteController: iisInCarrierRoamingNbIotNtn: satellite is disabled
03-25 15:43:17.558  6839  7248 W libc    : Access denied finding property "service.adb.tls.port"
03-25 15:43:17.558  1469  1577 D SatelliteController: getCarrierRoamingNtnConnectType: Falling back to global carrier config connect type: 0
03-25 15:43:17.553  6839  6839 W binder:6839_5: type=1400 audit(0.0:45): avc:  denied  { read } for  name="u:object_r:adbd_prop:s0" dev="tmpfs" ino=59 scontext=u:r:gmscore_app:s0:c512,c768 tcontext=u:object_r:adbd_prop:s0 tclass=file permissive=0 app=com.google.android.gms
03-25 15:43:17.582  1469  1476 W System  : A resource failed to call AbstractCursor.close.
03-25 15:43:17.582  1469  1476 W System  : A resource failed to call AbstractCursor.close.
03-25 15:43:17.582   781  2703 D FileUtils: Rounded bytes from 2061066240 to 4000000000
03-25 15:43:17.601  6484  6576 W GLSUser : [DeviceKeyStore] Cannot load key: Device key file not found.
03-25 15:43:17.601  6484  6576 W GLSUser : [DeviceKeyStore] Cannot load key: Device key file not found.
03-25 15:43:17.613  6506  7317 W Conscrypt: Could not set socket write timeout: java.net.SocketException: Socket closed
03-25 15:43:17.613  6506  7317 W Conscrypt:     at com.google.android.gms.org.conscrypt.Platform.setSocketWriteTimeout(:com.google.android.gms@261133038@26.11.33 (260800-887465546):204)
03-25 15:43:17.613  6506  7317 W Conscrypt:     at com.google.android.gms.org.conscrypt.ConscryptFileDescriptorSocket.setSoWriteTimeout(:com.google.android.gms@261133038@26.11.33 (260800-887465546):4)
03-25 15:43:17.713  6506  7317 W Conscrypt: Could not set socket write timeout: java.net.SocketException: Socket closed
03-25 15:43:17.713  6506  7317 W Conscrypt:     at com.google.android.gms.org.conscrypt.Platform.setSocketWriteTimeout(:com.google.android.gms@261133038@26.11.33 (260800-887465546):204)
03-25 15:43:17.713  6506  7317 W Conscrypt:     at com.google.android.gms.org.conscrypt.ConscryptFileDescriptorSocket.setSoWriteTimeout(:com.google.android.gms@261133038@26.11.33 (260800-887465546):4)
03-25 15:43:17.738  6484  6484 D BoundBrokerSvc: onUnbind: Intent { act=com.google.android.gms.auth.account.data.service.START xflg=0x4 pkg=com.google.android.gms }
03-25 15:43:17.742  6506  6506 D BoundBrokerSvc: onUnbind: Intent { act=com.google.android.gms.audit.service.START xflg=0x4 pkg=com.google.android.gms }
03-25 15:43:17.838  5912  6105 I PlayCommon: [87] Preparing logs for uploading
03-25 15:43:17.840  5912  6105 W PlayCommon: [87] No account for auth token provided
03-25 15:43:17.844  5912  6105 I PlayCommon: [87] Connecting to server: https://play.googleapis.com/play/log?format=raw&proto_v2=true
03-25 15:43:17.855  6506  6591 E constellation: [rpc_manager] Sync: failed with status: jmqb{code=RESOURCE_EXHAUSTED, description=Resource has been exhausted (e.g. check quota)., cause=null}
03-25 15:43:17.855  6506  6591 E constellation: Exception:
03-25 15:43:17.855  6506  6591 E constellation: jmqc: RESOURCE_EXHAUSTED: Resource has been exhausted (e.g. check quota).
03-25 15:43:17.855  6506  6591 E constellation:         at bidv.r(:com.google.android.gms@261133038@26.11.33 (260800-887465546):31)
03-25 15:43:17.855  6506  6591 E constellation:         at bidv.f(:com.google.android.gms@261133038@26.11.33 (260800-887465546):90)
03-25 15:43:17.855  6506  6591 E constellation:         at biwv.b(:com.google.android.gms@261133038@26.11.33 (260800-887465546):44)
03-25 15:43:17.855  6506  6591 E constellation:         at biwr.D(:com.google.android.gms@261133038@26.11.33 (260800-887465546):27)
03-25 15:43:17.855  6506  6591 E constellation:         at biwr.i(:com.google.android.gms@261133038@26.11.33 (260800-887465546):111)
03-25 15:43:17.855  6506  6591 E constellation:         at bivi.n(:com.google.android.gms@261133038@26.11.33 (260800-887465546):32)
03-25 15:43:17.855  6506  6591 E constellation:         at com.google.android.gms.constellation.EventManager.g(:com.google.android.gms@261133038@26.11.33 (260800-887465546):345)
03-25 15:43:17.855  6506  6591 E constellation:         at com.google.android.gms.constellation.EventManager.onHandleIntent(:com.google.android.gms@261133038@26.11.33 (260800-887465546):384)
03-25 15:43:17.855  6506  6591 E constellation:         at com.google.android.chimera.IntentOperation.onHandleIntent(:com.google.android.gms@261133038@26.11.33 (260800-887465546):1)
03-25 15:43:17.855  6506  6591 E constellation:         at bcff.onHandleIntent(:com.google.android.gms@261133038@26.11.33 (260800-887465546):84)
03-25 15:43:17.855  6506  6591 E constellation:         at aaur.run(:com.google.android.gms@261133038@26.11.33 (260800-887465546):64)
03-25 15:43:17.855  6506  6591 E constellation:         at aauq.run(:com.google.android.gms@261133038@26.11.33 (260800-887465546):132)
03-25 15:43:17.855  6506  6591 E constellation:         at gxmc.run(:com.google.android.gms@261133038@26.11.33 (260800-887465546):19)
03-25 15:43:17.855  6506  6591 E constellation:         at java.util.concurrent.ThreadPoolExecutor.runWorker(ThreadPoolExecutor.java:1154)
03-25 15:43:17.855  6506  6591 E constellation:         at java.util.concurrent.ThreadPoolExecutor$Worker.run(ThreadPoolExecutor.java:652)
03-25 15:43:17.855  6506  6591 E constellation:         at java.lang.Thread.run(Thread.java:1563)
03-25 15:43:17.855  6506  6591 E constellation: [verification_manager] Verification failed:
03-25 15:43:17.855  6506  6591 E constellation: bjpj: sync
03-25 15:43:17.855  6506  6591 E constellation:         at biwr.B(:com.google.android.gms@261133038@26.11.33 (260800-887465546):49)
03-25 15:43:17.855  6506  6591 E constellation:         at biwr.i(:com.google.android.gms@261133038@26.11.33 (260800-887465546):441)
03-25 15:43:17.855  6506  6591 E constellation:         at bivi.n(:com.google.android.gms@261133038@26.11.33 (260800-887465546):32)
03-25 15:43:17.855  6506  6591 E constellation:         at com.google.android.gms.constellation.EventManager.g(:com.google.android.gms@261133038@26.11.33 (260800-887465546):345)
03-25 15:43:17.855  6506  6591 E constellation:         at com.google.android.gms.constellation.EventManager.onHandleIntent(:com.google.android.gms@261133038@26.11.33 (260800-887465546):384)
03-25 15:43:17.855  6506  6591 E constellation:         at com.google.android.chimera.IntentOperation.onHandleIntent(:com.google.android.gms@261133038@26.11.33 (260800-887465546):1)
03-25 15:43:17.855  6506  6591 E constellation:         at bcff.onHandleIntent(:com.google.android.gms@261133038@26.11.33 (260800-887465546):84)
03-25 15:43:17.855  6506  6591 E constellation:         at aaur.run(:com.google.android.gms@261133038@26.11.33 (260800-887465546):64)
03-25 15:43:17.855  6506  6591 E constellation:         at aauq.run(:com.google.android.gms@261133038@26.11.33 (260800-887465546):132)
03-25 15:43:17.855  6506  6591 E constellation:         at gxmc.run(:com.google.android.gms@261133038@26.11.33 (260800-887465546):19)
03-25 15:43:17.855  6506  6591 E constellation:         at java.util.concurrent.ThreadPoolExecutor.runWorker(ThreadPoolExecutor.java:1154)
03-25 15:43:17.855  6506  6591 E constellation:         at java.util.concurrent.ThreadPoolExecutor$Worker.run(ThreadPoolExecutor.java:652)
03-25 15:43:17.855  6506  6591 E constellation:         at java.lang.Thread.run(Thread.java:1563)
03-25 15:43:17.856  6506  6591 E constellation: [event_manager] Failed to sync verifications:
03-25 15:43:17.856  6506  6591 E constellation: bjpj: sync
03-25 15:43:17.856  6506  6591 E constellation:         at biwr.B(:com.google.android.gms@261133038@26.11.33 (260800-887465546):49)
03-25 15:43:17.856  6506  6591 E constellation:         at biwr.i(:com.google.android.gms@261133038@26.11.33 (260800-887465546):441)
03-25 15:43:17.856  6506  6591 E constellation:         at bivi.n(:com.google.android.gms@261133038@26.11.33 (260800-887465546):32)
03-25 15:43:17.856  6506  6591 E constellation:         at com.google.android.gms.constellation.EventManager.g(:com.google.android.gms@261133038@26.11.33 (260800-887465546):345)
03-25 15:43:17.856  6506  6591 E constellation:         at com.google.android.gms.constellation.EventManager.onHandleIntent(:com.google.android.gms@261133038@26.11.33 (260800-887465546):384)
03-25 15:43:17.856  6506  6591 E constellation:         at com.google.android.chimera.IntentOperation.onHandleIntent(:com.google.android.gms@261133038@26.11.33 (260800-887465546):1)
03-25 15:43:17.856  6506  6591 E constellation:         at bcff.onHandleIntent(:com.google.android.gms@261133038@26.11.33 (260800-887465546):84)
03-25 15:43:17.856  6506  6591 E constellation:         at aaur.run(:com.google.android.gms@261133038@26.11.33 (260800-887465546):64)
03-25 15:43:17.856  6506  6591 E constellation:         at aauq.run(:com.google.android.gms@261133038@26.11.33 (260800-887465546):132)
03-25 15:43:17.856  6506  6591 E constellation:         at gxmc.run(:com.google.android.gms@261133038@26.11.33 (260800-887465546):19)
03-25 15:43:17.856  6506  6591 E constellation:         at java.util.concurrent.ThreadPoolExecutor.runWorker(ThreadPoolExecutor.java:1154)
03-25 15:43:17.856  6506  6591 E constellation:         at java.util.concurrent.ThreadPoolExecutor$Worker.run(ThreadPoolExecutor.java:652)
03-25 15:43:17.856  6506  6591 E constellation:         at java.lang.Thread.run(Thread.java:1563)
03-25 15:43:17.860  6957  7424 W BugleRcsEngine: UPI - verifyPhoneNumber API returned an exception: 5008: sync [5532137f-1124-4df1-a9b6-19779d51c8d4] [CONTEXT log_prefix="(PEv2-SM78008543-DefaultCallSmsData-1-364)" thread_id=71 ]
03-25 15:43:17.867  6957  7424 W BugleRcsEngine: Unable to send diagnostic log [CONTEXT thread_id=71 ]
03-25 15:43:17.868  6957  7424 I BugleRcsEngine: UPI - non-retryable verifyPhoneNumber failure, falling back to non-UPI is removed [5532137f-1124-4df1-a9b6-19779d51c8d4] [CONTEXT log_prefix="(PEv2-SM78008543-DefaultCallSmsData-1-364)" thread_id=71 ]
03-25 15:43:17.868  6957  7424 I BugleRcsEngine: transitionViaMessage, srcState=VerifyMsisdnState, destState = RetryState [5532137f-1124-4df1-a9b6-19779d51c8d4] [CONTEXT log_prefix="(PEv2-SM78008543-DefaultCallSmsData-1-364)" thread_id=71 ]
03-25 15:43:17.869  6957  7582 I StateMachineV2: State transition requested, from 31 to 5
03-25 15:43:17.869  6957  7582 I StateMachineV2: Exiting dgmq@9455dae
03-25 15:43:17.870  6957  7582 I BugleRcsEngine: Exit VerifyMsisdnState [5532137f-1124-4df1-a9b6-19779d51c8d4] [CONTEXT log_prefix="(PEv2-SM78008543-DefaultCallSmsData-1-364)" thread_id=83 ]
03-25 15:43:17.870  6957  7582 W BugleRcsEngine: Unable to send diagnostic log [CONTEXT thread_id=83 ]
03-25 15:43:17.870  6957  7582 I StateMachineV2: Exiting dglo@ff313b2
03-25 15:43:17.871  6957  7582 I BugleRcsEngine: Exit InProgressState [5532137f-1124-4df1-a9b6-19779d51c8d4] [CONTEXT log_prefix="(PEv2-SM78008543-DefaultCallSmsData-1-364)" thread_id=83 ]
03-25 15:43:17.871  6957  7582 W BugleRcsEngine: Unable to send diagnostic log [CONTEXT thread_id=83 ]
03-25 15:43:17.871  6957  7582 I StateMachineV2: Entering dgmg@f829741
03-25 15:43:17.871  6957  7582 I BugleRcsEngine: Enter RetryState [5532137f-1124-4df1-a9b6-19779d51c8d4] [CONTEXT log_prefix="(PEv2-SM78008543-DefaultCallSmsData-1-364)" thread_id=83 ]
03-25 15:43:17.875  6957  7582 W BugleRcsEngine: Unable to send diagnostic log [CONTEXT thread_id=83 ]
03-25 15:43:17.875  6957  7582 I StateMachineV2: Queuing delayed 9 for PT5M
03-25 15:43:17.876  6957  7582 I BugleRcsEngine: nextRetry = 0 [5532137f-1124-4df1-a9b6-19779d51c8d4] [CONTEXT log_prefix="(PEv2-SM78008543-DefaultCallSmsData-1-364)" thread_id=83 ]
03-25 15:43:17.876  6957  7582 I BugleRcsEngine: scheduleRetry, currentRetry = 0, retryMillis = 240000 [5532137f-1124-4df1-a9b6-19779d51c8d4] [CONTEXT log_prefix="(PEv2-SM78008543-DefaultCallSmsData-1-364)" thread_id=83 ]
03-25 15:43:17.887  6957  7424 W BugleRcsEngine: Unable to send diagnostic log [CONTEXT thread_id=71 ]
03-25 15:43:17.896  6957  7582 I BugleRcsEngine: [SR]: Single Registration is disabled. Skipping Single Registration capability check for subId: 1, OS.isAtLeastS:[true], enableSingleRegistrationProvisioning:[false] [CONTEXT thread_id=83 ]
03-25 15:43:17.896  6957  7582 I BugleRcsEngine: No RCS Configuration was found in Bugle for simID: redacted-pii:sim_id[chars:20,last3:897] [CONTEXT log_prefix="ProvisioningEngineDataRetriever" thread_id=83 ]
03-25 15:43:17.897  6957  7582 I BugleRcsProvisioning: RcsAvailability configuration availability and enabled status: simId: redacted-pii:sim_id[chars:20,last3:897], SipConnectionType: DUAL_REG, isConfigurationAvailableAndEnabled: false
03-25 15:43:17.901  6957  7582 I BugleRcsProvisioning: Checking isConfigServerUrlAvailable with simId: redacted-pii:sim_id[chars:20,last3:897],
03-25 15:43:17.902  6957  7582 I BugleRcsEngine: getConfigServerUrl with simId: redacted-pii:sim_id[chars:20,last3:897] [CONTEXT log_prefix="ProvisioningServerUtil" thread_id=83 ]
03-25 15:43:17.903  6957  7582 I BugleRcsEngine: Using config server URL from cebl [CONTEXT log_prefix="ProvisioningServerUtil" thread_id=83 ]
03-25 15:43:17.907  6957  7582 I BugleRcsProvisioning: RcsAvailability: Subscription Id: 1, simId: redacted-pii:sim_id[chars:20,last3:897], sipConnectionType: DUAL_REG, isRcsAvailable: false
03-25 15:43:17.908  6957  7582 I BugleRcsEngine: No RCS Configuration was found in Bugle for simID: redacted-pii:sim_id[chars:20,last3:897] [CONTEXT log_prefix="ProvisioningEngineDataRetriever" thread_id=83 ]
03-25 15:43:17.908  6957  7582 I BugleRcsProvisioning: updateAvailabilityForRcsProvisioningId. SimId: redacted-pii:sim_id[chars:20,last3:897], currentAvailability: 10, newAvailability: 10, hint: NO_HINT
03-25 15:43:17.909  6957  7113 I BugleRcsProvisioning: RcsProvisioningTrigger: onRcsAvailabilityUpdate : availability is updated to Carrier RCS is not set up, lastAvailabilityLocal is Carrier RCS is not set up, simId hash = 5728216807977682835, simId = redacted-pii:sim_id[chars:20,last3:897], isPev3Enabled = true
03-25 15:43:17.909  6957  7113 W BugleRcsEngine: Unable to send diagnostic log [CONTEXT thread_id=63 ]
03-25 15:43:17.910  6957  7113 W BugleRcsEngine: Unable to send diagnostic log [CONTEXT thread_id=63 ]
03-25 15:43:17.913  6957  7582 I BugleRcsWorker: [seqId=0][workId=294660d3-0d20-4110-b92c-541be06aa757] Received a provisioning state changed event from the provisioning engine RETRY
03-25 15:43:17.915  6957  7582 I BugleRcsWorker: [seqId=0][workId=294660d3-0d20-4110-b92c-541be06aa757] Provisioning Engine entered RetryState, provisioning task will be rescheduled with exponential backoff
03-25 15:43:17.915  6957  7582 I BugleRcsWorker: [seqId=0][workId=294660d3-0d20-4110-b92c-541be06aa757] finish provisioning task with result Success {mOutputData=Data {}}
03-25 15:43:17.916  6957  7582 I BugleRcsWorker: [seqId=0][workId=294660d3-0d20-4110-b92c-541be06aa757] RCS provisioning task has finished with result Success {mOutputData=Data {}}
03-25 15:43:17.917  6957  7424 I WM-WorkerWrapper: Worker result SUCCESS for Work [ id=acb663b8-910f-4bbe-8f4f-92d9ab6510cd, tags={ com.google.android.apps.messaging.shared.rcsprovisioning.RcsProvisioningListenableWorker,provisioning } ]
03-25 15:43:17.918  6957  6957 D WM-Processor: qcu acb663b8-910f-4bbe-8f4f-92d9ab6510cd executed; reschedule = false
03-25 15:43:17.918  6957  6957 D WM-GreedyScheduler: Stopping tracking for WorkGenerationalId(workSpecId=acb663b8-910f-4bbe-8f4f-92d9ab6510cd, generation=0)
03-25 15:43:17.918  6957  6957 D WM-SystemJobService: acb663b8-910f-4bbe-8f4f-92d9ab6510cd executed on JobScheduler
03-25 15:43:17.918  6957  7425 W GnpSdk  : Couldn't fetch GnpAccount, not setting RTID or checking for multiple entries
03-25 15:43:17.918  6957  7425 W GnpSdk  : java.lang.Exception: Account not in storage
03-25 15:43:17.918  6957  7425 W GnpSdk  :      at dxfp.<init>(PG:2)
03-25 15:43:17.918  6957  7425 W GnpSdk  :      at dsay.q(PG:107)
03-25 15:43:17.918  6957  7425 W GnpSdk  :      at dsav.b(PG:13)
03-25 15:43:17.918  6957  7425 W GnpSdk  :      at fcyt.w(PG:12)
03-25 15:43:17.918  6957  7425 W GnpSdk  :      at fdkn.run(PG:107)
03-25 15:43:17.918  6957  7425 W GnpSdk  :      at egvm.run(PG:3)
03-25 15:43:17.918  6957  7425 W GnpSdk  :      at dqkn.run(PG:7)
03-25 15:43:17.918  6957  7425 W GnpSdk  :      at elfh.run(PG:44)
03-25 15:43:17.918  6957  7425 W GnpSdk  :      at dqnf.run(PG:18)
03-25 15:43:17.918  6957  7425 W GnpSdk  :      at dqjv.run(PG:8)
03-25 15:43:17.918  6957  7425 W GnpSdk  :      at java.lang.Thread.run(Thread.java:1563)
03-25 15:43:17.918  6957  7425 W GnpSdk  :      at dqlo.run(PG:61)
03-25 15:43:17.920  6957  7096 I Bugle   : Scheduling custom retry
03-25 15:43:17.920  6957  7113 I BugleRcsEngine: [SR]: Single Registration is disabled. Skipping Single Registration capability check for subId: 1, OS.isAtLeastS:[true], enableSingleRegistrationProvisioning:[false] [CONTEXT thread_id=63 ]
03-25 15:43:17.921  6957  7424 D WM-GreedyScheduler: Cancelling work ID acb663b8-910f-4bbe-8f4f-92d9ab6510cd
03-25 15:43:17.922  6957  7113 I BugleRcsEngine: No RCS Configuration was found in Bugle for simID: redacted-pii:sim_id[chars:20,last3:897] [CONTEXT log_prefix="ProvisioningEngineDataRetriever" thread_id=63 ]
03-25 15:43:17.922  6957  7424 D WM-GreedyScheduler: Ignoring {WorkSpec: bf702378-6f04-43e8-85e8-c468f4912db7}. Requires device idle.
03-25 15:43:17.922  6957  7424 D WM-GreedyScheduler: Ignoring {WorkSpec: f126592f-7ea3-4276-86ee-fff5fd7ce9ba}. Requires device idle.
03-25 15:43:17.922  6957  7424 D WM-GreedyScheduler: Ignoring {WorkSpec: 46dc249f-0b13-490d-9d3f-8d310202d865}. Requires device idle.
03-25 15:43:17.922  6957  7581 I BugleRcsEngine: [SR]: Single Registration is disabled. Skipping Single Registration capability check for subId: 1, OS.isAtLeastS:[true], enableSingleRegistrationProvisioning:[false] [CONTEXT thread_id=85 ]
03-25 15:43:17.923  6957  7424 D WM-GreedyScheduler: Starting tracking for 1e256d2c-4329-48e7-b663-03838706ce09,d9e12dcc-2c07-4a45-bb91-7bd05526229b
03-25 15:43:17.923  6957  7113 I BugleRcsEngine: Scheduled provisioning task with 60 seconds delay, APPEND policy, trigger is STATE_MACHINE_RETRY, workerId is 50186d70-7d57-460d-a187-d8536a1300bd, simId is redacted-pii:sim_id[chars:20,last3:897] [CONTEXT log_prefix="provisioning" thread_id=63 ]
03-25 15:43:17.923  6957  7581 I BugleRcsEngine: No RCS Configuration was found in Bugle for simID: redacted-pii:sim_id[chars:20,last3:897] [CONTEXT log_prefix="ProvisioningEngineDataRetriever" thread_id=85 ]
03-25 15:43:17.923  6957  7581 I BugleRcsProvisioning: RcsAvailability configuration availability and enabled status: simId: redacted-pii:sim_id[chars:20,last3:897], SipConnectionType: DUAL_REG, isConfigurationAvailableAndEnabled: false
03-25 15:43:17.924  6957  7581 I BugleRcsProvisioning: Checking isConfigServerUrlAvailable with simId: redacted-pii:sim_id[chars:20,last3:897],
03-25 15:43:17.924  6957  7581 I BugleRcsEngine: getConfigServerUrl with simId: redacted-pii:sim_id[chars:20,last3:897] [CONTEXT log_prefix="ProvisioningServerUtil" thread_id=85 ]
03-25 15:43:17.924  6957  7581 I BugleRcsEngine: Using config server URL from cebl [CONTEXT log_prefix="ProvisioningServerUtil" thread_id=85 ]
03-25 15:43:17.925  6957  7422 I WM-WorkerWrapper: Worker result SUCCESS for Work [ id=29e2fb4d-c4c0-4011-b020-f31d1a174421, tags={ com.google.android.libraries.notifications.platform.entrypoints.job.GnpWorker,GNP_SDK_JOB } ]
03-25 15:43:17.925  6957  6957 D WM-Processor: qcu 29e2fb4d-c4c0-4011-b020-f31d1a174421 executed; reschedule = false
03-25 15:43:17.926  6957  6957 D WM-GreedyScheduler: Stopping tracking for WorkGenerationalId(workSpecId=29e2fb4d-c4c0-4011-b020-f31d1a174421, generation=0)
